*** Using Compiler 'V5.06 update 5 (build 528)', folder: 'D:\keil\ARM\ARMCC\Bin'
Build target 'Gimbal'
compiling bsp_VTM.c...
compiling stm32f4xx_it.c...
compiling Gimbal.c...
compiling bsp_can.c...
compiling ChassisSend.c...
compiling main.c...
compiling freertos.c...
compiling pc_serial.c...
compiling remote_control.c...
compiling DT7_Controller.c...
compiling KeyMouse.c...
compiling VTM_Controller.c...
compiling GimbalSystemID.c...
..\Application\src\GimbalSystemID.c(553): warning:  #177-D: function "Pitch_BuildAngleLayout"  was declared but never referenced
  static void Pitch_BuildAngleLayout(void)
..\Application\src\GimbalSystemID.c(581): warning:  #177-D: function "Pitch_BeginGravity"  was declared but never referenced
  static void Pitch_BeginGravity(void)
..\Application\src\GimbalSystemID.c(776): warning:  #177-D: function "Yaw_BeginBC"  was declared but never referenced
  static void Yaw_BeginBC(void)
..\Application\src\GimbalSystemID.c(1177): warning:  #177-D: function "Yaw_Run"  was declared but never referenced
  static void Yaw_Run(float dt)
..\Application\src\GimbalSystemID.c(1950): warning:  #177-D: function "Pitch_Run"  was declared but never referenced
  static void Pitch_Run(void)
..\Application\src\GimbalSystemID.c: 5 warnings, 0 errors
compiling lifting_control.c...
compiling Offline_Task.c...
compiling ActionTask.c...
compiling ChassisTask.c...
compiling GimbalTask.c...
linking...
Program Size: Code=88116 RO-data=4664 RW-data=1664 ZI-data=51168  
FromELF: creating hex file...
"Gimbal\Gimbal.axf" - 0 Error(s), 5 Warning(s).
Build Time Elapsed:  00:00:20
