Component: ARM Compiler 5.06 update 5 (build 528) Tool: armlink [4d35e2]

==============================================================================

Section Cross References

    startup_stm32f405xx.o(STACK) refers (Special) to heapauxi.o(.text) for __use_two_region_memory
    startup_stm32f405xx.o(HEAP) refers (Special) to heapauxi.o(.text) for __use_two_region_memory
    startup_stm32f405xx.o(RESET) refers (Special) to heapauxi.o(.text) for __use_two_region_memory
    startup_stm32f405xx.o(RESET) refers to startup_stm32f405xx.o(STACK) for __initial_sp
    startup_stm32f405xx.o(RESET) refers to startup_stm32f405xx.o(.text) for Reset_Handler
    startup_stm32f405xx.o(RESET) refers to stm32f4xx_it.o(i.NMI_Handler) for NMI_Handler
    startup_stm32f405xx.o(RESET) refers to stm32f4xx_it.o(i.HardFault_Handler) for HardFault_Handler
    startup_stm32f405xx.o(RESET) refers to stm32f4xx_it.o(i.MemManage_Handler) for MemManage_Handler
    startup_stm32f405xx.o(RESET) refers to stm32f4xx_it.o(i.BusFault_Handler) for BusFault_Handler
    startup_stm32f405xx.o(RESET) refers to stm32f4xx_it.o(i.UsageFault_Handler) for UsageFault_Handler
    startup_stm32f405xx.o(RESET) refers to port.o(.emb_text) for SVC_Handler
    startup_stm32f405xx.o(RESET) refers to stm32f4xx_it.o(i.DebugMon_Handler) for DebugMon_Handler
    startup_stm32f405xx.o(RESET) refers to port.o(i.SysTick_Handler) for SysTick_Handler
    startup_stm32f405xx.o(RESET) refers to stm32f4xx_it.o(i.DMA1_Stream2_IRQHandler) for DMA1_Stream2_IRQHandler
    startup_stm32f405xx.o(RESET) refers to stm32f4xx_it.o(i.DMA1_Stream4_IRQHandler) for DMA1_Stream4_IRQHandler
    startup_stm32f405xx.o(RESET) refers to stm32f4xx_it.o(i.DMA1_Stream6_IRQHandler) for DMA1_Stream6_IRQHandler
    startup_stm32f405xx.o(RESET) refers to stm32f4xx_it.o(i.CAN1_TX_IRQHandler) for CAN1_TX_IRQHandler
    startup_stm32f405xx.o(RESET) refers to stm32f4xx_it.o(i.CAN1_RX0_IRQHandler) for CAN1_RX0_IRQHandler
    startup_stm32f405xx.o(RESET) refers to stm32f4xx_it.o(i.CAN1_RX1_IRQHandler) for CAN1_RX1_IRQHandler
    startup_stm32f405xx.o(RESET) refers to stm32f4xx_it.o(i.USART2_IRQHandler) for USART2_IRQHandler
    startup_stm32f405xx.o(RESET) refers to stm32f4xx_it.o(i.TIM6_DAC_IRQHandler) for TIM6_DAC_IRQHandler
    startup_stm32f405xx.o(RESET) refers to stm32f4xx_it.o(i.CAN2_TX_IRQHandler) for CAN2_TX_IRQHandler
    startup_stm32f405xx.o(RESET) refers to stm32f4xx_it.o(i.CAN2_RX0_IRQHandler) for CAN2_RX0_IRQHandler
    startup_stm32f405xx.o(RESET) refers to stm32f4xx_it.o(i.CAN2_RX1_IRQHandler) for CAN2_RX1_IRQHandler
    startup_stm32f405xx.o(.text) refers (Special) to heapauxi.o(.text) for __use_two_region_memory
    startup_stm32f405xx.o(.text) refers to system_stm32f4xx.o(i.SystemInit) for SystemInit
    startup_stm32f405xx.o(.text) refers to __main.o(!!!main) for __main
    startup_stm32f405xx.o(.text) refers to startup_stm32f405xx.o(HEAP) for Heap_Mem
    startup_stm32f405xx.o(.text) refers to startup_stm32f405xx.o(STACK) for Stack_Mem
    main.o(i.HAL_TIM_PeriodElapsedCallback) refers to stm32f4xx_hal.o(i.HAL_IncTick) for HAL_IncTick
    main.o(i.Is_Motor_On_Check) refers to bsp_dwt.o(i.DWT_GetDeltaT) for DWT_GetDeltaT
    main.o(i.Is_Motor_On_Check) refers to stm32f4xx_hal.o(i.HAL_Delay) for HAL_Delay
    main.o(i.Is_Motor_On_Check) refers to debug.o(.bss) for global_debugger
    main.o(i.Is_Motor_On_Check) refers to chassiscontroller.o(.bss) for infantry
    main.o(i.SystemClock_Config) refers to rt_memclr_w.o(.text) for __aeabi_memclr4
    main.o(i.SystemClock_Config) refers to stm32f4xx_hal_rcc.o(i.HAL_RCC_OscConfig) for HAL_RCC_OscConfig
    main.o(i.SystemClock_Config) refers to main.o(i.Error_Handler) for Error_Handler
    main.o(i.SystemClock_Config) refers to stm32f4xx_hal_rcc.o(i.HAL_RCC_ClockConfig) for HAL_RCC_ClockConfig
    main.o(i.main) refers to stm32f4xx_hal.o(i.HAL_Init) for HAL_Init
    main.o(i.main) refers to main.o(i.SystemClock_Config) for SystemClock_Config
    main.o(i.main) refers to gpio.o(i.MX_GPIO_Init) for MX_GPIO_Init
    main.o(i.main) refers to dma.o(i.MX_DMA_Init) for MX_DMA_Init
    main.o(i.main) refers to can.o(i.MX_CAN1_Init) for MX_CAN1_Init
    main.o(i.main) refers to can.o(i.MX_CAN2_Init) for MX_CAN2_Init
    main.o(i.main) refers to usart.o(i.MX_USART2_UART_Init) for MX_USART2_UART_Init
    main.o(i.main) refers to i2c.o(i.MX_I2C2_Init) for MX_I2C2_Init
    main.o(i.main) refers to usart.o(i.MX_UART4_Init) for MX_UART4_Init
    main.o(i.main) refers to bsp_can.o(i.can_filter_init) for can_filter_init
    main.o(i.main) refers to bsp_dwt.o(i.DWT_Init) for DWT_Init
    main.o(i.main) refers to remote_control.o(i.initRemoteControl) for initRemoteControl
    main.o(i.main) refers to robot_config.o(i.setRobotType) for setRobotType
    main.o(i.main) refers to stm32f4xx_hal_uart.o(i.HAL_UART_Receive_DMA) for HAL_UART_Receive_DMA
    main.o(i.main) refers to freertos.o(i.MX_FREERTOS_Init) for MX_FREERTOS_Init
[...]
    HAL_CAN_Init                             0x0800229d   Thumb Code   372  stm32f4xx_hal_can.o(i.HAL_CAN_Init)
    HAL_CAN_MspInit                          0x08002411   Thumb Code   396  can.o(i.HAL_CAN_MspInit)
    HAL_CAN_RxFifo0FullCallback              0x080025b5   Thumb Code     2  stm32f4xx_hal_can.o(i.HAL_CAN_RxFifo0FullCallback)
    HAL_CAN_RxFifo0MsgPendingCallback        0x080025b7   Thumb Code    32  bsp_can.o(i.HAL_CAN_RxFifo0MsgPendingCallback)
    HAL_CAN_RxFifo1FullCallback              0x080025d7   Thumb Code     2  stm32f4xx_hal_can.o(i.HAL_CAN_RxFifo1FullCallback)
    HAL_CAN_RxFifo1MsgPendingCallback        0x080025d9   Thumb Code    32  bsp_can.o(i.HAL_CAN_RxFifo1MsgPendingCallback)
    HAL_CAN_SleepCallback                    0x080025f9   Thumb Code     2  stm32f4xx_hal_can.o(i.HAL_CAN_SleepCallback)
    HAL_CAN_Start                            0x080025fb   Thumb Code    94  stm32f4xx_hal_can.o(i.HAL_CAN_Start)
    HAL_CAN_TxMailbox0AbortCallback          0x08002659   Thumb Code     2  stm32f4xx_hal_can.o(i.HAL_CAN_TxMailbox0AbortCallback)
    HAL_CAN_TxMailbox0CompleteCallback       0x0800265b   Thumb Code     2  stm32f4xx_hal_can.o(i.HAL_CAN_TxMailbox0CompleteCallback)
    HAL_CAN_TxMailbox1AbortCallback          0x0800265d   Thumb Code     2  stm32f4xx_hal_can.o(i.HAL_CAN_TxMailbox1AbortCallback)
    HAL_CAN_TxMailbox1CompleteCallback       0x0800265f   Thumb Code     2  stm32f4xx_hal_can.o(i.HAL_CAN_TxMailbox1CompleteCallback)
    HAL_CAN_TxMailbox2AbortCallback          0x08002661   Thumb Code     2  stm32f4xx_hal_can.o(i.HAL_CAN_TxMailbox2AbortCallback)
    HAL_CAN_TxMailbox2CompleteCallback       0x08002663   Thumb Code     2  stm32f4xx_hal_can.o(i.HAL_CAN_TxMailbox2CompleteCallback)
    HAL_CAN_WakeUpFromRxMsgCallback          0x08002665   Thumb Code     2  stm32f4xx_hal_can.o(i.HAL_CAN_WakeUpFromRxMsgCallback)
    HAL_DMA_Abort                            0x08002667   Thumb Code   172  stm32f4xx_hal_dma.o(i.HAL_DMA_Abort)
    HAL_DMA_Abort_IT                         0x08002713   Thumb Code    40  stm32f4xx_hal_dma.o(i.HAL_DMA_Abort_IT)
    HAL_DMA_IRQHandler                       0x0800273d   Thumb Code   570  stm32f4xx_hal_dma.o(i.HAL_DMA_IRQHandler)
    HAL_DMA_Init                             0x0800297d   Thumb Code   232  stm32f4xx_hal_dma.o(i.HAL_DMA_Init)
    HAL_DMA_Start_IT                         0x08002a69   Thumb Code   146  stm32f4xx_hal_dma.o(i.HAL_DMA_Start_IT)
    HAL_GPIO_Init                            0x08002afd   Thumb Code   454  stm32f4xx_hal_gpio.o(i.HAL_GPIO_Init)
    HAL_GetTick                              0x08002cf1   Thumb Code     6  stm32f4xx_hal.o(i.HAL_GetTick)
    HAL_I2C_Init                             0x08002cfd   Thumb Code   446  stm32f4xx_hal_i2c.o(i.HAL_I2C_Init)
    HAL_I2C_MspInit                          0x08002ecd   Thumb Code   152  i2c.o(i.HAL_I2C_MspInit)
    HAL_IncTick                              0x08002f71   Thumb Code    16  stm32f4xx_hal.o(i.HAL_IncTick)
    HAL_Init                                 0x08002f89   Thumb Code    54  stm32f4xx_hal.o(i.HAL_Init)
    HAL_InitTick                             0x08002fc5   Thumb Code   160  stm32f4xx_hal_timebase_tim.o(i.HAL_InitTick)
    HAL_MspInit                              0x08003079   Thumb Code    78  stm32f4xx_hal_msp.o(i.HAL_MspInit)
    HAL_NVIC_EnableIRQ                       0x080030cd   Thumb Code    40  stm32f4xx_hal_cortex.o(i.HAL_NVIC_EnableIRQ)
    HAL_NVIC_SetPriority                     0x080030f5   Thumb Code   124  stm32f4xx_hal_cortex.o(i.HAL_NVIC_SetPriority)
    HAL_NVIC_SetPriorityGrouping             0x08003171   Thumb Code    32  stm32f4xx_hal_cortex.o(i.HAL_NVIC_SetPriorityGrouping)
    HAL_RCC_ClockConfig                      0x08003199   Thumb Code   368  stm32f4xx_hal_rcc.o(i.HAL_RCC_ClockConfig)
    HAL_RCC_GetClockConfig                   0x0800331d   Thumb Code    58  stm32f4xx_hal_rcc.o(i.HAL_RCC_GetClockConfig)
    HAL_RCC_GetHCLKFreq                      0x08003361   Thumb Code     6  stm32f4xx_hal_rcc.o(i.HAL_RCC_GetHCLKFreq)
    HAL_RCC_GetPCLK1Freq                     0x0800336d   Thumb Code    22  stm32f4xx_hal_rcc.o(i.HAL_RCC_GetPCLK1Freq)
    HAL_RCC_GetPCLK2Freq                     0x0800338d   Thumb Code    22  stm32f4xx_hal_rcc.o(i.HAL_RCC_GetPCLK2Freq)
    HAL_RCC_GetSysClockFreq                  0x080033ad   Thumb Code   162  stm32f4xx_hal_rcc.o(i.HAL_RCC_GetSysClockFreq)
    HAL_RCC_OscConfig                        0x0800345d   Thumb Code  1172  stm32f4xx_hal_rcc.o(i.HAL_RCC_OscConfig)
    HAL_TIMEx_BreakCallback                  0x080038f9   Thumb Code     2  stm32f4xx_hal_tim_ex.o(i.HAL_TIMEx_BreakCallback)
    HAL_TIMEx_CommutCallback                 0x080038fb   Thumb Code     2  stm32f4xx_hal_tim_ex.o(i.HAL_TIMEx_CommutCallback)
    HAL_TIM_Base_Init                        0x080038fd   Thumb Code   102  stm32f4xx_hal_tim.o(i.HAL_TIM_Base_Init)
    HAL_TIM_Base_MspInit                     0x08003963   Thumb Code     2  stm32f4xx_hal_tim.o(i.HAL_TIM_Base_MspInit)
    HAL_TIM_Base_Start_IT                    0x08003965   Thumb Code   138  stm32f4xx_hal_tim.o(i.HAL_TIM_Base_Start_IT)
    HAL_TIM_IC_CaptureCallback               0x08003a0d   Thumb Code     2  stm32f4xx_hal_tim.o(i.HAL_TIM_IC_CaptureCallback)
    HAL_TIM_IRQHandler                       0x08003a0f   Thumb Code   364  stm32f4xx_hal_tim.o(i.HAL_TIM_IRQHandler)
    HAL_TIM_OC_DelayElapsedCallback          0x08003b7b   Thumb Code     2  stm32f4xx_hal_tim.o(i.HAL_TIM_OC_DelayElapsedCallback)
    HAL_TIM_PWM_PulseFinishedCallback        0x08003b7d   Thumb Code     2  stm32f4xx_hal_tim.o(i.HAL_TIM_PWM_PulseFinishedCallback)
    HAL_TIM_PeriodElapsedCallback            0x08003b81   Thumb Code    18  main.o(i.HAL_TIM_PeriodElapsedCallback)
    HAL_TIM_TriggerCallback                  0x08003b99   Thumb Code     2  stm32f4xx_hal_tim.o(i.HAL_TIM_TriggerCallback)
    HAL_UARTEx_RxEventCallback               0x08003b9b   Thumb Code     2  stm32f4xx_hal_uart.o(i.HAL_UARTEx_RxEventCallback)
    HAL_UART_ErrorCallback                   0x08003b9d   Thumb Code     2  stm32f4xx_hal_uart.o(i.HAL_UART_ErrorCallback)
    HAL_UART_IRQHandler                      0x08003ba1   Thumb Code   772  stm32f4xx_hal_uart.o(i.HAL_UART_IRQHandler)
    HAL_UART_Init                            0x08003ea9   Thumb Code   118  stm32f4xx_hal_uart.o(i.HAL_UART_Init)
    HAL_UART_MspInit                         0x08003f21   Thumb Code   452  usart.o(i.HAL_UART_MspInit)
    HAL_UART_Receive_DMA                     0x08004109   Thumb Code    44  stm32f4xx_hal_uart.o(i.HAL_UART_Receive_DMA)
    HAL_UART_RxCpltCallback                  0x08004135   Thumb Code     2  stm32f4xx_hal_uart.o(i.HAL_UART_RxCpltCallback)
    HAL_UART_RxHalfCpltCallback              0x08004137   Thumb Code     2  stm32f4xx_hal_uart.o(i.HAL_UART_RxHalfCpltCallback)
    HAL_UART_Transmit_DMA                    0x08004139   Thumb Code   144  stm32f4xx_hal_uart.o(i.HAL_UART_Transmit_DMA)
    HAL_UART_TxCpltCallback                  0x080041d5   Thumb Code     2  stm32f4xx_hal_uart.o(i.HAL_UART_TxCpltCallback)
    HAL_UART_TxHalfCpltCallback              0x080041d7   Thumb Code     2  stm32f4xx_hal_uart.o(i.HAL_UART_TxHalfCpltCallback)
    HardFault_Handler                        0x080041d9   Thumb Code     4  stm32f4xx_it.o(i.HardFault_Handler)
    HeatUpdate                               0x080041dd   Thumb Code   120  heatcontrol.o(i.HeatUpdate)
    InfantryInit                             0x0800425d   Thumb Code    78  chassiscontroller.o(i.InfantryInit)
    LossJudge                                0x080042b5   Thumb Code     8  debug.o(i.LossJudge)
    LossUpdate                               0x080042bd   Thumb Code    58  debug.o(i.LossUpdate)
    M3508_Decode                             0x080042f9   Thumb Code   468  m3508.o(i.M3508_Decode)
    M3508_SendPack                           0x080044d9   Thumb Code   200  m3508.o(i.M3508_SendPack)
    MX_CAN1_Init                             0x080045ad   Thumb Code    66  can.o(i.MX_CAN1_Init)
    MX_CAN2_Init                             0x080045f9   Thumb Code    66  can.o(i.MX_CAN2_Init)
    MX_DMA_Init                              0x08004645   Thumb Code    84  dma.o(i.MX_DMA_Init)
    MX_FREERTOS_Init                         0x0800469d   Thumb Code   174  freertos.o(i.MX_FREERTOS_Init)
    MX_GPIO_Init                             0x0800476d   Thumb Code   126  gpio.o(i.MX_GPIO_Init)
    MX_I2C2_Init                             0x080047f1   Thumb Code    48  i2c.o(i.MX_I2C2_Init)
    MX_UART4_Init                            0x0800482d   Thumb Code    46  usart.o(i.MX_UART4_Init)
    MX_USART2_UART_Init                      0x08004865   Thumb Code    46  usart.o(i.MX_USART2_UART_Init)
    MemManage_Handler                        0x0800489d   Thumb Code     4  stm32f4xx_it.o(i.MemManage_Handler)
    NMI_Handler                              0x080048a1   Thumb Code     4  stm32f4xx_it.o(i.NMI_Handler)
    NingCapControl                           0x080048a5   Thumb Code    50  ningcap.o(i.NingCapControl)
    OLS_Derivative                           0x080048dd   Thumb Code   452  user_lib.o(i.OLS_Derivative)
    OLS_Init                                 0x08004aa9   Thumb Code    72  user_lib.o(i.OLS_Init)
    Offline_task                             0x08004af5   Thumb Code   348  offline_task.o(i.Offline_task)
    PID_Calculate                            0x08004c59   Thumb Code   630  pid.o(i.PID_Calculate)
    PID_Init                                 0x08004ed1   Thumb Code   160  pid.o(i.PID_Init)
    PowerControlTask                         0x08004f75   Thumb Code   292  powercontroltask.o(i.PowerControlTask)
    PowerLimit                               0x080050c1   Thumb Code  1494  powerlimit.o(i.PowerLimit)
    PowerLimitInit                           0x08005699   Thumb Code   116  powerlimit.o(i.PowerLimitInit)
    RC_Rst                                   0x08005715   Thumb Code    50  remote_control.o(i.RC_Rst)
    REFEREE_SendBytes                        0x0800574d   Thumb Code    28  bsp_referee.o(i.REFEREE_SendBytes)
    RLS_Init                                 0x08005771   Thumb Code  1294  rls_identification.o(i.RLS_Init)
    RLS_Update                               0x08005c7f   Thumb Code   332  rls_identification.o(i.RLS_Update)
    RefereeOutputControl                     0x08005dcd   Thumb Code   214  ningcap.o(i.RefereeOutputControl)
    Referee_SolveFifoData                    0x08005eb5   Thumb Code   398  referee.o(i.Referee_SolveFifoData)
    Referee_UnpackFifoData                   0x08006055   Thumb Code   744  referee.o(i.Referee_UnpackFifoData)
    Refereetask                              0x08006355   Thumb Code  2628  refereetask.o(i.Refereetask)
    SendCapPack                              0x08006dc1   Thumb Code    28  ningcap.o(i.SendCapPack)
    SendToGimbalPack                         0x08006de1   Thumb Code    32  gimbaltask.o(i.SendToGimbalPack)
    Sqrt                                     0x08006e11   Thumb Code    96  user_lib.o(i.Sqrt)
    StartDefaultTask                         0x08006e79   Thumb Code    10  freertos.o(i.StartDefaultTask)
    SysTick_Handler                          0x08006e85   Thumb Code    46  port.o(i.SysTick_Handler)
    SystemClock_Config                       0x08006eb9   Thumb Code   174  main.o(i.SystemClock_Config)
    SystemInit                               0x08006f71   Thumb Code    14  system_stm32f4xx.o(i.SystemInit)
    TD_Calculate                             0x08006f85   Thumb Code   774  td.o(i.TD_Calculate)
    TD_Clear                                 0x080072b5   Thumb Code    38  td.o(i.TD_Clear)
    TD_Init                                  0x080072e1   Thumb Code    50  td.o(i.TD_Init)
    TIM6_DAC_IRQHandler                      0x08007319   Thumb Code    10  stm32f4xx_it.o(i.TIM6_DAC_IRQHandler)
    TIM_Base_SetConfig                       0x08007329   Thumb Code   178  stm32f4xx_hal_tim.o(i.TIM_Base_SetConfig)
    UART_Start_Receive_DMA                   0x08007985   Thumb Code   202  stm32f4xx_hal_uart.o(i.UART_Start_Receive_DMA)
    UI_Draw_Float                            0x08007abd   Thumb Code   216  referee.o(i.UI_Draw_Float)
    UI_Draw_Line                             0x08007b99   Thumb Code   150  referee.o(i.UI_Draw_Line)
    UI_Draw_Rectangle                        0x08007c2f   Thumb Code   154  referee.o(i.UI_Draw_Rectangle)
    UI_Draw_String                           0x08007cc9   Thumb Code   164  referee.o(i.UI_Draw_String)
    UI_PushUp_Graphs                         0x08007d6d   Thumb Code   276  referee.o(i.UI_PushUp_Graphs)
    UI_PushUp_String                         0x08007e81   Thumb Code    80  referee.o(i.UI_PushUp_String)
    USART2_IRQHandler                        0x08007ed1   Thumb Code    10  stm32f4xx_it.o(i.USART2_IRQHandler)
    UsageFault_Handler                       0x08007ee1   Thumb Code     4  stm32f4xx_it.o(i.UsageFault_Handler)
    Verify_CRC16_Check_Sum                   0x08007ee5   Thumb Code    60  algorithmofcrc.o(i.Verify_CRC16_Check_Sum)
    Verify_CRC8_Check_Sum                    0x08007f25   Thumb Code    50  algorithmofcrc.o(i.Verify_CRC8_Check_Sum)
    ZeroCheck                                0x08007f5d   Thumb Code   170  zerocheck.o(i.ZeroCheck)
    __hardfp_fabs                            0x08008049   Thumb Code    20  fabs.o(i.__hardfp_fabs)
    __hardfp_sqrt                            0x0800805d   Thumb Code   122  sqrt.o(i.__hardfp_sqrt)
    angle_z_err_get                          0x080080d9   Thumb Code  1552  chassiscontroller.o(i.angle_z_err_get)
    can_filter_init                          0x080086f9   Thumb Code   280  bsp_can.o(i.can_filter_init)
    chassis_follow_control                   0x08008819   Thumb Code    24  chassiscontroller.o(i.chassis_follow_control)
    chassis_not_follow_control               0x08008831   Thumb Code    24  chassiscontroller.o(i.chassis_not_follow_control)
    chassis_powerdown_control                0x08008849   Thumb Code   132  chassiscontroller.o(i.chassis_powerdown_control)
    chassis_rotate_control                   0x080088d1   Thumb Code    24  chassiscontroller.o(i.chassis_rotate_control)
    drawCapBar                               0x080088e9   Thumb Code   132  refereetask.o(i.drawCapBar)
    execute_control                          0x08008979   Thumb Code   118  chassiscontroller.o(i.execute_control)
    getCapEnergy                             0x08008e69   Thumb Code   122  ningcap.o(i.getCapEnergy)
    getDir                                   0x08008ef9   Thumb Code    58  chassiscontroller.o(i.getDir)
    get_sensors_info                         0x08008f41   Thumb Code   102  chassiscontroller.o(i.get_sensors_info)
    iir                                      0x08008fb5   Thumb Code    26  my_filter.o(i.iir)
    initRemoteControl                        0x08008fcf   Thumb Code    24  remote_control.o(i.initRemoteControl)
    limit_angle                              0x08008fe9   Thumb Code   172  chassiscontroller.o(i.limit_angle)
    main                                     0x080090b1   Thumb Code    80  main.o(i.main)
    main_control                             0x08009109   Thumb Code    58  chassiscontroller.o(i.main_control)
    mecanum_chassis_control                  0x08009159   Thumb Code   172  mecanum.o(i.mecanum_chassis_control)
    mecanum_follow_control                   0x08009215   Thumb Code   286  mecanum.o(i.mecanum_follow_control)
    mecanum_inv_kinematics                   0x08009349   Thumb Code   204  mecanum.o(i.mecanum_inv_kinematics)
    mecanum_pid_init                         0x08009425   Thumb Code   358  mecanum.o(i.mecanum_pid_init)
    mecanum_pos_kinematics                   0x080095b9   Thumb Code   160  mecanum.o(i.mecanum_pos_kinematics)
    mecanum_rotate_control                   0x08009669   Thumb Code   172  mecanum.o(i.mecanum_rotate_control)
    osDelay                                  0x08009721   Thumb Code    24  cmsis_os.o(i.osDelay)
    osKernelStart                            0x08009739   Thumb Code    10  cmsis_os.o(i.osKernelStart)
    osThreadCreate                           0x08009743   Thumb Code    94  cmsis_os.o(i.osThreadCreate)
    power_fit_init                           0x080097a1   Thumb Code    92  powerlimit.o(i.power_fit_init)
    power_fitting                            0x08009809   Thumb Code   338  powerlimit.o(i.power_fitting)
    pvPortMalloc                             0x0800a3b9   Thumb Code   306  heap_4.o(i.pvPortMalloc)
    pxPortInitialiseStack                    0x0800a505   Thumb Code    38  port.o(i.pxPortInitialiseStack)
    setControlMode                           0x0800a531   Thumb Code     6  remote_control.o(i.setControlMode)
    setControlModeAction                     0x0800a53d   Thumb Code    22  remote_control.o(i.setControlModeAction)
    setGimbalAction                          0x0800a559   Thumb Code    14  remote_control.o(i.setGimbalAction)
    setGimbalPosition                        0x0800a56d   Thumb Code     6  remote_control.o(i.setGimbalPosition)
    setRobotState                            0x0800a579   Thumb Code    32  remote_control.o(i.setRobotState)
    setRobotType                             0x0800a59d   Thumb Code    42  robot_config.o(i.setRobotType)
    setSuperPower                            0x0800a5cd   Thumb Code     6  remote_control.o(i.setSuperPower)
    set_robot_speed                          0x0800a5d9   Thumb Code   254  chassiscontroller.o(i.set_robot_speed)
    sign                                     0x0800a6f1   Thumb Code    26  user_lib.o(i.sign)
    uxListRemove                             0x0800a70b   Thumb Code    40  list.o(i.uxListRemove)
    vApplicationGetIdleTaskMemory            0x0800a735   Thumb Code    14  freertos.o(i.vApplicationGetIdleTaskMemory)
    vApplicationGetTimerTaskMemory           0x0800a74d   Thumb Code    16  freertos.o(i.vApplicationGetTimerTaskMemory)
    vListInitialise                          0x0800a765   Thumb Code    26  list.o(i.vListInitialise)
    vListInitialiseItem                      0x0800a77f   Thumb Code     6  list.o(i.vListInitialiseItem)
    vListInsert                              0x0800a785   Thumb Code    52  list.o(i.vListInsert)
    vListInsertEnd                           0x0800a7b9   Thumb Code    24  list.o(i.vListInsertEnd)
    vPortEnterCritical                       0x0800a7d1   Thumb Code    76  port.o(i.vPortEnterCritical)
    vPortExitCritical                        0x0800a825   Thumb Code    56  port.o(i.vPortExitCritical)
    vPortFree                                0x0800a861   Thumb Code   150  heap_4.o(i.vPortFree)
    vPortSetupTimerInterrupt                 0x0800a905   Thumb Code    36  port.o(i.vPortSetupTimerInterrupt)
    vPortValidateInterruptPriority           0x0800a92d   Thumb Code   106  port.o(i.vPortValidateInterruptPriority)
    vQueueAddToRegistry                      0x0800a9a5   Thumb Code    38  queue.o(i.vQueueAddToRegistry)
    vQueueWaitForMessageRestricted           0x0800a9d1   Thumb Code    74  queue.o(i.vQueueWaitForMessageRestricted)
    vTaskDelay                               0x0800aa1d   Thumb Code    82  tasks.o(i.vTaskDelay)
    vTaskDelayUntil                          0x0800aa79   Thumb Code   200  tasks.o(i.vTaskDelayUntil)
    vTaskInternalSetTimeOutState             0x0800ab4d   Thumb Code    14  tasks.o(i.vTaskInternalSetTimeOutState)
    vTaskMissedYield                         0x0800ab65   Thumb Code     8  tasks.o(i.vTaskMissedYield)
    vTaskPlaceOnEventList                    0x0800ab71   Thumb Code    52  tasks.o(i.vTaskPlaceOnEventList)
    vTaskPlaceOnEventListRestricted          0x0800aba9   Thumb Code    60  tasks.o(i.vTaskPlaceOnEventListRestricted)
    vTaskStartScheduler                      0x0800abe9   Thumb Code   156  tasks.o(i.vTaskStartScheduler)
    vTaskSuspendAll                          0x0800aca1   Thumb Code    12  tasks.o(i.vTaskSuspendAll)
    vTaskSwitchContext                       0x0800acb1   Thumb Code   118  tasks.o(i.vTaskSwitchContext)
    wheels_accel                             0x0800ad3d   Thumb Code    90  chassiscontroller.o(i.wheels_accel)
    wheels_power_limit                       0x0800ad99   Thumb Code   350  chassiscontroller.o(i.wheels_power_limit)
    wireless_init                            0x0800af0d   Thumb Code    14  wireless.o(i.wireless_init)
    xPortStartScheduler                      0x0800af25   Thumb Code   330  port.o(i.xPortStartScheduler)
    xQueueGenericCreateStatic                0x0800b08d   Thumb Code   224  queue.o(i.xQueueGenericCreateStatic)
    xQueueGenericReset                       0x0800b16d   Thumb Code   146  queue.o(i.xQueueGenericReset)
    xQueueGenericSend                        0x0800b205   Thumb Code   420  queue.o(i.xQueueGenericSend)
    xQueueGenericSendFromISR                 0x0800b3ad   Thumb Code   252  queue.o(i.xQueueGenericSendFromISR)
    xQueueReceive                            0x0800b4a9   Thumb Code   356  queue.o(i.xQueueReceive)
    xTaskCheckForTimeOut                     0x0800b611   Thumb Code   156  tasks.o(i.xTaskCheckForTimeOut)
    xTaskCreate                              0x0800b6b9   Thumb Code   100  tasks.o(i.xTaskCreate)
    xTaskCreateStatic                        0x0800b71d   Thumb Code   186  tasks.o(i.xTaskCreateStatic)
    xTaskGetSchedulerState                   0x0800b7d9   Thumb Code    24  tasks.o(i.xTaskGetSchedulerState)
    xTaskGetTickCount                        0x0800b7f9   Thumb Code     6  tasks.o(i.xTaskGetTickCount)
    xTaskIncrementTick                       0x0800b805   Thumb Code   282  tasks.o(i.xTaskIncrementTick)
    xTaskPriorityDisinherit                  0x0800b94d   Thumb Code   188  tasks.o(i.xTaskPriorityDisinherit)
    xTaskRemoveFromEventList                 0x0800ba15   Thumb Code   128  tasks.o(i.xTaskRemoveFromEventList)
    xTaskResumeAll                           0x0800baad   Thumb Code   224  tasks.o(i.xTaskResumeAll)
    xTimerCreateTimerTask                    0x0800bbb1   Thumb Code   100  timers.o(i.xTimerCreateTimerTask)
    xTimerGenericCommand                     0x0800bc29   Thumb Code   128  timers.o(i.xTimerGenericCommand)
    __aeabi_d2f                              0x0800bcad   Thumb Code     0  d2f.o(x$fpl$d2f)
    _d2f                                     0x0800bcad   Thumb Code    98  d2f.o(x$fpl$d2f)
    __aeabi_dadd                             0x0800bd11   Thumb Code     0  daddsub_clz.o(x$fpl$dadd)
    _dadd                                    0x0800bd11   Thumb Code   332  daddsub_clz.o(x$fpl$dadd)
    __fpl_dcmp_Inf                           0x0800be61   Thumb Code    24  dcmpi.o(x$fpl$dcmpinf)
    __aeabi_cdcmple                          0x0800be79   Thumb Code     0  dleqf.o(x$fpl$dleqf)
    _dcmple                                  0x0800be79   Thumb Code   120  dleqf.o(x$fpl$dleqf)
    __fpl_dcmple_InfNaN                      0x0800bedb   Thumb Code     0  dleqf.o(x$fpl$dleqf)
    __aeabi_dmul                             0x0800bef1   Thumb Code     0  dmul.o(x$fpl$dmul)
    _dmul                                    0x0800bef1   Thumb Code   332  dmul.o(x$fpl$dmul)
    __fpl_dnaninf                            0x0800c045   Thumb Code   156  dnaninf.o(x$fpl$dnaninf)
    __fpl_dretinf                            0x0800c0e1   Thumb Code    12  dretinf.o(x$fpl$dretinf)
    __aeabi_cdrcmple                         0x0800c0ed   Thumb Code     0  drleqf.o(x$fpl$drleqf)
    _drcmple                                 0x0800c0ed   Thumb Code   108  drleqf.o(x$fpl$drleqf)
    _dsqrt                                   0x0800c159   Thumb Code   404  dsqrt_umaal.o(x$fpl$dsqrt)
    __aeabi_dsub                             0x0800c2f1   Thumb Code     0  daddsub_clz.o(x$fpl$dsub)
    _dsub                                    0x0800c2f1   Thumb Code   464  daddsub_clz.o(x$fpl$dsub)
    __aeabi_f2d                              0x0800c4c5   Thumb Code     0  f2d.o(x$fpl$f2d)
    _f2d                                     0x0800c4c5   Thumb Code    86  f2d.o(x$fpl$f2d)
    __fpl_fnaninf                            0x0800c51b   Thumb Code   140  fnaninf.o(x$fpl$fnaninf)
    _fp_init                                 0x0800c5a7   Thumb Code    10  fpinit.o(x$fpl$fpinit)
    __fplib_config_fpu_vfp                   0x0800c5af   Thumb Code     0  fpinit.o(x$fpl$fpinit)
    __fplib_config_pureend_doubles           0x0800c5af   Thumb Code     0  fpinit.o(x$fpl$fpinit)
    __fpl_fretinf                            0x0800c5b1   Thumb Code    10  fretinf.o(x$fpl$fretinf)
    __I$use$fp                               0x0800c5ba   Number         0  usenofp.o(x$fpl$usenofp)
    AHBPrescTable                            0x0800c688   Data          16  system_stm32f4xx.o(.constdata)
    APBPrescTable                            0x0800c698   Data           8  system_stm32f4xx.o(.constdata)
    wCRC_Table                               0x0800c6a0   Data         512  algorithmofcrc.o(.constdata)
    CRC8_INIT                                0x0800c8a0   Data           1  algorithmofcrc.o(.constdata)
    CRC8_TAB                                 0x0800c8a1   Data         256  algorithmofcrc.o(.constdata)
    sinTable_f32                             0x0800ca04   Data        2052  arm_common_tables.o(.rodata.sinTable_f32)
    Region$$Table$$Base                      0x0800d208   Number         0  anon$$obj.o(Region$$Table)
    Region$$Table$$Limit                     0x0800d228   Number         0  anon$$obj.o(Region$$Table)
    defaultTaskHandle                        0x20000000   Data           4  freertos.o(.data)
    offline_taskHandle                       0x20000004   Data           4  freertos.o(.data)
    gimbalTaskHandle                         0x20000008   Data           4  freertos.o(.data)
    powerControlTasHandle                    0x2000000c   Data           4  freertos.o(.data)
    refereetaskHandle                        0x20000010   Data           4  freertos.o(.data)
    _ChassisCtrlHandle                       0x20000014   Data           4  freertos.o(.data)
    BlueToothHandle                          0x20000018   Data           4  freertos.o(.data)
    uwTick                                   0x20000020   Data           4  stm32f4xx_hal.o(.data)
    uwTickPrio                               0x20000024   Data           4  stm32f4xx_hal.o(.data)
    uwTickFreq                               0x20000028   Data           1  stm32f4xx_hal.o(.data)
    SystemCoreClock                          0x2000002c   Data           4  system_stm32f4xx.o(.data)
    pxCurrentTCB                             0x20000030   Data           4  tasks.o(.data)
    CYCCNT64                                 0x200000c8   Data           8  bsp_dwt.o(.data)
    UI_FRONT_ERR                             0x200000e8   Data           4  chassiscontroller.o(.data)
    UI_FRONT_SIN                             0x200000ec   Data           4  chassiscontroller.o(.data)
    UI_FRONT_COS                             0x200000f0   Data           4  chassiscontroller.o(.data)
    dir                                      0x200000f4   Data           1  chassiscontroller.o(.data)
    err                                      0x200000f8   Data           4  chassiscontroller.o(.data)
    test_power                               0x200000fc   Data           4  chassiscontroller.o(.data)
    gimbal_receiver_pack1                    0x20000100   Data           8  gimbalreceive.o(.data)
    gimbal_receiver_pack2                    0x20000108   Data           8  gimbalreceive.o(.data)
    gimbal_receive_1_update                  0x20000110   Data           1  gimbalreceive.o(.data)
    gimbal_receive_2_update                  0x20000111   Data           1  gimbalreceive.o(.data)
    gimbal_receive_3_update                  0x20000112   Data           1  gimbalreceive.o(.data)
    jump_up_cnt                              0x20000114   Data           2  gimbalreceive.o(.data)
    transition_mode_counter                  0x20000118   Data           4  gimbalreceive.o(.data)
    gimbal_pack_send_1                       0x2000011c   Data           8  gimbalsend.o(.data)
    gimbal_pack_send_2                       0x20000124   Data           8  gimbalsend.o(.data)
    cap_send_data                            0x2000012c   Data           8  ningcap.o(.data)
    cap_recv_data                            0x20000134   Data           8  ningcap.o(.data)
    referee_data_updater                     0x2000013c   Data           2  referee.o(.data)
    Radar_double_hurt_chance                 0x2000013e   Data           1  referee.o(.data)
    wireless_charge                          0x20000140   Data           2  wireless.o(.data)
    wireless_send_data                       0x20000142   Data           8  wireless.o(.data)
    wireless_recv_data                       0x2000014a   Data           8  wireless.o(.data)
    DT                                       0x20000154   Data           4  refereetask.o(.data)
    UI_PushUp_Counter                        0x20000158   Data           2  refereetask.o(.data)
    Interval                                 0x200001bc   Data           4  powercontroltask.o(.data)
    timtim                                   0x200001c0   Data           4  powercontroltask.o(.data)
    send_to_gimbal_data_1                    0x200001c8   Data           8  gimbaltask.o(.data)
    send_to_gimbal_data_2                    0x200001d0   Data           8  gimbaltask.o(.data)
    CRC_INIT                                 0x20000448   Data           2  algorithmofcrc.o(.data)
    sss                                      0x2000044a   Data           2  algorithmofcrc.o(.data)
    hcan1                                    0x20000b00   Data          40  can.o(.bss)
    hcan2                                    0x20000b28   Data          40  can.o(.bss)
    hi2c2                                    0x20000b50   Data          84  i2c.o(.bss)
    huart4                                   0x20000ba4   Data          72  usart.o(.bss)
    huart2                                   0x20000bec   Data          72  usart.o(.bss)
    hdma_uart4_rx                            0x20000c34   Data          96  usart.o(.bss)
    hdma_uart4_tx                            0x20000c94   Data          96  usart.o(.bss)
    hdma_usart2_tx                           0x20000cf4   Data          96  usart.o(.bss)
    htim6                                    0x20000d54   Data          72  stm32f4xx_hal_timebase_tim.o(.bss)
    xQueueRegistry                           0x20000d9c   Data          64  queue.o(.bss)
    Refereebuffer                            0x200094ac   Data        4096  bsp_referee.o(.bss)
    SendToReferee_Buff                       0x2000a4ac   Data         128  bsp_referee.o(.bss)
    infantry                                 0x2000a530   Data        3968  chassiscontroller.o(.bss)
    remote_controller                        0x2000b4b0   Data          47  remote_control.o(.bss)
    power_rls                                0x2000b4e0   Data         240  powerlimit.o(.bss)
    cap_controller                           0x2000b5d0   Data          32  ningcap.o(.bss)
    referee_data                             0x2000b5f0   Data         568  referee.o(.bss)
    fullDataBuffer                           0x2000b828   Data          45  referee.o(.bss)
    heat_controller                          0x2000b858   Data          32  heatcontrol.o(.bss)
    offline_detector                         0x2000b878   Data          38  offline_task.o(.bss)
    global_debugger                          0x2000b8a0   Data         264  debug.o(.bss)
    Ozone                                    0x2000b9a8   Data          32  debug.o(.bss)
    __libspace_start                         0x2000b9c8   Data          96  libspace.o(.bss)
    __temporary_stack_top$libspace           0x2000ba28   Data           0  libspace.o(.bss)



==============================================================================

Memory Map of the image

  Image Entry point : 0x08000189

  Load Region LR_IROM1 (Base: 0x08000000, Size: 0x0000d680, Max: 0x00100000, ABSOLUTE, COMPRESSED[0x0000d2e4])

    Execution Region ER_IROM1 (Exec base: 0x08000000, Load base: 0x08000000, Size: 0x0000d228, Max: 0x00100000, ABSOLUTE)

    Exec Addr    Load Addr    Size         Type   Attr      Idx    E Section Name        Object

    0x08000000   0x08000000   0x00000188   Data   RO            3    RESET               startup_stm32f405xx.o
    0x08000188   0x08000188   0x00000008   Code   RO         7577  * !!!main             c_w.l(__main.o)
    0x08000190   0x08000190   0x00000034   Code   RO         7926    !!!scatter          c_w.l(__scatter.o)
    0x080001c4   0x080001c4   0x0000005a   Code   RO         7924    !!dczerorl2         c_w.l(__dczerorl2.o)
    0x0800021e   0x0800021e   0x00000002   PAD
    0x08000220   0x08000220   0x0000001c   Code   RO         7928    !!handler_zi        c_w.l(__scatter_zi.o)
    0x0800023c   0x0800023c   0x00000002   Code   RO         7863    .ARM.Collect$$libinit$$00000000  c_w.l(libinit.o)
    0x0800023e   0x0800023e   0x00000004   Code   RO         7703    .ARM.Collect$$libinit$$00000001  c_w.l(libinit2.o)
    0x08000242   0x08000242   0x00000000   Code   RO         7706    .ARM.Collect$$libinit$$00000004  c_w.l(libinit2.o)
    0x08000242   0x08000242   0x00000008   Code   RO         7707    .ARM.Collect$$libinit$$00000005  c_w.l(libinit2.o)
    0x0800024a   0x0800024a   0x00000000   Code   RO         7709    .ARM.Collect$$libinit$$0000000A  c_w.l(libinit2.o)
    0x0800024a   0x0800024a   0x00000000   Code   RO         7711    .ARM.Collect$$libinit$$0000000C  c_w.l(libinit2.o)
    0x0800024a   0x0800024a   0x00000000   Code   RO         7713    .ARM.Collect$$libinit$$0000000E  c_w.l(libinit2.o)
    0x0800024a   0x0800024a   0x00000000   Code   RO         7716    .ARM.Collect$$libinit$$00000011  c_w.l(libinit2.o)
    0x0800024a   0x0800024a   0x00000000   Code   RO         7718    .ARM.Collect$$libinit$$00000013  c_w.l(libinit2.o)
    0x0800024a   0x0800024a   0x00000000   Code   RO         7720    .ARM.Collect$$libinit$$00000015  c_w.l(libinit2.o)
    0x0800024a   0x0800024a   0x00000000   Code   RO         7722    .ARM.Collect$$libinit$$00000017  c_w.l(libinit2.o)
    0x0800024a   0x0800024a   0x00000000   Code   RO         7724    .ARM.Collect$$libinit$$00000019  c_w.l(libinit2.o)
    0x0800024a   0x0800024a   0x00000000   Code   RO         7726    .ARM.Collect$$libinit$$0000001B  c_w.l(libinit2.o)
    0x0800024a   0x0800024a   0x00000000   Code   RO         7728    .ARM.Collect$$libinit$$0000001D  c_w.l(libinit2.o)
    0x0800024a   0x0800024a   0x00000000   Code   RO         7730    .ARM.Collect$$libinit$$0000001F  c_w.l(libinit2.o)
    0x0800024a   0x0800024a   0x00000000   Code   RO         7732    .ARM.Collect$$libinit$$00000021  c_w.l(libinit2.o)
    0x0800024a   0x0800024a   0x00000000   Code   RO         7734    .ARM.Collect$$libinit$$00000023  c_w.l(libinit2.o)
    0x0800024a   0x0800024a   0x00000000   Code   RO         7736    .ARM.Collect$$libinit$$00000025  c_w.l(libinit2.o)
    0x0800024a   0x0800024a   0x00000000   Code   RO         7740    .ARM.Collect$$libinit$$0000002C  c_w.l(libinit2.o)
    0x0800024a   0x0800024a   0x00000000   Code   RO         7742    .ARM.Collect$$libinit$$0000002E  c_w.l(libinit2.o)
    0x0800024a   0x0800024a   0x00000000   Code   RO         7744    .ARM.Collect$$libinit$$00000030  c_w.l(libinit2.o)
    0x0800024a   0x0800024a   0x00000000   Code   RO         7746    .ARM.Collect$$libinit$$00000032  c_w.l(libinit2.o)
    0x0800024a   0x0800024a   0x00000002   Code   RO         7747    .ARM.Collect$$libinit$$00000033  c_w.l(libinit2.o)
    0x0800024c   0x0800024c   0x00000002   Code   RO         7921    .ARM.Collect$$libshutdown$$00000000  c_w.l(libshutdown.o)
    0x0800024e   0x0800024e   0x00000000   Code   RO         7879    .ARM.Collect$$libshutdown$$00000002  c_w.l(libshutdown2.o)
    0x0800024e   0x0800024e   0x00000000   Code   RO         7881    .ARM.Collect$$libshutdown$$00000004  c_w.l(libshutdown2.o)
    0x0800024e   0x0800024e   0x00000000   Code   RO         7884    .ARM.Collect$$libshutdown$$00000007  c_w.l(libshutdown2.o)
    0x0800024e   0x0800024e   0x00000000   Code   RO         7887    .ARM.Collect$$libshutdown$$0000000A  c_w.l(libshutdown2.o)
    0x0800024e   0x0800024e   0x00000000   Code   RO         7889    .ARM.Collect$$libshutdown$$0000000C  c_w.l(libshutdown2.o)
    0x0800024e   0x0800024e   0x00000000   Code   RO         7892    .ARM.Collect$$libshutdown$$0000000F  c_w.l(libshutdown2.o)
    0x0800024e   0x0800024e   0x00000002   Code   RO         7893    .ARM.Collect$$libshutdown$$00000010  c_w.l(libshutdown2.o)
    0x08000250   0x08000250   0x00000000   Code   RO         7663    .ARM.Collect$$rtentry$$00000000  c_w.l(__rtentry.o)
    0x08000250   0x08000250   0x00000000   Code   RO         7795    .ARM.Collect$$rtentry$$00000002  c_w.l(__rtentry2.o)
    0x08000250   0x08000250   0x00000006   Code   RO         7807    .ARM.Collect$$rtentry$$00000004  c_w.l(__rtentry4.o)
    0x08000256   0x08000256   0x00000000   Code   RO         7797    .ARM.Collect$$rtentry$$00000009  c_w.l(__rtentry2.o)
    0x08000256   0x08000256   0x00000004   Code   RO         7798    .ARM.Collect$$rtentry$$0000000A  c_w.l(__rtentry2.o)
    0x0800025a   0x0800025a   0x00000000   Code   RO         7800    .ARM.Collect$$rtentry$$0000000C  c_w.l(__rtentry2.o)
    0x0800025a   0x0800025a   0x00000008   Code   RO         7801    .ARM.Collect$$rtentry$$0000000D  c_w.l(__rtentry2.o)
    0x08000262   0x08000262   0x00000002   Code   RO         7866    .ARM.Collect$$rtexit$$00000000  c_w.l(rtexit.o)
    0x08000264   0x08000264   0x00000000   Code   RO         7897    .ARM.Collect$$rtexit$$00000002  c_w.l(rtexit2.o)
    0x08000264   0x08000264   0x00000004   Code   RO         7898    .ARM.Collect$$rtexit$$00000003  c_w.l(rtexit2.o)
    0x08000268   0x08000268   0x00000006   Code   RO         7899    .ARM.Collect$$rtexit$$00000004  c_w.l(rtexit2.o)
    0x0800026e   0x0800026e   0x00000002   PAD
    0x08000270   0x08000270   0x000000be   Code   RO         5642    .emb_text           port.o
    0x0800032e   0x0800032e   0x00000002   PAD
    0x08000330   0x08000330   0x00000000   Code   RO         7818    .emb_text           c_w.l(maybetermalloc1.o)
    0x08000330   0x08000330   0x00000040   Code   RO            4    .text               startup_stm32f405xx.o
    0x08000370   0x08000370   0x0000005e   Code   RO         7505    .text               c_w.l(h1_alloc.o)
    0x080003ce   0x080003ce   0x000000ee   Code   RO         7559    .text               c_w.l(lludivv7m.o)
    0x080004bc   0x080004bc   0x0000008a   Code   RO         7563    .text               c_w.l(rt_memcpy_v6.o)
    0x08000546   0x08000546   0x00000064   Code   RO         7565    .text               c_w.l(rt_memcpy_w.o)
    0x080005aa   0x080005aa   0x00000010   Code   RO         7569    .text               c_w.l(aeabi_memset.o)
    0x080005ba   0x080005ba   0x00000044   Code   RO         7571    .text               c_w.l(rt_memclr.o)
    0x080005fe   0x080005fe   0x0000004e   Code   RO         7573    .text               c_w.l(rt_memclr_w.o)
    0x0800064c   0x0800064c   0x00000006   Code   RO         7575    .text               c_w.l(heapauxi.o)
    0x08000652   0x08000652   0x00000002   PAD
    0x08000654   0x08000654   0x00000008   Code   RO         7671    .text               c_w.l(rt_heap_descriptor_intlibspace.o)
    0x0800065c   0x0800065c   0x00000004   Code   RO         7673    .text               c_w.l(hguard.o)
    0x08000660   0x08000660   0x0000008a   Code   RO         7675    .text               c_w.l(init_alloc.o)
    0x080006ea   0x080006ea   0x0000000e   Code   RO         7681    .text               c_w.l(h1_init.o)
    0x080006f8   0x080006f8   0x0000004e   Code   RO         7683    .text               c_w.l(h1_free.o)
    0x08000746   0x08000746   0x00000016   Code   RO         7699    .text               c_w.l(_rserrno.o)
    0x0800075c   0x0800075c   0x00000008   Code   RO         7791    .text               c_w.l(libspace.o)
    0x08000764   0x08000764   0x00000008   Code   RO         7814    .text               c_w.l(rt_errno_addr_intlibspace.o)
    0x0800076c   0x0800076c   0x00000034   Code   RO         7820    .text               c_w.l(h1_extend.o)
    0x080007a0   0x080007a0   0x0000000e   Code   RO         7824    .text               c_w.l(defsig_rtmem_outer.o)
    0x080007ae   0x080007ae   0x00000002   Code   RO         7835    .text               c_w.l(use_no_semi.o)
    0x080007b0   0x080007b0   0x00000000   Code   RO         7837    .text               c_w.l(indicate_semi.o)
    0x080007b0   0x080007b0   0x0000004a   Code   RO         7838    .text               c_w.l(sys_stackheap_outer.o)
    0x080007fa   0x080007fa   0x00000012   Code   RO         7844    .text               c_w.l(exit.o)
    0x0800080c   0x0800080c   0x0000000a   Code   RO         7846    .text               c_w.l(defsig_exit.o)
    0x08000816   0x08000816   0x00000002   PAD
    0x08000818   0x08000818   0x00000050   Code   RO         7852    .text               c_w.l(defsig_rtmem_inner.o)
    0x08000868   0x08000868   0x0000000c   Code   RO         7864    .text               c_w.l(sys_exit.o)
    0x08000874   0x08000874   0x00000032   Code   RO         7874    .text               c_w.l(defsig_general.o)
    0x080008a6   0x080008a6   0x0000000e   Code   RO         7894    .text               c_w.l(sys_wrch.o)
    0x080008b4   0x080008b4   0x000000ba   Code   RO         7320    .text.arm_mat_add_f32  arm_cortexM4lf_math.lib(arm_mat_add_f32.o)
    0x0800096e   0x0800096e   0x00000008   Code   RO         7329    .text.arm_mat_init_f32  arm_cortexM4lf_math.lib(arm_mat_init_f32.o)
    0x08000976   0x08000976   0x00000002   PAD
    0x08000978   0x08000978   0x000002f4   Code   RO         7337    .text.arm_mat_inverse_f32  arm_cortexM4lf_math.lib(arm_mat_inverse_f32.o)
    0x08000c6c   0x08000c6c   0x00000128   Code   RO         7346    .text.arm_mat_mult_f32  arm_cortexM4lf_math.lib(arm_mat_mult_f32.o)
    0x08000d94   0x08000d94   0x000000ba   Code   RO         7355    .text.arm_mat_sub_f32  arm_cortexM4lf_math.lib(arm_mat_sub_f32.o)
    0x08000e4e   0x08000e4e   0x00000002   PAD
    0x08000e50   0x08000e50   0x000000a2   Code   RO         7364    .text.arm_mat_trans_f32  arm_cortexM4lf_math.lib(arm_mat_trans_f32.o)
    0x08000ef2   0x08000ef2   0x00000002   PAD
    0x08000ef4   0x08000ef4   0x00000124   Code   RO         7373    .text.arm_sin_cos_f32  arm_cortexM4lf_math.lib(arm_sin_cos_f32.o)
    0x08001018   0x08001018   0x00000030   Code   RO         6909    i.Append_CRC16_Check_Sum  algorithmofcrc.o
    0x08001048   0x08001048   0x00000024   Code   RO         6910    i.Append_CRC8_Check_Sum  algorithmofcrc.o
    0x0800106c   0x0800106c   0x0000000a   Code   RO          387    i.BlueToothTask     freertos.o
    0x08001076   0x08001076   0x00000004   Code   RO          672    i.BusFault_Handler  stm32f4xx_it.o
    0x0800107a   0x0800107a   0x00000002   PAD
    0x0800107c   0x0800107c   0x00000010   Code   RO          673    i.CAN1_RX0_IRQHandler  stm32f4xx_it.o
    0x0800108c   0x0800108c   0x00000010   Code   RO          674    i.CAN1_RX1_IRQHandler  stm32f4xx_it.o
    0x0800109c   0x0800109c   0x00000010   Code   RO          675    i.CAN1_TX_IRQHandler  stm32f4xx_it.o
    0x080010ac   0x080010ac   0x00000010   Code   RO          676    i.CAN2_RX0_IRQHandler  stm32f4xx_it.o
    0x080010bc   0x080010bc   0x00000010   Code   RO          677    i.CAN2_RX1_IRQHandler  stm32f4xx_it.o
    0x080010cc   0x080010cc   0x00000010   Code   RO          678    i.CAN2_TX_IRQHandler  stm32f4xx_it.o
    0x080010dc   0x080010dc   0x0000030c   Code   RO         5722    i.CanReceiveAll     bsp_can.o
    0x080013e8   0x080013e8   0x00000030   Code   RO         5723    i.CanSend           bsp_can.o
    0x08001418   0x08001418   0x00000040   Code   RO         6263    i.CapControllerInit  ningcap.o
    0x08001458   0x08001458   0x00000070   Code   RO         6666    i.ChassisControl_task  chassiscontroltask.o
    0x080014c8   0x080014c8   0x0000011c   Code   RO         6264    i.ChassisOutputControl  ningcap.o
    0x080015e4   0x080015e4   0x00000078   Code   RO         6601    i.Check_Energy_State  powercontroltask.o
    0x0800165c   0x0800165c   0x000000c8   Code   RO          679    i.DMA1_Stream2_IRQHandler  stm32f4xx_it.o
    0x08001724   0x08001724   0x00000010   Code   RO          680    i.DMA1_Stream4_IRQHandler  stm32f4xx_it.o
    0x08001734   0x08001734   0x00000010   Code   RO          681    i.DMA1_Stream6_IRQHandler  stm32f4xx_it.o
    0x08001744   0x08001744   0x00000034   Code   RO         2581    i.DMA_CalcBaseAndBitshift  stm32f4xx_hal_dma.o
    0x08001778   0x08001778   0x000000aa   Code   RO         2582    i.DMA_CheckFifoParam  stm32f4xx_hal_dma.o
    0x08001822   0x08001822   0x0000002c   Code   RO         2583    i.DMA_SetConfig     stm32f4xx_hal_dma.o
    0x0800184e   0x0800184e   0x00000002   PAD
    0x08001850   0x08001850   0x00000030   Code   RO         5790    i.DWT_CNT_Update    bsp_dwt.o
    0x08001880   0x08001880   0x0000004c   Code   RO         5792    i.DWT_GetDeltaT     bsp_dwt.o
    0x080018cc   0x080018cc   0x00000068   Code   RO         5797    i.DWT_Init          bsp_dwt.o
    0x08001934   0x08001934   0x00000002   Code   RO          682    i.DebugMon_Handler  stm32f4xx_it.o
    0x08001936   0x08001936   0x00000006   Code   RO           13    i.Error_Handler     main.o
    0x0800193c   0x0800193c   0x0000009c   Code   RO         6724    i.Feedforward_Init  pid.o
    0x080019d8   0x080019d8   0x00000034   Code   RO         6911    i.Get_CRC16_Check_Sum  algorithmofcrc.o
    0x08001a0c   0x08001a0c   0x00000024   Code   RO         6912    i.Get_CRC8_Check_Sum  algorithmofcrc.o
    0x08001a30   0x08001a30   0x0000008c   Code   RO         6164    i.GimbalSendPack    gimbalsend.o
    0x08001abc   0x08001abc   0x0000004c   Code   RO         6633    i.GimbalTask        gimbaltask.o
    0x08001b08   0x08001b08   0x00000118   Code   RO         6044    i.Gimbal_msgs_Decode1  gimbalreceive.o
    0x08001c20   0x08001c20   0x00000002   Code   RO         6045    i.Gimbal_msgs_Decode2  gimbalreceive.o
    0x08001c22   0x08001c22   0x0000002a   Code   RO         1844    i.HAL_CAN_ActivateNotification  stm32f4xx_hal_can.o
    0x08001c4c   0x08001c4c   0x0000014a   Code   RO         1845    i.HAL_CAN_AddTxMessage  stm32f4xx_hal_can.o
    0x08001d96   0x08001d96   0x00000002   PAD
    0x08001d98   0x08001d98   0x00000120   Code   RO         1846    i.HAL_CAN_ConfigFilter  stm32f4xx_hal_can.o
    0x08001eb8   0x08001eb8   0x00000002   Code   RO         1849    i.HAL_CAN_ErrorCallback  stm32f4xx_hal_can.o
    0x08001eba   0x08001eba   0x00000194   Code   RO         1852    i.HAL_CAN_GetRxMessage  stm32f4xx_hal_can.o
    0x0800204e   0x0800204e   0x0000024e   Code   RO         1856    i.HAL_CAN_IRQHandler  stm32f4xx_hal_can.o
    0x0800229c   0x0800229c   0x00000174   Code   RO         1857    i.HAL_CAN_Init      stm32f4xx_hal_can.o
    0x08002410   0x08002410   0x000001a4   Code   RO          510    i.HAL_CAN_MspInit   can.o
    0x080025b4   0x080025b4   0x00000002   Code   RO         1864    i.HAL_CAN_RxFifo0FullCallback  stm32f4xx_hal_can.o
    0x080025b6   0x080025b6   0x00000020   Code   RO         5724    i.HAL_CAN_RxFifo0MsgPendingCallback  bsp_can.o
    0x080025d6   0x080025d6   0x00000002   Code   RO         1866    i.HAL_CAN_RxFifo1FullCallback  stm32f4xx_hal_can.o
    0x080025d8   0x080025d8   0x00000020   Code   RO         5725    i.HAL_CAN_RxFifo1MsgPendingCallback  bsp_can.o
    0x080025f8   0x080025f8   0x00000002   Code   RO         1868    i.HAL_CAN_SleepCallback  stm32f4xx_hal_can.o
    0x080025fa   0x080025fa   0x0000005e   Code   RO         1869    i.HAL_CAN_Start     stm32f4xx_hal_can.o
    0x08002658   0x08002658   0x00000002   Code   RO         1871    i.HAL_CAN_TxMailbox0AbortCallback  stm32f4xx_hal_can.o
    0x0800265a   0x0800265a   0x00000002   Code   RO         1872    i.HAL_CAN_TxMailbox0CompleteCallback  stm32f4xx_hal_can.o
    0x0800265c   0x0800265c   0x00000002   Code   RO         1873    i.HAL_CAN_TxMailbox1AbortCallback  stm32f4xx_hal_can.o
    0x0800265e   0x0800265e   0x00000002   Code   RO         1874    i.HAL_CAN_TxMailbox1CompleteCallback  stm32f4xx_hal_can.o
    0x08002660   0x08002660   0x00000002   Code   RO         1875    i.HAL_CAN_TxMailbox2AbortCallback  stm32f4xx_hal_can.o
    0x08002662   0x08002662   0x00000002   Code   RO         1876    i.HAL_CAN_TxMailbox2CompleteCallback  stm32f4xx_hal_can.o
    0x08002664   0x08002664   0x00000002   Code   RO         1878    i.HAL_CAN_WakeUpFromRxMsgCallback  stm32f4xx_hal_can.o
    0x08002666   0x08002666   0x000000ac   Code   RO         2584    i.HAL_DMA_Abort     stm32f4xx_hal_dma.o
    0x08002712   0x08002712   0x00000028   Code   RO         2585    i.HAL_DMA_Abort_IT  stm32f4xx_hal_dma.o
    0x0800273a   0x0800273a   0x00000002   PAD
    0x0800273c   0x0800273c   0x00000240   Code   RO         2589    i.HAL_DMA_IRQHandler  stm32f4xx_hal_dma.o
    0x0800297c   0x0800297c   0x000000ec   Code   RO         2590    i.HAL_DMA_Init      stm32f4xx_hal_dma.o
    0x08002a68   0x08002a68   0x00000092   Code   RO         2594    i.HAL_DMA_Start_IT  stm32f4xx_hal_dma.o
    0x08002afa   0x08002afa   0x00000002   PAD
    0x08002afc   0x08002afc   0x000001f4   Code   RO         2477    i.HAL_GPIO_Init     stm32f4xx_hal_gpio.o
    0x08002cf0   0x08002cf0   0x0000000c   Code   RO         3032    i.HAL_GetTick       stm32f4xx_hal.o
    0x08002cfc   0x08002cfc   0x000001d0   Code   RO         3288    i.HAL_I2C_Init      stm32f4xx_hal_i2c.o
    0x08002ecc   0x08002ecc   0x000000a4   Code   RO          583    i.HAL_I2C_MspInit   i2c.o
    0x08002f70   0x08002f70   0x00000018   Code   RO         3038    i.HAL_IncTick       stm32f4xx_hal.o
    0x08002f88   0x08002f88   0x0000003c   Code   RO         3039    i.HAL_Init          stm32f4xx_hal.o
    0x08002fc4   0x08002fc4   0x000000b4   Code   RO          820    i.HAL_InitTick      stm32f4xx_hal_timebase_tim.o
    0x08003078   0x08003078   0x00000054   Code   RO          796    i.HAL_MspInit       stm32f4xx_hal_msp.o
    0x080030cc   0x080030cc   0x00000028   Code   RO         2869    i.HAL_NVIC_EnableIRQ  stm32f4xx_hal_cortex.o
    0x080030f4   0x080030f4   0x0000007c   Code   RO         2875    i.HAL_NVIC_SetPriority  stm32f4xx_hal_cortex.o
    0x08003170   0x08003170   0x00000028   Code   RO         2876    i.HAL_NVIC_SetPriorityGrouping  stm32f4xx_hal_cortex.o
    0x08003198   0x08003198   0x00000184   Code   RO         2078    i.HAL_RCC_ClockConfig  stm32f4xx_hal_rcc.o
    0x0800331c   0x0800331c   0x00000044   Code   RO         2082    i.HAL_RCC_GetClockConfig  stm32f4xx_hal_rcc.o
    0x08003360   0x08003360   0x0000000c   Code   RO         2083    i.HAL_RCC_GetHCLKFreq  stm32f4xx_hal_rcc.o
    0x0800336c   0x0800336c   0x00000020   Code   RO         2085    i.HAL_RCC_GetPCLK1Freq  stm32f4xx_hal_rcc.o
    0x0800338c   0x0800338c   0x00000020   Code   RO         2086    i.HAL_RCC_GetPCLK2Freq  stm32f4xx_hal_rcc.o
    0x080033ac   0x080033ac   0x000000b0   Code   RO         2087    i.HAL_RCC_GetSysClockFreq  stm32f4xx_hal_rcc.o
    0x0800345c   0x0800345c   0x0000049c   Code   RO         2090    i.HAL_RCC_OscConfig  stm32f4xx_hal_rcc.o
    0x080038f8   0x080038f8   0x00000002   Code   RO         1576    i.HAL_TIMEx_BreakCallback  stm32f4xx_hal_tim_ex.o
    0x080038fa   0x080038fa   0x00000002   Code   RO         1577    i.HAL_TIMEx_CommutCallback  stm32f4xx_hal_tim_ex.o
    0x080038fc   0x080038fc   0x00000066   Code   RO          861    i.HAL_TIM_Base_Init  stm32f4xx_hal_tim.o
    0x08003962   0x08003962   0x00000002   Code   RO          863    i.HAL_TIM_Base_MspInit  stm32f4xx_hal_tim.o
    0x08003964   0x08003964   0x000000a8   Code   RO          866    i.HAL_TIM_Base_Start_IT  stm32f4xx_hal_tim.o
    0x08003a0c   0x08003a0c   0x00000002   Code   RO          895    i.HAL_TIM_IC_CaptureCallback  stm32f4xx_hal_tim.o
    0x08003a0e   0x08003a0e   0x0000016c   Code   RO          909    i.HAL_TIM_IRQHandler  stm32f4xx_hal_tim.o
    0x08003b7a   0x08003b7a   0x00000002   Code   RO          912    i.HAL_TIM_OC_DelayElapsedCallback  stm32f4xx_hal_tim.o
    0x08003b7c   0x08003b7c   0x00000002   Code   RO          939    i.HAL_TIM_PWM_PulseFinishedCallback  stm32f4xx_hal_tim.o
    0x08003b7e   0x08003b7e   0x00000002   PAD
    0x08003b80   0x08003b80   0x00000018   Code   RO           14    i.HAL_TIM_PeriodElapsedCallback  main.o
    0x08003b98   0x08003b98   0x00000002   Code   RO          952    i.HAL_TIM_TriggerCallback  stm32f4xx_hal_tim.o
    0x08003b9a   0x08003b9a   0x00000002   Code   RO         3784    i.HAL_UARTEx_RxEventCallback  stm32f4xx_hal_uart.o
    0x08003b9c   0x08003b9c   0x00000002   Code   RO         3798    i.HAL_UART_ErrorCallback  stm32f4xx_hal_uart.o
    0x08003b9e   0x08003b9e   0x00000002   PAD
    0x08003ba0   0x08003ba0   0x00000308   Code   RO         3801    i.HAL_UART_IRQHandler  stm32f4xx_hal_uart.o
    0x08003ea8   0x08003ea8   0x00000076   Code   RO         3802    i.HAL_UART_Init     stm32f4xx_hal_uart.o
    0x08003f1e   0x08003f1e   0x00000002   PAD
    0x08003f20   0x08003f20   0x000001e8   Code   RO          625    i.HAL_UART_MspInit  usart.o
    0x08004108   0x08004108   0x0000002c   Code   RO         3806    i.HAL_UART_Receive_DMA  stm32f4xx_hal_uart.o
    0x08004134   0x08004134   0x00000002   Code   RO         3808    i.HAL_UART_RxCpltCallback  stm32f4xx_hal_uart.o
    0x08004136   0x08004136   0x00000002   Code   RO         3809    i.HAL_UART_RxHalfCpltCallback  stm32f4xx_hal_uart.o
    0x08004138   0x08004138   0x0000009c   Code   RO         3811    i.HAL_UART_Transmit_DMA  stm32f4xx_hal_uart.o
    0x080041d4   0x080041d4   0x00000002   Code   RO         3813    i.HAL_UART_TxCpltCallback  stm32f4xx_hal_uart.o
    0x080041d6   0x080041d6   0x00000002   Code   RO         3814    i.HAL_UART_TxHalfCpltCallback  stm32f4xx_hal_uart.o
    0x080041d8   0x080041d8   0x00000004   Code   RO          683    i.HardFault_Handler  stm32f4xx_it.o
    0x080041dc   0x080041dc   0x00000080   Code   RO         6508    i.HeatUpdate        heatcontrol.o
    0x0800425c   0x0800425c   0x00000058   Code   RO         5935    i.InfantryInit      chassiscontroller.o
    0x080042b4   0x080042b4   0x00000008   Code   RO         7208    i.LossJudge         debug.o
    0x080042bc   0x080042bc   0x0000003a   Code   RO         7209    i.LossUpdate        debug.o
    0x080042f6   0x080042f6   0x00000002   PAD
    0x080042f8   0x080042f8   0x000001e0   Code   RO         7301    i.M3508_Decode      m3508.o
    0x080044d8   0x080044d8   0x000000d4   Code   RO         7302    i.M3508_SendPack    m3508.o
    0x080045ac   0x080045ac   0x0000004c   Code   RO          511    i.MX_CAN1_Init      can.o
    0x080045f8   0x080045f8   0x0000004c   Code   RO          512    i.MX_CAN2_Init      can.o
    0x08004644   0x08004644   0x00000058   Code   RO          558    i.MX_DMA_Init       dma.o
    0x0800469c   0x0800469c   0x000000d0   Code   RO          390    i.MX_FREERTOS_Init  freertos.o
    0x0800476c   0x0800476c   0x00000084   Code   RO          363    i.MX_GPIO_Init      gpio.o
    0x080047f0   0x080047f0   0x0000003c   Code   RO          584    i.MX_I2C2_Init      i2c.o
    0x0800482c   0x0800482c   0x00000038   Code   RO          626    i.MX_UART4_Init     usart.o
    0x08004864   0x08004864   0x00000038   Code   RO          627    i.MX_USART2_UART_Init  usart.o
    0x0800489c   0x0800489c   0x00000004   Code   RO          684    i.MemManage_Handler  stm32f4xx_it.o
    0x080048a0   0x080048a0   0x00000004   Code   RO          685    i.NMI_Handler       stm32f4xx_it.o
    0x080048a4   0x080048a4   0x00000038   Code   RO         6265    i.NingCapControl    ningcap.o
    0x080048dc   0x080048dc   0x000001cc   Code   RO         7129    i.OLS_Derivative    user_lib.o
    0x08004aa8   0x08004aa8   0x0000004c   Code   RO         7130    i.OLS_Init          user_lib.o
    0x08004af4   0x08004af4   0x00000164   Code   RO         6538    i.Offline_task      offline_task.o
    0x08004c58   0x08004c58   0x00000276   Code   RO         6727    i.PID_Calculate     pid.o
    0x08004ece   0x08004ece   0x00000002   PAD
    0x08004ed0   0x08004ed0   0x000000a4   Code   RO         6729    i.PID_Init          pid.o
    0x08004f74   0x08004f74   0x0000014c   Code   RO         6602    i.PowerControlTask  powercontroltask.o
    0x080050c0   0x080050c0   0x000005d6   Code   RO         6198    i.PowerLimit        powerlimit.o
    0x08005696   0x08005696   0x00000002   PAD
    0x08005698   0x08005698   0x0000007c   Code   RO         6199    i.PowerLimitInit    powerlimit.o
    0x08005714   0x08005714   0x00000038   Code   RO         6080    i.RC_Rst            remote_control.o
    0x0800574c   0x0800574c   0x00000024   Code   RO         5868    i.REFEREE_SendBytes  bsp_referee.o
    0x08005770   0x08005770   0x0000050e   Code   RO         6879    i.RLS_Init          rls_identification.o
    0x08005c7e   0x08005c7e   0x0000014c   Code   RO         6880    i.RLS_Update        rls_identification.o
    0x08005dca   0x08005dca   0x00000002   PAD
    0x08005dcc   0x08005dcc   0x000000e8   Code   RO         6267    i.RefereeOutputControl  ningcap.o
    0x08005eb4   0x08005eb4   0x000001a0   Code   RO         6375    i.Referee_SolveFifoData  referee.o
    0x08006054   0x08006054   0x00000300   Code   RO         6377    i.Referee_UnpackFifoData  referee.o
    0x08006354   0x08006354   0x00000a6c   Code   RO         6568    i.Refereetask       refereetask.o
    0x08006dc0   0x08006dc0   0x00000020   Code   RO         6268    i.SendCapPack       ningcap.o
    0x08006de0   0x08006de0   0x00000030   Code   RO         6634    i.SendToGimbalPack  gimbaltask.o
    0x08006e10   0x08006e10   0x00000068   Code   RO         7133    i.Sqrt              user_lib.o
    0x08006e78   0x08006e78   0x0000000a   Code   RO          394    i.StartDefaultTask  freertos.o
    0x08006e82   0x08006e82   0x00000002   PAD
    0x08006e84   0x08006e84   0x00000034   Code   RO         5643    i.SysTick_Handler   port.o
    0x08006eb8   0x08006eb8   0x000000b8   Code   RO           16    i.SystemClock_Config  main.o
    0x08006f70   0x08006f70   0x00000014   Code   RO         4146    i.SystemInit        system_stm32f4xx.o
    0x08006f84   0x08006f84   0x00000330   Code   RO         6842    i.TD_Calculate      td.o
    0x080072b4   0x080072b4   0x0000002c   Code   RO         6843    i.TD_Clear          td.o
    0x080072e0   0x080072e0   0x00000038   Code   RO         6844    i.TD_Init           td.o
    0x08007318   0x08007318   0x00000010   Code   RO          686    i.TIM6_DAC_IRQHandler  stm32f4xx_it.o
    0x08007328   0x08007328   0x000000e0   Code   RO          954    i.TIM_Base_SetConfig  stm32f4xx_hal_tim.o
    0x08007408   0x08007408   0x00000012   Code   RO         3815    i.UART_DMAAbortOnError  stm32f4xx_hal_uart.o
    0x0800741a   0x0800741a   0x00000050   Code   RO         3816    i.UART_DMAError     stm32f4xx_hal_uart.o
    0x0800746a   0x0800746a   0x000000b4   Code   RO         3817    i.UART_DMAReceiveCplt  stm32f4xx_hal_uart.o
    0x0800751e   0x0800751e   0x00000024   Code   RO         3819    i.UART_DMARxHalfCplt  stm32f4xx_hal_uart.o
    0x08007542   0x08007542   0x00000058   Code   RO         3821    i.UART_DMATransmitCplt  stm32f4xx_hal_uart.o
    0x0800759a   0x0800759a   0x0000000e   Code   RO         3823    i.UART_DMATxHalfCplt  stm32f4xx_hal_uart.o
    0x080075a8   0x080075a8   0x0000006c   Code   RO         3825    i.UART_EndRxTransfer  stm32f4xx_hal_uart.o
    0x08007614   0x08007614   0x00000020   Code   RO         3826    i.UART_EndTransmit_IT  stm32f4xx_hal_uart.o
    0x08007634   0x08007634   0x00000026   Code   RO         3827    i.UART_EndTxTransfer  stm32f4xx_hal_uart.o
    0x0800765a   0x0800765a   0x000000fc   Code   RO         3828    i.UART_Receive_IT   stm32f4xx_hal_uart.o
    0x08007756   0x08007756   0x00000002   PAD
    0x08007758   0x08007758   0x0000022c   Code   RO         3829    i.UART_SetConfig    stm32f4xx_hal_uart.o
    0x08007984   0x08007984   0x000000d8   Code   RO         3830    i.UART_Start_Receive_DMA  stm32f4xx_hal_uart.o
    0x08007a5c   0x08007a5c   0x00000060   Code   RO         3832    i.UART_Transmit_IT  stm32f4xx_hal_uart.o
    0x08007abc   0x08007abc   0x000000dc   Code   RO         6381    i.UI_Draw_Float     referee.o
    0x08007b98   0x08007b98   0x00000096   Code   RO         6383    i.UI_Draw_Line      referee.o
    0x08007c2e   0x08007c2e   0x0000009a   Code   RO         6384    i.UI_Draw_Rectangle  referee.o
    0x08007cc8   0x08007cc8   0x000000a4   Code   RO         6385    i.UI_Draw_String    referee.o
    0x08007d6c   0x08007d6c   0x00000114   Code   RO         6387    i.UI_PushUp_Graphs  referee.o
    0x08007e80   0x08007e80   0x00000050   Code   RO         6388    i.UI_PushUp_String  referee.o
    0x08007ed0   0x08007ed0   0x00000010   Code   RO          687    i.USART2_IRQHandler  stm32f4xx_it.o
    0x08007ee0   0x08007ee0   0x00000004   Code   RO          688    i.UsageFault_Handler  stm32f4xx_it.o
    0x08007ee4   0x08007ee4   0x00000040   Code   RO         6913    i.Verify_CRC16_Check_Sum  algorithmofcrc.o
    0x08007f24   0x08007f24   0x00000038   Code   RO         6914    i.Verify_CRC8_Check_Sum  algorithmofcrc.o
    0x08007f5c   0x08007f5c   0x000000b4   Code   RO         7271    i.ZeroCheck         zerocheck.o
    0x08008010   0x08008010   0x00000010   Code   RO         2882    i.__NVIC_GetPriorityGrouping  stm32f4xx_hal_cortex.o
    0x08008020   0x08008020   0x00000028   Code   RO         2883    i.__NVIC_SetPriority  stm32f4xx_hal_cortex.o
    0x08008048   0x08008048   0x00000014   Code   RO         7643    i.__hardfp_fabs     m_wm.l(fabs.o)
    0x0800805c   0x0800805c   0x0000007a   Code   RO         7649    i.__hardfp_sqrt     m_wm.l(sqrt.o)
    0x080080d6   0x080080d6   0x00000002   PAD
    0x080080d8   0x080080d8   0x00000620   Code   RO         5936    i.angle_z_err_get   chassiscontroller.o
    0x080086f8   0x080086f8   0x00000120   Code   RO         5726    i.can_filter_init   bsp_can.o
    0x08008818   0x08008818   0x00000018   Code   RO         5937    i.chassis_follow_control  chassiscontroller.o
    0x08008830   0x08008830   0x00000018   Code   RO         5938    i.chassis_not_follow_control  chassiscontroller.o
    0x08008848   0x08008848   0x00000088   Code   RO         5939    i.chassis_powerdown_control  chassiscontroller.o
    0x080088d0   0x080088d0   0x00000018   Code   RO         5940    i.chassis_rotate_control  chassiscontroller.o
    0x080088e8   0x080088e8   0x00000090   Code   RO         6569    i.drawCapBar        refereetask.o
    0x08008978   0x08008978   0x00000080   Code   RO         5941    i.execute_control   chassiscontroller.o
    0x080089f8   0x080089f8   0x000000c8   Code   RO         6730    i.f_Changing_Integration_Rate  pid.o
    0x08008ac0   0x08008ac0   0x00000042   Code   RO         6731    i.f_Derivative_Filter  pid.o
    0x08008b02   0x08008b02   0x000000ca   Code   RO         6732    i.f_Derivative_On_Measurement  pid.o
    0x08008bcc   0x08008bcc   0x000000d4   Code   RO         6733    i.f_Integral_Limit  pid.o
    0x08008ca0   0x08008ca0   0x00000042   Code   RO         6734    i.f_Output_Filter   pid.o
    0x08008ce2   0x08008ce2   0x0000003e   Code   RO         6735    i.f_Output_Limit    pid.o
    0x08008d20   0x08008d20   0x000000a4   Code   RO         6736    i.f_PID_ErrorHandle  pid.o
    0x08008dc4   0x08008dc4   0x0000003e   Code   RO         6737    i.f_Proportion_Limit  pid.o
    0x08008e02   0x08008e02   0x00000066   Code   RO         6738    i.f_Trapezoid_Intergral  pid.o
    0x08008e68   0x08008e68   0x00000090   Code   RO         6269    i.getCapEnergy      ningcap.o
    0x08008ef8   0x08008ef8   0x00000048   Code   RO         5942    i.getDir            chassiscontroller.o
    0x08008f40   0x08008f40   0x00000074   Code   RO         5943    i.get_sensors_info  chassiscontroller.o
    0x08008fb4   0x08008fb4   0x0000001a   Code   RO         7187    i.iir               my_filter.o
    0x08008fce   0x08008fce   0x00000018   Code   RO         6083    i.initRemoteControl  remote_control.o
    0x08008fe6   0x08008fe6   0x00000002   PAD
    0x08008fe8   0x08008fe8   0x000000c8   Code   RO         5944    i.limit_angle       chassiscontroller.o
    0x080090b0   0x080090b0   0x00000058   Code   RO           17    i.main              main.o
    0x08009108   0x08009108   0x00000040   Code   RO         5945    i.main_control      chassiscontroller.o
    0x08009148   0x08009148   0x0000000e   Code   RO         5208    i.makeFreeRtosPriority  cmsis_os.o
    0x08009156   0x08009156   0x00000002   PAD
    0x08009158   0x08009158   0x000000bc   Code   RO         6321    i.mecanum_chassis_control  mecanum.o
    0x08009214   0x08009214   0x00000134   Code   RO         6322    i.mecanum_follow_control  mecanum.o
    0x08009348   0x08009348   0x000000dc   Code   RO         6323    i.mecanum_inv_kinematics  mecanum.o
    0x08009424   0x08009424   0x00000194   Code   RO         6324    i.mecanum_pid_init  mecanum.o
    0x080095b8   0x080095b8   0x000000b0   Code   RO         6325    i.mecanum_pos_kinematics  mecanum.o
    0x08009668   0x08009668   0x000000b8   Code   RO         6326    i.mecanum_rotate_control  mecanum.o
    0x08009720   0x08009720   0x00000018   Code   RO         5210    i.osDelay           cmsis_os.o
    0x08009738   0x08009738   0x0000000a   Code   RO         5213    i.osKernelStart     cmsis_os.o
    0x08009742   0x08009742   0x0000005e   Code   RO         5247    i.osThreadCreate    cmsis_os.o
    0x080097a0   0x080097a0   0x00000068   Code   RO         6200    i.power_fit_init    powerlimit.o
    0x08009808   0x08009808   0x00000168   Code   RO         6201    i.power_fitting     powerlimit.o
    0x08009970   0x08009970   0x000000a4   Code   RO         4676    i.prvAddCurrentTaskToDelayedList  tasks.o
    0x08009a14   0x08009a14   0x000000b4   Code   RO         4677    i.prvAddNewTaskToReadyList  tasks.o
    0x08009ac8   0x08009ac8   0x00000074   Code   RO         5040    i.prvCheckForValidListAndQueue  timers.o
    0x08009b3c   0x08009b3c   0x00000048   Code   RO         4678    i.prvCheckTasksWaitingTermination  tasks.o
    0x08009b84   0x08009b84   0x0000002a   Code   RO         4323    i.prvCopyDataFromQueue  queue.o
    0x08009bae   0x08009bae   0x0000007e   Code   RO         4324    i.prvCopyDataToQueue  queue.o
    0x08009c2c   0x08009c2c   0x00000050   Code   RO         4679    i.prvDeleteTCB      tasks.o
    0x08009c7c   0x08009c7c   0x00000028   Code   RO         5041    i.prvGetNextExpireTime  timers.o
    0x08009ca4   0x08009ca4   0x0000007c   Code   RO         5587    i.prvHeapInit       heap_4.o
    0x08009d20   0x08009d20   0x00000028   Code   RO         4680    i.prvIdleTask       tasks.o
    0x08009d48   0x08009d48   0x00000026   Code   RO         4327    i.prvInitialiseNewQueue  queue.o
    0x08009d6e   0x08009d6e   0x000000c2   Code   RO         4681    i.prvInitialiseNewTask  tasks.o
    0x08009e30   0x08009e30   0x00000068   Code   RO         4682    i.prvInitialiseTaskLists  tasks.o
    0x08009e98   0x08009e98   0x00000068   Code   RO         5588    i.prvInsertBlockIntoFreeList  heap_4.o
    0x08009f00   0x08009f00   0x00000058   Code   RO         5043    i.prvInsertTimerInActiveList  timers.o
    0x08009f58   0x08009f58   0x0000001a   Code   RO         4328    i.prvIsQueueEmpty   queue.o
    0x08009f72   0x08009f72   0x0000001e   Code   RO         4329    i.prvIsQueueFull    queue.o
    0x08009f90   0x08009f90   0x00000074   Code   RO         5044    i.prvProcessExpiredTimer  timers.o
    0x0800a004   0x0800a004   0x00000164   Code   RO         5045    i.prvProcessReceivedCommands  timers.o
    0x0800a168   0x0800a168   0x00000074   Code   RO         5046    i.prvProcessTimerOrBlockTask  timers.o
    0x0800a1dc   0x0800a1dc   0x00000034   Code   RO         4683    i.prvResetNextTaskUnblockTime  tasks.o
    0x0800a210   0x0800a210   0x0000002c   Code   RO         5047    i.prvSampleTimeNow  timers.o
    0x0800a23c   0x0800a23c   0x000000a4   Code   RO         5048    i.prvSwitchTimerLists  timers.o
    0x0800a2e0   0x0800a2e0   0x00000040   Code   RO         5644    i.prvTaskExitError  port.o
    0x0800a320   0x0800a320   0x0000001a   Code   RO         5049    i.prvTimerTask      timers.o
    0x0800a33a   0x0800a33a   0x0000007e   Code   RO         4330    i.prvUnlockQueue    queue.o
    0x0800a3b8   0x0800a3b8   0x0000014c   Code   RO         5589    i.pvPortMalloc      heap_4.o
    0x0800a504   0x0800a504   0x0000002c   Code   RO         5645    i.pxPortInitialiseStack  port.o
    0x0800a530   0x0800a530   0x0000000c   Code   RO         6084    i.setControlMode    remote_control.o
    0x0800a53c   0x0800a53c   0x0000001c   Code   RO         6085    i.setControlModeAction  remote_control.o
    0x0800a558   0x0800a558   0x00000014   Code   RO         6086    i.setGimbalAction   remote_control.o
    0x0800a56c   0x0800a56c   0x0000000c   Code   RO         6087    i.setGimbalPosition  remote_control.o
    0x0800a578   0x0800a578   0x00000024   Code   RO         6088    i.setRobotState     remote_control.o
    0x0800a59c   0x0800a59c   0x00000030   Code   RO         5908    i.setRobotType      robot_config.o
    0x0800a5cc   0x0800a5cc   0x0000000c   Code   RO         6089    i.setSuperPower     remote_control.o
    0x0800a5d8   0x0800a5d8   0x00000118   Code   RO         5946    i.set_robot_speed   chassiscontroller.o
    0x0800a6f0   0x0800a6f0   0x0000001a   Code   RO         7134    i.sign              user_lib.o
    0x0800a70a   0x0800a70a   0x00000028   Code   RO         4283    i.uxListRemove      list.o
    0x0800a732   0x0800a732   0x00000002   PAD
    0x0800a734   0x0800a734   0x00000018   Code   RO          395    i.vApplicationGetIdleTaskMemory  freertos.o
    0x0800a74c   0x0800a74c   0x00000018   Code   RO          396    i.vApplicationGetTimerTaskMemory  freertos.o
    0x0800a764   0x0800a764   0x0000001a   Code   RO         4284    i.vListInitialise   list.o
    0x0800a77e   0x0800a77e   0x00000006   Code   RO         4285    i.vListInitialiseItem  list.o
    0x0800a784   0x0800a784   0x00000034   Code   RO         4286    i.vListInsert       list.o
    0x0800a7b8   0x0800a7b8   0x00000018   Code   RO         4287    i.vListInsertEnd    list.o
    0x0800a7d0   0x0800a7d0   0x00000054   Code   RO         5647    i.vPortEnterCritical  port.o
    0x0800a824   0x0800a824   0x0000003c   Code   RO         5648    i.vPortExitCritical  port.o
    0x0800a860   0x0800a860   0x000000a4   Code   RO         5590    i.vPortFree         heap_4.o
    0x0800a904   0x0800a904   0x00000028   Code   RO         5649    i.vPortSetupTimerInterrupt  port.o
    0x0800a92c   0x0800a92c   0x00000078   Code   RO         5650    i.vPortValidateInterruptPriority  port.o
    0x0800a9a4   0x0800a9a4   0x0000002c   Code   RO         4334    i.vQueueAddToRegistry  queue.o
    0x0800a9d0   0x0800a9d0   0x0000004a   Code   RO         4337    i.vQueueWaitForMessageRestricted  queue.o
    0x0800aa1a   0x0800aa1a   0x00000002   PAD
    0x0800aa1c   0x0800aa1c   0x0000005c   Code   RO         4695    i.vTaskDelay        tasks.o
    0x0800aa78   0x0800aa78   0x000000d4   Code   RO         4696    i.vTaskDelayUntil   tasks.o
    0x0800ab4c   0x0800ab4c   0x00000018   Code   RO         4699    i.vTaskInternalSetTimeOutState  tasks.o
    0x0800ab64   0x0800ab64   0x0000000c   Code   RO         4700    i.vTaskMissedYield  tasks.o
    0x0800ab70   0x0800ab70   0x00000038   Code   RO         4702    i.vTaskPlaceOnEventList  tasks.o
    0x0800aba8   0x0800aba8   0x00000040   Code   RO         4703    i.vTaskPlaceOnEventListRestricted  tasks.o
    0x0800abe8   0x0800abe8   0x000000b8   Code   RO         4710    i.vTaskStartScheduler  tasks.o
    0x0800aca0   0x0800aca0   0x00000010   Code   RO         4712    i.vTaskSuspendAll   tasks.o
    0x0800acb0   0x0800acb0   0x0000008c   Code   RO         4713    i.vTaskSwitchContext  tasks.o
    0x0800ad3c   0x0800ad3c   0x0000005a   Code   RO         5947    i.wheels_accel      chassiscontroller.o
    0x0800ad96   0x0800ad96   0x00000002   PAD
    0x0800ad98   0x0800ad98   0x00000174   Code   RO         5948    i.wheels_power_limit  chassiscontroller.o
    0x0800af0c   0x0800af0c   0x00000018   Code   RO         6482    i.wireless_init     wireless.o
    0x0800af24   0x0800af24   0x00000168   Code   RO         5651    i.xPortStartScheduler  port.o
    0x0800b08c   0x0800b08c   0x000000e0   Code   RO         4341    i.xQueueGenericCreateStatic  queue.o
    0x0800b16c   0x0800b16c   0x00000098   Code   RO         4342    i.xQueueGenericReset  queue.o
    0x0800b204   0x0800b204   0x000001a8   Code   RO         4343    i.xQueueGenericSend  queue.o
    0x0800b3ac   0x0800b3ac   0x000000fc   Code   RO         4344    i.xQueueGenericSendFromISR  queue.o
    0x0800b4a8   0x0800b4a8   0x00000168   Code   RO         4352    i.xQueueReceive     queue.o
    0x0800b610   0x0800b610   0x000000a8   Code   RO         4716    i.xTaskCheckForTimeOut  tasks.o
    0x0800b6b8   0x0800b6b8   0x00000064   Code   RO         4717    i.xTaskCreate       tasks.o
    0x0800b71c   0x0800b71c   0x000000ba   Code   RO         4718    i.xTaskCreateStatic  tasks.o
    0x0800b7d6   0x0800b7d6   0x00000002   PAD
    0x0800b7d8   0x0800b7d8   0x00000020   Code   RO         4723    i.xTaskGetSchedulerState  tasks.o
    0x0800b7f8   0x0800b7f8   0x0000000c   Code   RO         4724    i.xTaskGetTickCount  tasks.o
    0x0800b804   0x0800b804   0x00000148   Code   RO         4726    i.xTaskIncrementTick  tasks.o
    0x0800b94c   0x0800b94c   0x000000c8   Code   RO         4729    i.xTaskPriorityDisinherit  tasks.o
    0x0800ba14   0x0800ba14   0x00000098   Code   RO         4731    i.xTaskRemoveFromEventList  tasks.o
    0x0800baac   0x0800baac   0x00000104   Code   RO         4732    i.xTaskResumeAll    tasks.o
    0x0800bbb0   0x0800bbb0   0x00000078   Code   RO         5056    i.xTimerCreateTimerTask  timers.o
    0x0800bc28   0x0800bc28   0x00000084   Code   RO         5057    i.xTimerGenericCommand  timers.o
    0x0800bcac   0x0800bcac   0x00000062   Code   RO         7579    x$fpl$d2f           fz_wm.l(d2f.o)
    0x0800bd0e   0x0800bd0e   0x00000002   PAD
    0x0800bd10   0x0800bd10   0x00000150   Code   RO         7581    x$fpl$dadd          fz_wm.l(daddsub_clz.o)
    0x0800be60   0x0800be60   0x00000018   Code   RO         7748    x$fpl$dcmpinf       fz_wm.l(dcmpi.o)
    0x0800be78   0x0800be78   0x00000078   Code   RO         7597    x$fpl$dleqf         fz_wm.l(dleqf.o)
    0x0800bef0   0x0800bef0   0x00000154   Code   RO         7599    x$fpl$dmul          fz_wm.l(dmul.o)
    0x0800c044   0x0800c044   0x0000009c   Code   RO         7750    x$fpl$dnaninf       fz_wm.l(dnaninf.o)
    0x0800c0e0   0x0800c0e0   0x0000000c   Code   RO         7752    x$fpl$dretinf       fz_wm.l(dretinf.o)
    0x0800c0ec   0x0800c0ec   0x0000006c   Code   RO         7601    x$fpl$drleqf        fz_wm.l(drleqf.o)
    0x0800c158   0x0800c158   0x00000198   Code   RO         7754    x$fpl$dsqrt         fz_wm.l(dsqrt_umaal.o)
    0x0800c2f0   0x0800c2f0   0x000001d4   Code   RO         7583    x$fpl$dsub          fz_wm.l(daddsub_clz.o)
    0x0800c4c4   0x0800c4c4   0x00000056   Code   RO         7603    x$fpl$f2d           fz_wm.l(f2d.o)
    0x0800c51a   0x0800c51a   0x0000008c   Code   RO         7756    x$fpl$fnaninf       fz_wm.l(fnaninf.o)
    0x0800c5a6   0x0800c5a6   0x0000000a   Code   RO         7833    x$fpl$fpinit        fz_wm.l(fpinit.o)
    0x0800c5b0   0x0800c5b0   0x0000000a   Code   RO         7758    x$fpl$fretinf       fz_wm.l(fretinf.o)
    0x0800c5ba   0x0800c5ba   0x00000000   Code   RO         7760    x$fpl$usenofp       fz_wm.l(usenofp.o)
    0x0800c5ba   0x0800c5ba   0x00000002   PAD
    0x0800c5bc   0x0800c5bc   0x000000c4   Data   RO          398    .constdata          freertos.o
    0x0800c680   0x0800c680   0x00000008   Data   RO         2596    .constdata          stm32f4xx_hal_dma.o
    0x0800c688   0x0800c688   0x00000018   Data   RO         4147    .constdata          system_stm32f4xx.o
    0x0800c6a0   0x0800c6a0   0x00000301   Data   RO         6915    .constdata          algorithmofcrc.o
    0x0800c9a1   0x0800c9a1   0x00000003   PAD
    0x0800c9a4   0x0800c9a4   0x00000060   Data   RO          399    .conststring        freertos.o
    0x0800ca04   0x0800ca04   0x00000804   Data   RO         7494    .rodata.sinTable_f32  arm_cortexM4lf_math.lib(arm_common_tables.o)
    0x0800d208   0x0800d208   0x00000020   Data   RO         7922    Region$$Table       anon$$obj.o


    Execution Region RW_IRAM1 (Exec base: 0x20000000, Load base: 0x0800d228, Size: 0x0000c028, Max: 0x0001c000, ABSOLUTE, COMPRESSED[0x000000bc])

    Exec Addr    Load Addr    Size         Type   Attr      Idx    E Section Name        Object

    0x20000000   COMPRESSED   0x0000001c   Data   RW          400    .data               freertos.o
    0x2000001c   COMPRESSED   0x00000004   Data   RW          514    .data               can.o
    0x20000020   COMPRESSED   0x00000009   Data   RW         3046    .data               stm32f4xx_hal.o
    0x20000029   COMPRESSED   0x00000003   PAD
    0x2000002c   COMPRESSED   0x00000004   Data   RW         4148    .data               system_stm32f4xx.o
    0x20000030   COMPRESSED   0x0000003c   Data   RW         4735    .data               tasks.o
    0x2000006c   COMPRESSED   0x00000014   Data   RW         5065    .data               timers.o
    0x20000080   COMPRESSED   0x00000020   Data   RW         5596    .data               heap_4.o
    0x200000a0   COMPRESSED   0x0000000c   Data   RW         5652    .data               port.o
    0x200000ac   COMPRESSED   0x00000004   PAD
    0x200000b0   COMPRESSED   0x00000038   Data   RW         5800    .data               bsp_dwt.o
    0x200000e8   COMPRESSED   0x00000018   Data   RW         5950    .data               chassiscontroller.o
    0x20000100   COMPRESSED   0x0000001c   Data   RW         6046    .data               gimbalreceive.o
    0x2000011c   COMPRESSED   0x00000010   Data   RW         6165    .data               gimbalsend.o
    0x2000012c   COMPRESSED   0x00000010   Data   RW         6271    .data               ningcap.o
    0x2000013c   COMPRESSED   0x00000003   Data   RW         6390    .data               referee.o
    0x2000013f   COMPRESSED   0x00000001   PAD
    0x20000140   COMPRESSED   0x00000012   Data   RW         6483    .data               wireless.o
    0x20000152   COMPRESSED   0x00000002   PAD
    0x20000154   COMPRESSED   0x00000066   Data   RW         6570    .data               refereetask.o
    0x200001ba   COMPRESSED   0x00000002   PAD
    0x200001bc   COMPRESSED   0x0000000c   Data   RW         6603    .data               powercontroltask.o
    0x200001c8   COMPRESSED   0x00000010   Data   RW         6635    .data               gimbaltask.o
    0x200001d8   COMPRESSED   0x00000254   Data   RW         6739    .data               pid.o
    0x2000042c   COMPRESSED   0x0000001c   Data   RW         6845    .data               td.o
    0x20000448   COMPRESSED   0x00000004   Data   RW         6916    .data               algorithmofcrc.o
    0x2000044c   COMPRESSED   0x0000000c   Data   RW         7135    .data               user_lib.o
    0x20000458        -       0x000006a8   Zero   RW          397    .bss                freertos.o
    0x20000b00        -       0x00000050   Zero   RW          513    .bss                can.o
    0x20000b50        -       0x00000054   Zero   RW          585    .bss                i2c.o
    0x20000ba4        -       0x000001b0   Zero   RW          628    .bss                usart.o
    0x20000d54        -       0x00000048   Zero   RW          823    .bss                stm32f4xx_hal_timebase_tim.o
    0x20000d9c        -       0x00000040   Zero   RW         4355    .bss                queue.o
    0x20000ddc        -       0x000000f0   Zero   RW         4734    .bss                tasks.o
    0x20000ecc        -       0x00000110   Zero   RW         5064    .bss                timers.o
    0x20000fdc        -       0x000084d0   Zero   RW         5595    .bss                heap_4.o
    0x200094ac        -       0x00001080   Zero   RW         5869    .bss                bsp_referee.o
    0x2000a52c   COMPRESSED   0x00000004   PAD
    0x2000a530        -       0x00000f80   Zero   RW         5949    .bss                chassiscontroller.o
    0x2000b4b0        -       0x0000002f   Zero   RW         6090    .bss                remote_control.o
    0x2000b4df   COMPRESSED   0x00000001   PAD
    0x2000b4e0        -       0x000000f0   Zero   RW         6203    .bss                powerlimit.o
    0x2000b5d0        -       0x00000020   Zero   RW         6270    .bss                ningcap.o
    0x2000b5f0        -       0x00000265   Zero   RW         6389    .bss                referee.o
    0x2000b855   COMPRESSED   0x00000003   PAD
    0x2000b858        -       0x00000020   Zero   RW         6509    .bss                heatcontrol.o
    0x2000b878        -       0x00000026   Zero   RW         6539    .bss                offline_task.o
    0x2000b89e   COMPRESSED   0x00000002   PAD
    0x2000b8a0        -       0x00000128   Zero   RW         7211    .bss                debug.o
    0x2000b9c8        -       0x00000060   Zero   RW         7792    .bss                c_w.l(libspace.o)
    0x2000ba28        -       0x00000200   Zero   RW            2    HEAP                startup_stm32f405xx.o
    0x2000bc28        -       0x00000400   Zero   RW            1    STACK               startup_stm32f405xx.o


    Execution Region RW_IRAM2 (Exec base: 0x2001c000, Load base: 0x0800d2e4, Size: 0x00000000, Max: 0x00004000, ABSOLUTE)

    **** No section assigned to this execution region ****


==============================================================================

Image component sizes


      Code (inc. data)   RO Data    RW Data    ZI Data      Debug   Object Name

       292         26        769          4          0       5638   algorithmofcrc.o
      1180         48          0          0          0      20632   bsp_can.o
       228         50          0         56          0       3690   bsp_dwt.o
        36          8          0          0       4224       1371   bsp_referee.o
       572         44          0          4         80       2806   can.o
      3186        170          0         24       3968      14534   chassiscontroller.o
       112         10          0          0          0        702   chassiscontroltask.o
       142          0          0          0          0      23403   cmsis_os.o
        66          0          0          0        296       3333   debug.o
        88          4          0          0          0        902   dma.o
         0          0          0          0          0      19984   event_groups.o
       276         52        292         28       1704       4846   freertos.o
       282         26          0         28          0       2990   gimbalreceive.o
       140         16          0         16          0       1645   gimbalsend.o
       124         28          0         16          0       1934   gimbaltask.o
       132          6          0          0          0       1011   gpio.o
       724         74          0         32      34000       5235   heap_4.o
       128          8          0          0         32       1671   heatcontrol.o
       224         24          0          0         84       1929   i2c.o
       148          0          0          0          0       3934   list.o
       692         24          0          0          0       2736   m3508.o
       302         24          0          0          0     732185   main.o
      1480        128          0          0          0       3817   mecanum.o
        26          0          0          0          0        642   my_filter.o
       812         78          0         16         32       6165   ningcap.o
       356          8          0          0         38       2218   offline_task.o
      2086         40          0        596          0       9154   pid.o
      1014         92          0         12          0      12769   port.o
       452         50          0         12          0       1705   powercontroltask.o
      2082         58          0          0        240       9087   powerlimit.o
      1918         20          0          0         64      18328   queue.o
      2228         52          0          3        613      17983   referee.o
      2812        364          0        102          0       2998   refereetask.o
       200         40          0          0         47       7383   remote_control.o
      1626          0          0          0          0       2340   rls_identification.o
        48          6          0          0          0        559   robot_config.o
        64         26        392          0       1536        900   startup_stm32f405xx.o
        96         20          0          9          0       8446   stm32f4xx_hal.o
      2142          4          0          0          0      14955   stm32f4xx_hal_can.o
       260         22          0          0          0      33922   stm32f4xx_hal_cortex.o
      1436         16          8          0          0       7578   stm32f4xx_hal_dma.o
       500         46          0          0          0       1580   stm32f4xx_hal_gpio.o
       464         18          0          0          0       2267   stm32f4xx_hal_i2c.o
        84          6          0          0          0        982   stm32f4xx_hal_msp.o
      1888         94          0          0          0       6773   stm32f4xx_hal_rcc.o
       868         76          0          0          0       7214   stm32f4xx_hal_tim.o
         4          0          0          0          0       1785   stm32f4xx_hal_tim_ex.o
       180         20          0          0         72       1659   stm32f4xx_hal_timebase_tim.o
      2820         40          0          0          0      19024   stm32f4xx_hal_uart.o
       382         78          0          0          0       9443   stm32f4xx_it.o
         0          0          0          0          0        384   stream_buffer.o
        20          6         24          4          0       1315   system_stm32f4xx.o
      3124        366          0         60        240      30508   tasks.o
       916         54          0         28          0       2528   td.o
      1318        124          0         20        272      31675   timers.o
       600         56          0          0        432       2956   usart.o
       666         20          0         12          0       5188   user_lib.o
        24         10          0         18          0       1756   wireless.o
       180         10          0          0          0       1136   zerocheck.o

    ----------------------------------------------------------------------
     44292       2690       1520       1112      47984    1146233   Object Totals
         0          0         32          0          0          0   (incl. Generated)
        42          0          3         12         10          0   (incl. Padding)

    ----------------------------------------------------------------------

      Code (inc. data)   RO Data    RW Data    ZI Data      Debug   Library Member Name

         0          0       2052          0          0       6294   arm_common_tables.o
       186          0          0          0          0       1797   arm_mat_add_f32.o
         8          0          0          0          0        841   arm_mat_init_f32.o
       756          4          0          0          0       3732   arm_mat_inverse_f32.o
       296          4          0          0          0       2300   arm_mat_mult_f32.o
       186          0          0          0          0       1795   arm_mat_sub_f32.o
       162          0          0          0          0       1865   arm_mat_trans_f32.o
       292         16          0          0          0       1600   arm_sin_cos_f32.o
        90          0          0          0          0          0   __dczerorl2.o
         8          0          0          0          0         68   __main.o
         0          0          0          0          0          0   __rtentry.o
        12          0          0          0          0          0   __rtentry2.o
         6          0          0          0          0          0   __rtentry4.o
        52          8          0          0          0          0   __scatter.o
        28          0          0          0          0          0   __scatter_zi.o
        22          0          0          0          0        100   _rserrno.o
        16          0          0          0          0         68   aeabi_memset.o
        10          0          0          0          0         68   defsig_exit.o
        50          0          0          0          0         88   defsig_general.o
        80         58          0          0          0         76   defsig_rtmem_inner.o
        14          0          0          0          0         80   defsig_rtmem_outer.o
        18          0          0          0          0         80   exit.o
        94          0          0          0          0         80   h1_alloc.o
        52          0          0          0          0         68   h1_extend.o
        78          0          0          0          0         80   h1_free.o
        14          0          0          0          0         84   h1_init.o
         6          0          0          0          0        152   heapauxi.o
         4          0          0          0          0        136   hguard.o
         0          0          0          0          0          0   indicate_semi.o
       138          0          0          0          0        168   init_alloc.o
         2          0          0          0          0          0   libinit.o
        14          0          0          0          0          0   libinit2.o
         2          0          0          0          0          0   libshutdown.o
         2          0          0          0          0          0   libshutdown2.o
         8          4          0          0         96         68   libspace.o
       238          0          0          0          0        100   lludivv7m.o
         0          0          0          0          0          0   maybetermalloc1.o
         8          4          0          0          0         68   rt_errno_addr_intlibspace.o
         8          4          0          0          0         68   rt_heap_descriptor_intlibspace.o
        68          0          0          0          0         68   rt_memclr.o
        78          0          0          0          0         80   rt_memclr_w.o
       138          0          0          0          0         68   rt_memcpy_v6.o
       100          0          0          0          0         80   rt_memcpy_w.o
         2          0          0          0          0          0   rtexit.o
        10          0          0          0          0          0   rtexit2.o
        12          4          0          0          0         68   sys_exit.o
        74          0          0          0          0         80   sys_stackheap_outer.o
        14          0          0          0          0         76   sys_wrch.o
         2          0          0          0          0         68   use_no_semi.o
        98          4          0          0          0        140   d2f.o
       804         16          0          0          0        368   daddsub_clz.o
        24          0          0          0          0        116   dcmpi.o
       120          4          0          0          0        140   dleqf.o
       340         12          0          0          0        152   dmul.o
       156          4          0          0          0        140   dnaninf.o
        12          0          0          0          0        116   dretinf.o
       108          0          0          0          0        128   drleqf.o
       408         56          0          0          0        168   dsqrt_umaal.o
        86          4          0          0          0        132   f2d.o
       140          4          0          0          0        132   fnaninf.o
        10          0          0          0          0        116   fpinit.o
        10          0          0          0          0        116   fretinf.o
         0          0          0          0          0          0   usenofp.o
        20          0          0          0          0        124   fabs.o
       122          0          0          0          0        148   sqrt.o

    ----------------------------------------------------------------------
      5936        210       2052          0         96      24748   Library Totals
        20          0          0          0          0          0   (incl. Padding)

    ----------------------------------------------------------------------

      Code (inc. data)   RO Data    RW Data    ZI Data      Debug   Library Name

      1886         24       2052          0          0      20224   arm_cortexM4lf_math.lib
      1572         82          0          0         96       2288   c_w.l
      2316        104          0          0          0       1964   fz_wm.l
       142          0          0          0          0        272   m_wm.l

    ----------------------------------------------------------------------
      5936        210       2052          0         96      24748   Library Totals

    ----------------------------------------------------------------------

==============================================================================


      Code (inc. data)   RO Data    RW Data    ZI Data      Debug   

     50228       2900       3572       1112      48080    1141137   Grand Totals
     50228       2900       3572        188      48080    1141137   ELF Image Totals (compressed)
     50228       2900       3572        188          0          0   ROM Totals

==============================================================================

    Total RO  Size (Code + RO Data)                53800 (  52.54kB)
    Total RW  Size (RW Data + ZI Data)             49192 (  48.04kB)
    Total ROM Size (Code + RO Data + RW Data)      53988 (  52.72kB)

==============================================================================

