<html>
<body>
<pre>
<h1>µVision Build Log</h1>
<h2>Tool Versions:</h2>
IDE-Version: ¦ÌVision V5.41.0.0
Copyright (C) 2024 ARM Ltd and ARM Germany GmbH. All rights reserved.
License Information: 1 gxulz, 1, LIC=585FJ-UEKR7-SBQEJ-UGQ7V-Z7PGQ-PIR06
 
Tool Versions:
Toolchain:       MDK-ARM Plus  Version: 5.41.0.0
Toolchain Path:  D:\keil\ARM\ARMCC\Bin
C Compiler:      Armcc.exe V5.06 update 5 (build 528)
Assembler:       Armasm.exe V5.06 update 5 (build 528)
Linker/Locator:  ArmLink.exe V5.06 update 5 (build 528)
Library Manager: ArmAr.exe V5.06 update 5 (build 528)
Hex Converter:   FromElf.exe V5.06 update 5 (build 528)
CPU DLL:         SARMCM3.DLL V5.41.0.0
Dialog DLL:      DCM.DLL V1.17.5.0
Target DLL:      Segger\JL2CM3.dll V2.99.15.0
Dialog DLL:      TCM.DLL V1.56.4.0
 
<h2>Project:</h2>
D:\RM\testwork\2025_Infantry\Infantry_crossing_hole\2026_pancake_car\Gimbal\MDK-ARM\Gimbal.uvprojx
Project File Date:  07/17/2026

<h2>Output:</h2>
*** Using Compiler 'V5.06 update 5 (build 528)', folder: 'D:\keil\ARM\ARMCC\Bin'
Build target 'Gimbal'
compiling ins.c...
..\Application\src\ins.c(170): warning:  #177-D: function "IMU_Param_Correction"  was declared but never referenced
  static void IMU_Param_Correction(IMU_Param_t *param, float gyro[3], float accel[3])
..\Application\src\ins.c: 1 warning, 0 errors
compiling ChassisSend.c...
compiling main.c...
compiling Gimbal.c...
compiling usbd_cdc_if.c...
compiling bsp_can.c...
compiling freertos.c...
compiling BMI088driver.c...
compiling VTM_Controller.c...
compiling remote_control.c...
compiling lifting_encoder_protection.c...
compiling DT7_Controller.c...
compiling KeyMouse.c...
compiling pc_serial.c...
compiling GimbalSystemID.c...
..\Application\src\GimbalSystemID.c(553): warning:  #177-D: function "Pitch_BuildAngleLayout"  was declared but never referenced
  static void Pitch_BuildAngleLayout(void)
..\Application\src\GimbalSystemID.c(581): warning:  #177-D: function "Pitch_BeginGravity"  was declared but never referenced
  static void Pitch_BeginGravity(void)
..\Application\src\GimbalSystemID.c(776): warning:  #177-D: function "Yaw_BeginBC"  was declared but never referenced
  static void Yaw_BeginBC(void)
..\Application\src\GimbalSystemID.c(1177): warning:  #177-D: function "Yaw_Run"  was declared but never referenced
  static void Yaw_Run(float dt)
..\Application\src\GimbalSystemID.c(1950): warning:  #177-D: function "Pitch_Run"  was declared but never referenced
  static void Pitch_Run(void)
..\Application\src\GimbalSystemID.c: 5 warnings, 0 errors
compiling lifting_control.c...
compiling GimbalEstimateTask.c...
compiling ChassisTask.c...
compiling lifting_tof_protection.c...
compiling Offline_Task.c...
compiling ActionTask.c...
compiling GimbalTask.c...
linking...
Program Size: Code=87948 RO-data=4664 RW-data=1660 ZI-data=51132  
FromELF: creating hex file...
"Gimbal\Gimbal.axf" - 0 Error(s), 6 Warning(s).

<h2>Software Packages used:</h2>

Package Vendor: ARM
                https://www.keil.com/pack/ARM.CMSIS.6.1.0.pack
                ARM::CMSIS@6.1.0
                CMSIS (Common Microcontroller Software Interface Standard)
   * Component: CORE Version: 6.1.0

Package Vendor: Keil
                https://www.keil.com/pack/Keil.STM32F4xx_DFP.3.1.1.pack
                Keil::STM32F4xx_DFP@3.1.1
                STMicroelectronics STM32F4 Series Device Support

<h2>Collection of Component include folders:</h2>
  ./RTE/_Gimbal
  D:/keil/ARM/PACK/ARM/CMSIS/6.1.0/CMSIS/Core/Include

<h2>Collection of Component Files used:</h2>

   * Component: ARM::CMSIS:CORE@6.1.0
      Include file:  CMSIS/Core/Include/tz_context.h
Build Time Elapsed:  00:00:31
</pre>
</body>
</html>
