Component: ARM Compiler 5.06 update 5 (build 528) Tool: armlink [4d35e2]

==============================================================================

Section Cross References

    startup_stm32f407xx.o(STACK) refers (Special) to heapauxi.o(.text) for __use_two_region_memory
    startup_stm32f407xx.o(HEAP) refers (Special) to heapauxi.o(.text) for __use_two_region_memory
    startup_stm32f407xx.o(RESET) refers (Special) to heapauxi.o(.text) for __use_two_region_memory
    startup_stm32f407xx.o(RESET) refers to startup_stm32f407xx.o(STACK) for __initial_sp
    startup_stm32f407xx.o(RESET) refers to startup_stm32f407xx.o(.text) for Reset_Handler
    startup_stm32f407xx.o(RESET) refers to stm32f4xx_it.o(i.NMI_Handler) for NMI_Handler
    startup_stm32f407xx.o(RESET) refers to stm32f4xx_it.o(i.HardFault_Handler) for HardFault_Handler
    startup_stm32f407xx.o(RESET) refers to stm32f4xx_it.o(i.MemManage_Handler) for MemManage_Handler
    startup_stm32f407xx.o(RESET) refers to stm32f4xx_it.o(i.BusFault_Handler) for BusFault_Handler
    startup_stm32f407xx.o(RESET) refers to stm32f4xx_it.o(i.UsageFault_Handler) for UsageFault_Handler
    startup_stm32f407xx.o(RESET) refers to port.o(.emb_text) for SVC_Handler
    startup_stm32f407xx.o(RESET) refers to stm32f4xx_it.o(i.DebugMon_Handler) for DebugMon_Handler
    startup_stm32f407xx.o(RESET) refers to port.o(i.SysTick_Handler) for SysTick_Handler
    startup_stm32f407xx.o(RESET) refers to stm32f4xx_it.o(i.DMA1_Stream1_IRQHandler) for DMA1_Stream1_IRQHandler
    startup_stm32f407xx.o(RESET) refers to stm32f4xx_it.o(i.CAN1_RX0_IRQHandler) for CAN1_RX0_IRQHandler
    startup_stm32f407xx.o(RESET) refers to stm32f4xx_it.o(i.CAN1_RX1_IRQHandler) for CAN1_RX1_IRQHandler
    startup_stm32f407xx.o(RESET) refers to stm32f4xx_it.o(i.TIM1_UP_TIM10_IRQHandler) for TIM1_UP_TIM10_IRQHandler
    startup_stm32f407xx.o(RESET) refers to stm32f4xx_it.o(i.TIM2_IRQHandler) for TIM2_IRQHandler
    startup_stm32f407xx.o(RESET) refers to stm32f4xx_it.o(i.USART1_IRQHandler) for USART1_IRQHandler
    startup_stm32f407xx.o(RESET) refers to stm32f4xx_it.o(i.USART3_IRQHandler) for USART3_IRQHandler
    startup_stm32f407xx.o(RESET) refers to stm32f4xx_it.o(i.DMA2_Stream0_IRQHandler) for DMA2_Stream0_IRQHandler
    startup_stm32f407xx.o(RESET) refers to stm32f4xx_it.o(i.DMA2_Stream1_IRQHandler) for DMA2_Stream1_IRQHandler
    startup_stm32f407xx.o(RESET) refers to stm32f4xx_it.o(i.DMA2_Stream2_IRQHandler) for DMA2_Stream2_IRQHandler
    startup_stm32f407xx.o(RESET) refers to stm32f4xx_it.o(i.DMA2_Stream3_IRQHandler) for DMA2_Stream3_IRQHandler
    startup_stm32f407xx.o(RESET) refers to stm32f4xx_it.o(i.CAN2_RX0_IRQHandler) for CAN2_RX0_IRQHandler
    startup_stm32f407xx.o(RESET) refers to stm32f4xx_it.o(i.CAN2_RX1_IRQHandler) for CAN2_RX1_IRQHandler
    startup_stm32f407xx.o(RESET) refers to stm32f4xx_it.o(i.OTG_FS_IRQHandler) for OTG_FS_IRQHandler
    startup_stm32f407xx.o(RESET) refers to stm32f4xx_it.o(i.USART6_IRQHandler) for USART6_IRQHandler
    startup_stm32f407xx.o(.text) refers (Special) to heapauxi.o(.text) for __use_two_region_memory
    startup_stm32f407xx.o(.text) refers to system_stm32f4xx.o(i.SystemInit) for SystemInit
    startup_stm32f407xx.o(.text) refers to __main.o(!!!main) for __main
    startup_stm32f407xx.o(.text) refers to startup_stm32f407xx.o(HEAP) for Heap_Mem
    startup_stm32f407xx.o(.text) refers to startup_stm32f407xx.o(STACK) for Stack_Mem
    main.o(i.HAL_TIM_PeriodElapsedCallback) refers to stm32f4xx_hal.o(i.HAL_IncTick) for HAL_IncTick
    main.o(i.SystemClock_Config) refers to rt_memclr_w.o(.text) for __aeabi_memclr4
    main.o(i.SystemClock_Config) refers to stm32f4xx_hal_rcc.o(i.HAL_RCC_OscConfig) for HAL_RCC_OscConfig
    main.o(i.SystemClock_Config) refers to main.o(i.Error_Handler) for Error_Handler
    main.o(i.SystemClock_Config) refers to stm32f4xx_hal_rcc.o(i.HAL_RCC_ClockConfig) for HAL_RCC_ClockConfig
    main.o(i.main) refers to stm32f4xx_hal.o(i.HAL_Init) for HAL_Init
    main.o(i.main) refers to main.o(i.SystemClock_Config) for SystemClock_Config
    main.o(i.main) refers to gpio.o(i.MX_GPIO_Init) for MX_GPIO_Init
    main.o(i.main) refers to dma.o(i.MX_DMA_Init) for MX_DMA_Init
    main.o(i.main) refers to can.o(i.MX_CAN1_Init) for MX_CAN1_Init
    main.o(i.main) refers to can.o(i.MX_CAN2_Init) for MX_CAN2_Init
    main.o(i.main) refers to spi.o(i.MX_SPI1_Init) for MX_SPI1_Init
    main.o(i.main) refers to usart.o(i.MX_USART3_UART_Init) for MX_USART3_UART_Init
    main.o(i.main) refers to usart.o(i.MX_USART6_UART_Init) for MX_USART6_UART_Init
    main.o(i.main) refers to tim.o(i.MX_TIM10_Init) for MX_TIM10_Init
    main.o(i.main) refers to tim.o(i.MX_TIM4_Init) for MX_TIM4_Init
    main.o(i.main) refers to usart.o(i.MX_USART1_UART_Init) for MX_USART1_UART_Init
    main.o(i.main) refers to bsp_led.o(i.LED_On) for LED_On
    main.o(i.main) refers to bsp_dwt.o(i.DWT_Init) for DWT_Init
[...]
    0x08000252   0x08000252   0x00000008   Code   RO        10881    .ARM.Collect$$rtentry$$0000000D  c_w.l(__rtentry2.o)
    0x0800025a   0x0800025a   0x00000002   Code   RO        10950    .ARM.Collect$$rtexit$$00000000  c_w.l(rtexit.o)
    0x0800025c   0x0800025c   0x00000000   Code   RO        10981    .ARM.Collect$$rtexit$$00000002  c_w.l(rtexit2.o)
    0x0800025c   0x0800025c   0x00000004   Code   RO        10982    .ARM.Collect$$rtexit$$00000003  c_w.l(rtexit2.o)
    0x08000260   0x08000260   0x00000006   Code   RO        10983    .ARM.Collect$$rtexit$$00000004  c_w.l(rtexit2.o)
    0x08000266   0x08000266   0x00000002   PAD
    0x08000268   0x08000268   0x000000be   Code   RO         6821    .emb_text           port.o
    0x08000326   0x08000326   0x00000002   PAD
    0x08000328   0x08000328   0x00000040   Code   RO            4    .text               startup_stm32f407xx.o
    0x08000368   0x08000368   0x000000ee   Code   RO        10540    .text               c_w.l(lludivv7m.o)
    0x08000456   0x08000456   0x0000008a   Code   RO        10544    .text               c_w.l(rt_memcpy_v6.o)
    0x080004e0   0x080004e0   0x00000064   Code   RO        10546    .text               c_w.l(rt_memcpy_w.o)
    0x08000544   0x08000544   0x00000010   Code   RO        10550    .text               c_w.l(aeabi_memset.o)
    0x08000554   0x08000554   0x00000044   Code   RO        10552    .text               c_w.l(rt_memclr.o)
    0x08000598   0x08000598   0x0000004e   Code   RO        10554    .text               c_w.l(rt_memclr_w.o)
    0x080005e6   0x080005e6   0x00000006   Code   RO        10556    .text               c_w.l(heapauxi.o)
    0x080005ec   0x080005ec   0x00000016   Code   RO        10756    .text               c_w.l(_rserrno.o)
    0x08000602   0x08000602   0x00000002   PAD
    0x08000604   0x08000604   0x00000008   Code   RO        10871    .text               c_w.l(libspace.o)
    0x0800060c   0x0800060c   0x00000008   Code   RO        10894    .text               c_w.l(rt_errno_addr_intlibspace.o)
    0x08000614   0x08000614   0x00000002   Code   RO        10919    .text               c_w.l(use_no_semi.o)
    0x08000616   0x08000616   0x00000000   Code   RO        10921    .text               c_w.l(indicate_semi.o)
    0x08000616   0x08000616   0x0000004a   Code   RO        10922    .text               c_w.l(sys_stackheap_outer.o)
    0x08000660   0x08000660   0x00000012   Code   RO        10928    .text               c_w.l(exit.o)
    0x08000672   0x08000672   0x00000002   PAD
    0x08000674   0x08000674   0x0000000c   Code   RO        10948    .text               c_w.l(sys_exit.o)
    0x08000680   0x08000680   0x00000098   Code   RO        10292    .text.arm_cos_f32   arm_cortexM4lf_math.lib(arm_cos_f32.o)
    0x08000718   0x08000718   0x000000ba   Code   RO        10310    .text.arm_mat_add_f32  arm_cortexM4lf_math.lib(arm_mat_add_f32.o)
    0x080007d2   0x080007d2   0x00000008   Code   RO        10319    .text.arm_mat_init_f32  arm_cortexM4lf_math.lib(arm_mat_init_f32.o)
    0x080007da   0x080007da   0x00000002   PAD
    0x080007dc   0x080007dc   0x000002f4   Code   RO        10327    .text.arm_mat_inverse_f32  arm_cortexM4lf_math.lib(arm_mat_inverse_f32.o)
    0x08000ad0   0x08000ad0   0x00000128   Code   RO        10336    .text.arm_mat_mult_f32  arm_cortexM4lf_math.lib(arm_mat_mult_f32.o)
    0x08000bf8   0x08000bf8   0x000000ba   Code   RO        10345    .text.arm_mat_sub_f32  arm_cortexM4lf_math.lib(arm_mat_sub_f32.o)
    0x08000cb2   0x08000cb2   0x00000002   PAD
    0x08000cb4   0x08000cb4   0x000000a2   Code   RO        10354    .text.arm_mat_trans_f32  arm_cortexM4lf_math.lib(arm_mat_trans_f32.o)
    0x08000d56   0x08000d56   0x00000002   PAD
    0x08000d58   0x08000d58   0x00000090   Code   RO        10301    .text.arm_sin_f32   arm_cortexM4lf_math.lib(arm_sin_f32.o)
    0x08000de8   0x08000de8   0x00000044   Code   RO        10137    i.Action_Task       actiontask.o
    0x08000e2c   0x08000e2c   0x00000030   Code   RO         7404    i.Append_CRC16_Check_Sum  algorithmofcrc.o
    0x08000e5c   0x08000e5c   0x00000014   Code   RO         9683    i.BMI088_ACCEL_NS_H  bmi088middleware.o
    0x08000e70   0x08000e70   0x00000014   Code   RO         9684    i.BMI088_ACCEL_NS_L  bmi088middleware.o
    0x08000e84   0x08000e84   0x00000014   Code   RO         9685    i.BMI088_GYRO_NS_H  bmi088middleware.o
    0x08000e98   0x08000e98   0x00000014   Code   RO         9686    i.BMI088_GYRO_NS_L  bmi088middleware.o
    0x08000eac   0x08000eac   0x0000027c   Code   RO         9742    i.BMI088_Read       bmi088driver.o
    0x08001128   0x08001128   0x0000009c   Code   RO         9743    i.BMI088_init       bmi088driver.o
    0x080011c4   0x080011c4   0x00000026   Code   RO         9744    i.BMI088_read_muli_reg  bmi088driver.o
    0x080011ea   0x080011ea   0x00000018   Code   RO         9745    i.BMI088_read_single_reg  bmi088driver.o
    0x08001202   0x08001202   0x00000002   PAD
    0x08001204   0x08001204   0x00000024   Code   RO         9687    i.BMI088_read_write_byte  bmi088middleware.o
    0x08001228   0x08001228   0x00000014   Code   RO         9746    i.BMI088_write_single_reg  bmi088driver.o
    0x0800123c   0x0800123c   0x0000015a   Code   RO         8794    i.BodyFrameToEarthFrame  ins.o
    0x08001396   0x08001396   0x00000004   Code   RO          907    i.BusFault_Handler  stm32f4xx_it.o
    0x0800139a   0x0800139a   0x00000002   PAD
    0x0800139c   0x0800139c   0x00000010   Code   RO          908    i.CAN1_RX0_IRQHandler  stm32f4xx_it.o
    0x080013ac   0x080013ac   0x00000010   Code   RO          909    i.CAN1_RX1_IRQHandler  stm32f4xx_it.o
    0x080013bc   0x080013bc   0x00000010   Code   RO          910    i.CAN2_RX0_IRQHandler  stm32f4xx_it.o
    0x080013cc   0x080013cc   0x00000010   Code   RO          911    i.CAN2_RX1_IRQHandler  stm32f4xx_it.o
    0x080013dc   0x080013dc   0x00000044   Code   RO         1292    i.CDC_Control_FS    usbd_cdc_if.o
    0x08001420   0x08001420   0x00000004   Code   RO         1293    i.CDC_DeInit_FS     usbd_cdc_if.o
    0x08001424   0x08001424   0x00000024   Code   RO         1294    i.CDC_Init_FS       usbd_cdc_if.o
    0x08001448   0x08001448   0x00000030   Code   RO         1295    i.CDC_Receive_FS    usbd_cdc_if.o
    0x08001478   0x08001478   0x0000000c   Code   RO         1296    i.CDC_TransmitCplt_FS  usbd_cdc_if.o
    0x08001484   0x08001484   0x00000038   Code   RO         1297    i.CDC_Transmit_FS   usbd_cdc_if.o
    0x080014bc   0x080014bc   0x00000544   Code   RO         9747    i.Calibrate_MPU_Offset  bmi088driver.o
    0x08001a00   0x08001a00   0x0000002e   Code   RO         8114    i.CanSend           bsp_can.o
    0x08001a2e   0x08001a2e   0x00000016   Code   RO         8928    i.Change_Init       remote_control.o
    0x08001a44   0x08001a44   0x00000080   Code   RO        10161    i.Chassis_Task      chassistask.o
    0x08001ac4   0x08001ac4   0x00000040   Code   RO         9266    i.DJIRemoteUpdate   keymouse.o
    0x08001b04   0x08001b04   0x00000010   Code   RO          912    i.DMA1_Stream1_IRQHandler  stm32f4xx_it.o
    0x08001b14   0x08001b14   0x00000010   Code   RO          913    i.DMA2_Stream0_IRQHandler  stm32f4xx_it.o
    0x08001b24   0x08001b24   0x00000010   Code   RO          914    i.DMA2_Stream1_IRQHandler  stm32f4xx_it.o
    0x08001b34   0x08001b34   0x00000010   Code   RO          915    i.DMA2_Stream2_IRQHandler  stm32f4xx_it.o
    0x08001b44   0x08001b44   0x00000010   Code   RO          916    i.DMA2_Stream3_IRQHandler  stm32f4xx_it.o
    0x08001b54   0x08001b54   0x00000034   Code   RO         3662    i.DMA_CalcBaseAndBitshift  stm32f4xx_hal_dma.o
    0x08001b88   0x08001b88   0x000000aa   Code   RO         3663    i.DMA_CheckFifoParam  stm32f4xx_hal_dma.o
    0x08001c32   0x08001c32   0x00000002   PAD
    0x08001c34   0x08001c34   0x0000029c   Code   RO         8499    i.DM_Motor_Control  dm_motor.o
    0x08001ed0   0x08001ed0   0x0000001c   Code   RO         8500    i.DM_Motor_Init     dm_motor.o
    0x08001eec   0x08001eec   0x00000110   Code   RO         8501    i.DM_Motor_Receive  dm_motor.o
    0x08001ffc   0x08001ffc   0x00000104   Code   RO         9105    i.DT7_ChassisControl  dt7_controller.o
    0x08002100   0x08002100   0x000000bc   Code   RO         8450    i.DT7_Decode        bsp_dt7.o
    0x080021bc   0x080021bc   0x0000008c   Code   RO         9106    i.DT7_GimbalControl  dt7_controller.o
    0x08002248   0x08002248   0x00000124   Code   RO         8451    i.DT7_RC_Receive    bsp_dt7.o
    0x0800236c   0x0800236c   0x0000029c   Code   RO         9107    i.DT7_Update        dt7_controller.o
    0x08002608   0x08002608   0x00000030   Code   RO         8184    i.DWT_CNT_Update    bsp_dwt.o
    0x08002638   0x08002638   0x0000003c   Code   RO         8185    i.DWT_Delay         bsp_dwt.o
    0x08002674   0x08002674   0x0000004c   Code   RO         8186    i.DWT_GetDeltaT     bsp_dwt.o
    0x080026c0   0x080026c0   0x0000005c   Code   RO         8189    i.DWT_GetTimeline_s  bsp_dwt.o
    0x0800271c   0x0800271c   0x00000068   Code   RO         8191    i.DWT_Init          bsp_dwt.o
    0x08002784   0x08002784   0x000000e0   Code   RO         8192    i.DWT_SysTimeUpdate  bsp_dwt.o
    0x08002864   0x08002864   0x0000028c   Code   RO         8115    i.DataReceive       bsp_can.o
    0x08002af0   0x08002af0   0x00000002   Code   RO          917    i.DebugMon_Handler  stm32f4xx_it.o
    0x08002af2   0x08002af2   0x0000015a   Code   RO         8795    i.EarthFrameToBodyFrame  ins.o
    0x08002c4c   0x08002c4c   0x00000006   Code   RO           13    i.Error_Handler     main.o
    0x08002c52   0x08002c52   0x0000012a   Code   RO         7636    i.Feedforward_Calculate  pid.o
    0x08002d7c   0x08002d7c   0x0000009c   Code   RO         7638    i.Feedforward_Init  pid.o
    0x08002e18   0x08002e18   0x000000e8   Code   RO         9141    i.FrictionWheel_Init  frictionwheel.o
    0x08002f00   0x08002f00   0x00000070   Code   RO         9142    i.FrictionWheel_Set  frictionwheel.o
    0x08002f70   0x08002f70   0x00000022   Code   RO         8929    i.Game_Init         remote_control.o
    0x08002f92   0x08002f92   0x00000002   PAD
    0x08002f94   0x08002f94   0x00000034   Code   RO         7406    i.Get_CRC16_Check_Sum  algorithmofcrc.o
    0x08002fc8   0x08002fc8   0x00000034   Code   RO         1202    i.Get_SerialNum     usbd_desc.o
    0x08002ffc   0x08002ffc   0x00000094   Code   RO         8699    i.GimbalClear       gimbal.o
    0x08003090   0x08003090   0x000000c0   Code   RO        10188    i.GimbalEstimate_task  gimbalestimatetask.o
    0x08003150   0x08003150   0x00000034   Code   RO         8701    i.GimbalMotorInit   gimbal.o
    0x08003184   0x08003184   0x00000150   Code   RO         8702    i.GimbalPidInit     gimbal.o
    0x080032d4   0x080032d4   0x0000000c   Code   RO         9336    i.GimbalSystemID_Init  gimbalsystemid.o
    0x080032e0   0x080032e0   0x00000028   Code   RO        10212    i.Gimbal_Act_Cal    gimbaltask.o
    0x08003308   0x08003308   0x000000e4   Code   RO        10213    i.Gimbal_Auto_aim_Cal  gimbaltask.o
    0x080033ec   0x080033ec   0x00000078   Code   RO         8703    i.Gimbal_ErrorAngle  gimbal.o
    0x08003464   0x08003464   0x00000058   Code   RO        10214    i.Gimbal_Msg_Update  gimbaltask.o
    0x080034bc   0x080034bc   0x000002b8   Code   RO        10215    i.Gimbal_PC_Cal     gimbaltask.o
    0x08003774   0x08003774   0x000001c0   Code   RO         8704    i.Gimbal_Pitch_Calculate  gimbal.o
    0x08003934   0x08003934   0x0000005c   Code   RO        10216    i.Gimbal_Return     gimbaltask.o
    0x08003990   0x08003990   0x00000100   Code   RO        10217    i.Gimbal_Task       gimbaltask.o
    0x08003a90   0x08003a90   0x00000100   Code   RO         8705    i.Gimbal_Yaw_Calculate  gimbal.o
    0x08003b90   0x08003b90   0x0000002a   Code   RO         4359    i.HAL_CAN_ActivateNotification  stm32f4xx_hal_can.o
    0x08003bba   0x08003bba   0x0000014a   Code   RO         4360    i.HAL_CAN_AddTxMessage  stm32f4xx_hal_can.o
    0x08003d04   0x08003d04   0x00000120   Code   RO         4361    i.HAL_CAN_ConfigFilter  stm32f4xx_hal_can.o
    0x08003e24   0x08003e24   0x00000002   Code   RO         4364    i.HAL_CAN_ErrorCallback  stm32f4xx_hal_can.o
    0x08003e26   0x08003e26   0x00000194   Code   RO         4367    i.HAL_CAN_GetRxMessage  stm32f4xx_hal_can.o
    0x08003fba   0x08003fba   0x0000024e   Code   RO         4371    i.HAL_CAN_IRQHandler  stm32f4xx_hal_can.o
    0x08004208   0x08004208   0x00000174   Code   RO         4372    i.HAL_CAN_Init      stm32f4xx_hal_can.o
    0x0800437c   0x0800437c   0x00000180   Code   RO          682    i.HAL_CAN_MspInit   can.o
    0x080044fc   0x080044fc   0x00000002   Code   RO         4379    i.HAL_CAN_RxFifo0FullCallback  stm32f4xx_hal_can.o
    0x080044fe   0x080044fe   0x00000020   Code   RO         8116    i.HAL_CAN_RxFifo0MsgPendingCallback  bsp_can.o
    0x0800451e   0x0800451e   0x00000002   Code   RO         4381    i.HAL_CAN_RxFifo1FullCallback  stm32f4xx_hal_can.o
    0x08004520   0x08004520   0x00000020   Code   RO         8117    i.HAL_CAN_RxFifo1MsgPendingCallback  bsp_can.o
    0x08004540   0x08004540   0x00000002   Code   RO         4383    i.HAL_CAN_SleepCallback  stm32f4xx_hal_can.o
    0x08004542   0x08004542   0x0000005e   Code   RO         4384    i.HAL_CAN_Start     stm32f4xx_hal_can.o
    0x080045a0   0x080045a0   0x00000002   Code   RO         4386    i.HAL_CAN_TxMailbox0AbortCallback  stm32f4xx_hal_can.o
    0x080045a2   0x080045a2   0x00000002   Code   RO         4387    i.HAL_CAN_TxMailbox0CompleteCallback  stm32f4xx_hal_can.o
    0x080045a4   0x080045a4   0x00000002   Code   RO         4388    i.HAL_CAN_TxMailbox1AbortCallback  stm32f4xx_hal_can.o
    0x080045a6   0x080045a6   0x00000002   Code   RO         4389    i.HAL_CAN_TxMailbox1CompleteCallback  stm32f4xx_hal_can.o
    0x080045a8   0x080045a8   0x00000002   Code   RO         4390    i.HAL_CAN_TxMailbox2AbortCallback  stm32f4xx_hal_can.o
    0x080045aa   0x080045aa   0x00000002   Code   RO         4391    i.HAL_CAN_TxMailbox2CompleteCallback  stm32f4xx_hal_can.o
    0x080045ac   0x080045ac   0x00000002   Code   RO         4393    i.HAL_CAN_WakeUpFromRxMsgCallback  stm32f4xx_hal_can.o
    0x080045ae   0x080045ae   0x000000ac   Code   RO         3665    i.HAL_DMA_Abort     stm32f4xx_hal_dma.o
    0x0800465a   0x0800465a   0x00000028   Code   RO         3666    i.HAL_DMA_Abort_IT  stm32f4xx_hal_dma.o
    0x08004682   0x08004682   0x00000002   PAD
    0x08004684   0x08004684   0x00000240   Code   RO         3670    i.HAL_DMA_IRQHandler  stm32f4xx_hal_dma.o
    0x080048c4   0x080048c4   0x000000ec   Code   RO         3671    i.HAL_DMA_Init      stm32f4xx_hal_dma.o
    0x080049b0   0x080049b0   0x00000028   Code   RO         4107    i.HAL_Delay         stm32f4xx_hal.o
    0x080049d8   0x080049d8   0x000001f4   Code   RO         3558    i.HAL_GPIO_Init     stm32f4xx_hal_gpio.o
    0x08004bcc   0x08004bcc   0x0000000c   Code   RO         3562    i.HAL_GPIO_WritePin  stm32f4xx_hal_gpio.o
    0x08004bd8   0x08004bd8   0x0000000c   Code   RO         4113    i.HAL_GetTick       stm32f4xx_hal.o
    0x08004be4   0x08004be4   0x00000018   Code   RO         4119    i.HAL_IncTick       stm32f4xx_hal.o
    0x08004bfc   0x08004bfc   0x0000003c   Code   RO         4120    i.HAL_Init          stm32f4xx_hal.o
    0x08004c38   0x08004c38   0x000000b4   Code   RO         1106    i.HAL_InitTick      stm32f4xx_hal_timebase_tim.o
    0x08004cec   0x08004cec   0x00000054   Code   RO         1082    i.HAL_MspInit       stm32f4xx_hal_msp.o
    0x08004d40   0x08004d40   0x00000028   Code   RO         3950    i.HAL_NVIC_EnableIRQ  stm32f4xx_hal_cortex.o
    0x08004d68   0x08004d68   0x0000007c   Code   RO         3956    i.HAL_NVIC_SetPriority  stm32f4xx_hal_cortex.o
    0x08004de4   0x08004de4   0x00000028   Code   RO         3957    i.HAL_NVIC_SetPriorityGrouping  stm32f4xx_hal_cortex.o
    0x08004e0c   0x08004e0c   0x00000002   Code   RO         2806    i.HAL_PCDEx_LPM_Callback  stm32f4xx_hal_pcd_ex.o
    0x08004e0e   0x08004e0e   0x0000000a   Code   RO         2807    i.HAL_PCDEx_SetRxFiFo  stm32f4xx_hal_pcd_ex.o
    0x08004e18   0x08004e18   0x0000004e   Code   RO         2808    i.HAL_PCDEx_SetTxFiFo  stm32f4xx_hal_pcd_ex.o
    0x08004e66   0x08004e66   0x0000000e   Code   RO         1371    i.HAL_PCD_ConnectCallback  usbd_conf.o
    0x08004e74   0x08004e74   0x00000020   Code   RO         1372    i.HAL_PCD_DataInStageCallback  usbd_conf.o
    0x08004e94   0x08004e94   0x00000020   Code   RO         1373    i.HAL_PCD_DataOutStageCallback  usbd_conf.o
    0x08004eb4   0x08004eb4   0x0000000e   Code   RO         1374    i.HAL_PCD_DisconnectCallback  usbd_conf.o
    0x08004ec2   0x08004ec2   0x00000042   Code   RO         2571    i.HAL_PCD_EP_Abort  stm32f4xx_hal_pcd.o
    0x08004f04   0x08004f04   0x0000006a   Code   RO         2572    i.HAL_PCD_EP_Close  stm32f4xx_hal_pcd.o
    0x08004f6e   0x08004f6e   0x0000007c   Code   RO         2573    i.HAL_PCD_EP_ClrStall  stm32f4xx_hal_pcd.o
    0x08004fea   0x08004fea   0x00000016   Code   RO         2575    i.HAL_PCD_EP_GetRxCount  stm32f4xx_hal_pcd.o
    0x08005000   0x08005000   0x0000008e   Code   RO         2576    i.HAL_PCD_EP_Open   stm32f4xx_hal_pcd.o
    0x0800508e   0x0800508e   0x00000046   Code   RO         2577    i.HAL_PCD_EP_Receive  stm32f4xx_hal_pcd.o
    0x080050d4   0x080050d4   0x0000008a   Code   RO         2578    i.HAL_PCD_EP_SetStall  stm32f4xx_hal_pcd.o
    0x0800515e   0x0800515e   0x00000048   Code   RO         2579    i.HAL_PCD_EP_Transmit  stm32f4xx_hal_pcd.o
    0x080051a6   0x080051a6   0x000006ca   Code   RO         2581    i.HAL_PCD_IRQHandler  stm32f4xx_hal_pcd.o
    0x08005870   0x08005870   0x00000012   Code   RO         1375    i.HAL_PCD_ISOINIncompleteCallback  usbd_conf.o
    0x08005882   0x08005882   0x00000012   Code   RO         1376    i.HAL_PCD_ISOOUTIncompleteCallback  usbd_conf.o
    0x08005894   0x08005894   0x0000015e   Code   RO         2584    i.HAL_PCD_Init      stm32f4xx_hal_pcd.o
    0x080059f2   0x080059f2   0x00000002   PAD
    0x080059f4   0x080059f4   0x000000a8   Code   RO         1378    i.HAL_PCD_MspInit   usbd_conf.o
    0x08005a9c   0x08005a9c   0x00000030   Code   RO         1379    i.HAL_PCD_ResetCallback  usbd_conf.o
    0x08005acc   0x08005acc   0x0000000e   Code   RO         1380    i.HAL_PCD_ResumeCallback  usbd_conf.o
    0x08005ada   0x08005ada   0x0000000e   Code   RO         1381    i.HAL_PCD_SOFCallback  usbd_conf.o
    0x08005ae8   0x08005ae8   0x00000034   Code   RO         2590    i.HAL_PCD_SetAddress  stm32f4xx_hal_pcd.o
    0x08005b1c   0x08005b1c   0x00000012   Code   RO         1382    i.HAL_PCD_SetupStageCallback  usbd_conf.o
    0x08005b2e   0x08005b2e   0x0000004c   Code   RO         2593    i.HAL_PCD_Start     stm32f4xx_hal_pcd.o
    0x08005b7a   0x08005b7a   0x00000002   PAD
    0x08005b7c   0x08005b7c   0x00000034   Code   RO         1383    i.HAL_PCD_SuspendCallback  usbd_conf.o
    0x08005bb0   0x08005bb0   0x00000184   Code   RO         3159    i.HAL_RCC_ClockConfig  stm32f4xx_hal_rcc.o
    0x08005d34   0x08005d34   0x00000044   Code   RO         3163    i.HAL_RCC_GetClockConfig  stm32f4xx_hal_rcc.o
    0x08005d78   0x08005d78   0x0000000c   Code   RO         3164    i.HAL_RCC_GetHCLKFreq  stm32f4xx_hal_rcc.o
    0x08005d84   0x08005d84   0x00000020   Code   RO         3166    i.HAL_RCC_GetPCLK1Freq  stm32f4xx_hal_rcc.o
    0x08005da4   0x08005da4   0x00000020   Code   RO         3167    i.HAL_RCC_GetPCLK2Freq  stm32f4xx_hal_rcc.o
    0x08005dc4   0x08005dc4   0x000000b0   Code   RO         3168    i.HAL_RCC_GetSysClockFreq  stm32f4xx_hal_rcc.o
    0x08005e74   0x08005e74   0x0000049c   Code   RO         3171    i.HAL_RCC_OscConfig  stm32f4xx_hal_rcc.o
    0x08006310   0x08006310   0x000000c8   Code   RO         4603    i.HAL_SPI_Init      stm32f4xx_hal_spi.o
    0x080063d8   0x080063d8   0x00000158   Code   RO          758    i.HAL_SPI_MspInit   spi.o
    0x08006530   0x08006530   0x00000248   Code   RO         4612    i.HAL_SPI_TransmitReceive  stm32f4xx_hal_spi.o
    0x08006778   0x08006778   0x00000002   Code   RO         2295    i.HAL_TIMEx_BreakCallback  stm32f4xx_hal_tim_ex.o
    0x0800677a   0x0800677a   0x00000002   Code   RO         2296    i.HAL_TIMEx_CommutCallback  stm32f4xx_hal_tim_ex.o
    0x0800677c   0x0800677c   0x000000b4   Code   RO         2314    i.HAL_TIMEx_MasterConfigSynchronization  stm32f4xx_hal_tim_ex.o
    0x08006830   0x08006830   0x00000066   Code   RO         1580    i.HAL_TIM_Base_Init  stm32f4xx_hal_tim.o
    0x08006896   0x08006896   0x00000002   PAD
    0x08006898   0x08006898   0x00000078   Code   RO          800    i.HAL_TIM_Base_MspInit  tim.o
    0x08006910   0x08006910   0x000000a8   Code   RO         1585    i.HAL_TIM_Base_Start_IT  stm32f4xx_hal_tim.o
    0x080069b8   0x080069b8   0x0000010c   Code   RO         1589    i.HAL_TIM_ConfigClockSource  stm32f4xx_hal_tim.o
    0x08006ac4   0x08006ac4   0x00000002   Code   RO         1614    i.HAL_TIM_IC_CaptureCallback  stm32f4xx_hal_tim.o
    0x08006ac6   0x08006ac6   0x0000016c   Code   RO         1628    i.HAL_TIM_IRQHandler  stm32f4xx_hal_tim.o
    0x08006c32   0x08006c32   0x00000002   PAD
    0x08006c34   0x08006c34   0x000000b4   Code   RO          801    i.HAL_TIM_MspPostInit  tim.o
    0x08006ce8   0x08006ce8   0x00000002   Code   RO         1631    i.HAL_TIM_OC_DelayElapsedCallback  stm32f4xx_hal_tim.o
    0x08006cea   0x08006cea   0x00000104   Code   RO         1652    i.HAL_TIM_PWM_ConfigChannel  stm32f4xx_hal_tim.o
    0x08006dee   0x08006dee   0x00000066   Code   RO         1655    i.HAL_TIM_PWM_Init  stm32f4xx_hal_tim.o
    0x08006e54   0x08006e54   0x00000002   Code   RO         1657    i.HAL_TIM_PWM_MspInit  stm32f4xx_hal_tim.o
    0x08006e56   0x08006e56   0x00000002   Code   RO         1658    i.HAL_TIM_PWM_PulseFinishedCallback  stm32f4xx_hal_tim.o
    0x08006e58   0x08006e58   0x0000010c   Code   RO         1660    i.HAL_TIM_PWM_Start  stm32f4xx_hal_tim.o
    0x08006f64   0x08006f64   0x000000a8   Code   RO         1663    i.HAL_TIM_PWM_Stop  stm32f4xx_hal_tim.o
    0x0800700c   0x0800700c   0x00000012   Code   RO           14    i.HAL_TIM_PeriodElapsedCallback  main.o
    0x0800701e   0x0800701e   0x00000002   Code   RO         1671    i.HAL_TIM_TriggerCallback  stm32f4xx_hal_tim.o
    0x08007020   0x08007020   0x00000002   Code   RO         4926    i.HAL_UARTEx_RxEventCallback  stm32f4xx_hal_uart.o
    0x08007022   0x08007022   0x00000002   Code   RO         4940    i.HAL_UART_ErrorCallback  stm32f4xx_hal_uart.o
    0x08007024   0x08007024   0x00000308   Code   RO         4943    i.HAL_UART_IRQHandler  stm32f4xx_hal_uart.o
    0x0800732c   0x0800732c   0x00000076   Code   RO         4944    i.HAL_UART_Init     stm32f4xx_hal_uart.o
    0x080073a2   0x080073a2   0x00000002   PAD
    0x080073a4   0x080073a4   0x000002c4   Code   RO          854    i.HAL_UART_MspInit  usart.o
    0x08007668   0x08007668   0x00000002   Code   RO         4950    i.HAL_UART_RxCpltCallback  stm32f4xx_hal_uart.o
    0x0800766a   0x0800766a   0x00000002   Code   RO         4955    i.HAL_UART_TxCpltCallback  stm32f4xx_hal_uart.o
    0x0800766c   0x0800766c   0x00000130   Code   RO         7493    i.H_K_R_Adjustment  kalman_filter.o
    0x0800779c   0x0800779c   0x00000004   Code   RO          918    i.HardFault_Handler  stm32f4xx_it.o
    0x080077a0   0x080077a0   0x00000238   Code   RO         7774    i.IMU_QuaternionEKF_F_Linearization_P_Fading  quaternionekf.o
    0x080079d8   0x080079d8   0x0000022c   Code   RO         7775    i.IMU_QuaternionEKF_Init  quaternionekf.o
    0x08007c04   0x08007c04   0x00000034   Code   RO         7776    i.IMU_QuaternionEKF_Observe  quaternionekf.o
    0x08007c38   0x08007c38   0x00000128   Code   RO         7777    i.IMU_QuaternionEKF_SetH  quaternionekf.o
    0x08007d60   0x08007d60   0x0000060c   Code   RO         7778    i.IMU_QuaternionEKF_Update  quaternionekf.o
    0x0800836c   0x0800836c   0x00000508   Code   RO         7779    i.IMU_QuaternionEKF_xhatUpdate  quaternionekf.o
    0x08008874   0x08008874   0x00000074   Code   RO         8798    i.IMU_Temperature_Ctrl  ins.o
    0x080088e8   0x080088e8   0x000000dc   Code   RO         8799    i.INS_Init          ins.o
    0x080089c4   0x080089c4   0x00000270   Code   RO         8800    i.INS_Task          ins.o
    0x08008c34   0x08008c34   0x00000188   Code   RO         8294    i.Initialization_Completed  bsp_buzzer.o
    0x08008dbc   0x08008dbc   0x0000003e   Code   RO         1203    i.IntToUnicode      usbd_desc.o
    0x08008dfa   0x08008dfa   0x00000002   PAD
    0x08008dfc   0x08008dfc   0x0000070c   Code   RO         7494    i.Kalman_Filter_Init  kalman_filter.o
    0x08009508   0x08009508   0x00000050   Code   RO         7495    i.Kalman_Filter_Measure  kalman_filter.o
    0x08009558   0x08009558   0x00000068   Code   RO         7496    i.Kalman_Filter_P_Update  kalman_filter.o
    0x080095c0   0x080095c0   0x00000068   Code   RO         7497    i.Kalman_Filter_PminusUpdate  kalman_filter.o
    0x08009628   0x08009628   0x000000d2   Code   RO         7498    i.Kalman_Filter_SetK  kalman_filter.o
    0x080096fa   0x080096fa   0x00000002   PAD
    0x080096fc   0x080096fc   0x00000128   Code   RO         7499    i.Kalman_Filter_Update  kalman_filter.o
    0x08009824   0x08009824   0x0000007c   Code   RO         7500    i.Kalman_Filter_xhatMinusUpdate  kalman_filter.o
    0x080098a0   0x080098a0   0x00000086   Code   RO         7501    i.Kalman_Filter_xhatUpdate  kalman_filter.o
    0x08009926   0x08009926   0x00000002   PAD
    0x08009928   0x08009928   0x000005e0   Code   RO         9267    i.KeyMouseUpdate    keymouse.o
    0x08009f08   0x08009f08   0x00000074   Code   RO         9268    i.KeyMouse_Init     keymouse.o
    0x08009f7c   0x08009f7c   0x00000014   Code   RO         8347    i.LED_Off           bsp_led.o
    0x08009f90   0x08009f90   0x00000014   Code   RO         8348    i.LED_On            bsp_led.o
    0x08009fa4   0x08009fa4   0x000000bc   Code   RO         9910    i.LiftPidInit       lifting_control.o
    0x0800a060   0x0800a060   0x00000120   Code   RO        10032    i.LiftTofProtection_AfterPid  lifting_tof_protection.o
    0x0800a180   0x0800a180   0x00000180   Code   RO        10033    i.LiftTofProtection_BeforePid  lifting_tof_protection.o
    0x0800a300   0x0800a300   0x000000a4   Code   RO        10034    i.LiftTofProtection_BeginMotion  lifting_tof_protection.o
    0x0800a3a4   0x0800a3a4   0x00000024   Code   RO        10035    i.LiftTofProtection_Init  lifting_tof_protection.o
    0x0800a3c8   0x0800a3c8   0x0000008c   Code   RO        10036    i.LiftTofProtection_OcclusionRecovered  lifting_tof_protection.o
    0x0800a454   0x0800a454   0x0000005c   Code   RO         9911    i.Lifting_Control   lifting_control.o
    0x0800a4b0   0x0800a4b0   0x00000014   Code   RO         7331    i.LossDetect        debug.o
    0x0800a4c4   0x0800a4c4   0x00000042   Code   RO         7332    i.LossUpdate        debug.o
    0x0800a506   0x0800a506   0x00000002   PAD
    0x0800a508   0x0800a508   0x000000fc   Code   RO         8578    i.M2006_Decode      m2006.o
    0x0800a604   0x0800a604   0x00000090   Code   RO         8579    i.M2006_SendPack    m2006.o
    0x0800a694   0x0800a694   0x00000174   Code   RO         8611    i.M3508_Decode      m3508.o
    0x0800a808   0x0800a808   0x000000d8   Code   RO         8612    i.M3508_SendPack    m3508.o
    0x0800a8e0   0x0800a8e0   0x00000048   Code   RO          683    i.MX_CAN1_Init      can.o
    0x0800a928   0x0800a928   0x00000044   Code   RO          684    i.MX_CAN2_Init      can.o
    0x0800a96c   0x0800a96c   0x00000098   Code   RO          730    i.MX_DMA_Init       dma.o
    0x0800aa04   0x0800aa04   0x00000098   Code   RO          534    i.MX_FREERTOS_Init  freertos.o
    0x0800aa9c   0x0800aa9c   0x00000158   Code   RO          398    i.MX_GPIO_Init      gpio.o
    0x0800abf4   0x0800abf4   0x00000048   Code   RO          759    i.MX_SPI1_Init      spi.o
    0x0800ac3c   0x0800ac3c   0x0000006c   Code   RO          802    i.MX_TIM10_Init     tim.o
    0x0800aca8   0x0800aca8   0x000000a8   Code   RO          803    i.MX_TIM4_Init      tim.o
    0x0800ad50   0x0800ad50   0x00000038   Code   RO          855    i.MX_USART1_UART_Init  usart.o
    0x0800ad88   0x0800ad88   0x00000038   Code   RO          856    i.MX_USART3_UART_Init  usart.o
    0x0800adc0   0x0800adc0   0x00000038   Code   RO          857    i.MX_USART6_UART_Init  usart.o
    0x0800adf8   0x0800adf8   0x0000004c   Code   RO         1145    i.MX_USB_DEVICE_Init  usb_device.o
    0x0800ae44   0x0800ae44   0x00000004   Code   RO          919    i.MemManage_Handler  stm32f4xx_it.o
    0x0800ae48   0x0800ae48   0x00000004   Code   RO          920    i.NMI_Handler       stm32f4xx_it.o
    0x0800ae4c   0x0800ae4c   0x000001cc   Code   RO         8041    i.OLS_Derivative    user_lib.o
    0x0800b018   0x0800b018   0x0000004c   Code   RO         8042    i.OLS_Init          user_lib.o
    0x0800b064   0x0800b064   0x00000010   Code   RO          921    i.OTG_FS_IRQHandler  stm32f4xx_it.o
    0x0800b074   0x0800b074   0x000000ec   Code   RO        10110    i.Offline_task      offline_task.o
    0x0800b160   0x0800b160   0x00000064   Code   RO         2597    i.PCD_EP_OutSetupPacket_int  stm32f4xx_hal_pcd.o
    0x0800b1c4   0x0800b1c4   0x00000144   Code   RO         2598    i.PCD_EP_OutXfrComplete_int  stm32f4xx_hal_pcd.o
    0x0800b308   0x0800b308   0x000000b6   Code   RO         2599    i.PCD_WriteEmptyTxFifo  stm32f4xx_hal_pcd.o
    0x0800b3be   0x0800b3be   0x00000002   PAD
    0x0800b3c0   0x0800b3c0   0x00000034   Code   RO         8873    i.PCReceive         pc_serial.o
    0x0800b3f4   0x0800b3f4   0x00000024   Code   RO         8874    i.PCSolve           pc_serial.o
    0x0800b418   0x0800b418   0x0000004c   Code   RO         8295    i.PC_Off            bsp_buzzer.o
    0x0800b464   0x0800b464   0x00000034   Code   RO         8296    i.PC_On             bsp_buzzer.o
    0x0800b498   0x0800b498   0x00000292   Code   RO         7641    i.PID_Calculate     pid.o
    0x0800b72a   0x0800b72a   0x00000002   PAD
    0x0800b72c   0x0800b72c   0x00000054   Code   RO         7643    i.PID_Clear         pid.o
    0x0800b780   0x0800b780   0x000000a4   Code   RO         7644    i.PID_Init          pid.o
    0x0800b824   0x0800b824   0x0000002c   Code   RO         8662    i.Pack_Chassis2     chassissend.o
    0x0800b850   0x0800b850   0x00000128   Code   RO         8663    i.Pack_InfantryMode  chassissend.o
    0x0800b978   0x0800b978   0x00000030   Code   RO         8930    i.RC_Rst            remote_control.o
    0x0800b9a8   0x0800b9a8   0x00000034   Code   RO         8641    i.Referee_Check     chassisget.o
    0x0800b9dc   0x0800b9dc   0x000000dc   Code   RO         8931    i.RemoteGet         remote_control.o
    0x0800bab8   0x0800bab8   0x0000001e   Code   RO         8452    i.RemoteLimit       bsp_dt7.o
    0x0800bad6   0x0800bad6   0x00000002   PAD
    0x0800bad8   0x0800bad8   0x00000088   Code   RO         4641    i.SPI_EndRxTxTransaction  stm32f4xx_hal_spi.o
    0x0800bb60   0x0800bb60   0x000000d8   Code   RO         4646    i.SPI_WaitFlagStateUntilTimeout  stm32f4xx_hal_spi.o
    0x0800bc38   0x0800bc38   0x00000012   Code   RO         7063    i.SWAPBYTE          usbd_ctlreq.o
    0x0800bc4a   0x0800bc4a   0x00000002   PAD
    0x0800bc4c   0x0800bc4c   0x00000018   Code   RO         8875    i.SendtoPC          pc_serial.o
    0x0800bc64   0x0800bc64   0x000000b4   Code   RO         8876    i.SendtoPCPack      pc_serial.o
    0x0800bd18   0x0800bd18   0x0000002c   Code   RO         8297    i.Set_Buzzer_Frequency  bsp_buzzer.o
    0x0800bd44   0x0800bd44   0x000000ac   Code   RO        10218    i.Shoot_Fire_Cal    gimbaltask.o
    0x0800bdf0   0x0800bdf0   0x000000c4   Code   RO        10219    i.Shoot_Power_down_Cal  gimbaltask.o
    0x0800beb4   0x0800beb4   0x00000068   Code   RO         8045    i.Sqrt              user_lib.o
    0x0800bf1c   0x0800bf1c   0x0000000a   Code   RO         9269    i.State_Clear       keymouse.o
    0x0800bf26   0x0800bf26   0x00000002   PAD
    0x0800bf28   0x0800bf28   0x00000034   Code   RO         6822    i.SysTick_Handler   port.o
    0x0800bf5c   0x0800bf5c   0x000000b4   Code   RO           15    i.SystemClock_Config  main.o
    0x0800c010   0x0800c010   0x00000014   Code   RO         5288    i.SystemInit        system_stm32f4xx.o
    0x0800c024   0x0800c024   0x00000330   Code   RO         7989    i.TD_Calculate      td.o
    0x0800c354   0x0800c354   0x00000048   Code   RO         7990    i.TD_Clear          td.o
    0x0800c39c   0x0800c39c   0x00000038   Code   RO         7991    i.TD_Init           td.o
    0x0800c3d4   0x0800c3d4   0x00000010   Code   RO          922    i.TIM1_UP_TIM10_IRQHandler  stm32f4xx_it.o
    0x0800c3e4   0x0800c3e4   0x00000010   Code   RO          923    i.TIM2_IRQHandler   stm32f4xx_it.o
    0x0800c3f4   0x0800c3f4   0x000000e0   Code   RO         1673    i.TIM_Base_SetConfig  stm32f4xx_hal_tim.o
    0x0800c4d4   0x0800c4d4   0x00000022   Code   RO         1674    i.TIM_CCxChannelCmd  stm32f4xx_hal_tim.o
    0x0800c4f6   0x0800c4f6   0x00000016   Code   RO         1684    i.TIM_ETR_SetConfig  stm32f4xx_hal_tim.o
    0x0800c50c   0x0800c50c   0x00000012   Code   RO         1685    i.TIM_ITRx_SetConfig  stm32f4xx_hal_tim.o
    0x0800c51e   0x0800c51e   0x00000002   PAD
    0x0800c520   0x0800c520   0x00000070   Code   RO         1686    i.TIM_OC1_SetConfig  stm32f4xx_hal_tim.o
    0x0800c590   0x0800c590   0x0000007c   Code   RO         1687    i.TIM_OC2_SetConfig  stm32f4xx_hal_tim.o
    0x0800c60c   0x0800c60c   0x00000078   Code   RO         1688    i.TIM_OC3_SetConfig  stm32f4xx_hal_tim.o
    0x0800c684   0x0800c684   0x00000054   Code   RO         1689    i.TIM_OC4_SetConfig  stm32f4xx_hal_tim.o
    0x0800c6d8   0x0800c6d8   0x0000003a   Code   RO         8262    i.TIM_Set_PWM       bsp_pwm.o
    0x0800c712   0x0800c712   0x00000026   Code   RO         1691    i.TIM_TI1_ConfigInputStage  stm32f4xx_hal_tim.o
    0x0800c738   0x0800c738   0x00000028   Code   RO         1693    i.TIM_TI2_ConfigInputStage  stm32f4xx_hal_tim.o
    0x0800c760   0x0800c760   0x0000003c   Code   RO         9848    i.TOF_BaudRate_Init  tof.o
    0x0800c79c   0x0800c79c   0x0000004c   Code   RO         9849    i.TOF_Decode        tof.o
    0x0800c7e8   0x0800c7e8   0x0000009c   Code   RO         9850    i.TOF_Init          tof.o
    0x0800c884   0x0800c884   0x000000a4   Code   RO         9851    i.TOF_Receive       tof.o
    0x0800c928   0x0800c928   0x0000003c   Code   RO         9852    i.TOF_Reset         tof.o
    0x0800c964   0x0800c964   0x00000022   Code   RO         8932    i.Test_Init         remote_control.o
    0x0800c986   0x0800c986   0x00000002   PAD
    0x0800c988   0x0800c988   0x00000054   Code   RO         9184    i.Toggle_AddGrid    togglebullet.o
    0x0800c9dc   0x0800c9dc   0x0000007c   Code   RO         9185    i.Toggle_BulletPrediction  togglebullet.o
    0x0800ca58   0x0800ca58   0x000000ac   Code   RO         9186    i.Toggle_Calculate  togglebullet.o
    0x0800cb04   0x0800cb04   0x0000002c   Code   RO         9187    i.Toggle_Control    togglebullet.o
    0x0800cb30   0x0800cb30   0x00000030   Code   RO         9188    i.Toggle_FilterBulletData  togglebullet.o
    0x0800cb60   0x0800cb60   0x0000002c   Code   RO         9189    i.Toggle_Fire       togglebullet.o
    0x0800cb8c   0x0800cb8c   0x00000084   Code   RO         9190    i.Toggle_Init       togglebullet.o
    0x0800cc10   0x0800cc10   0x00000064   Code   RO         9191    i.Toggle_Scheduler  togglebullet.o
    0x0800cc74   0x0800cc74   0x00000038   Code   RO         9192    i.Toggle_SelectShootFreq  togglebullet.o
    0x0800ccac   0x0800ccac   0x00000012   Code   RO         4957    i.UART_DMAAbortOnError  stm32f4xx_hal_uart.o
    0x0800ccbe   0x0800ccbe   0x0000006c   Code   RO         4967    i.UART_EndRxTransfer  stm32f4xx_hal_uart.o
    0x0800cd2a   0x0800cd2a   0x00000020   Code   RO         4968    i.UART_EndTransmit_IT  stm32f4xx_hal_uart.o
    0x0800cd4a   0x0800cd4a   0x000000fc   Code   RO         4970    i.UART_Receive_IT   stm32f4xx_hal_uart.o
    0x0800ce46   0x0800ce46   0x00000002   PAD
    0x0800ce48   0x0800ce48   0x0000022c   Code   RO         4971    i.UART_SetConfig    stm32f4xx_hal_uart.o
    0x0800d074   0x0800d074   0x00000060   Code   RO         4974    i.UART_Transmit_IT  stm32f4xx_hal_uart.o
    0x0800d0d4   0x0800d0d4   0x00000014   Code   RO          924    i.USART1_IRQHandler  stm32f4xx_it.o
    0x0800d0e8   0x0800d0e8   0x00000014   Code   RO          925    i.USART3_IRQHandler  stm32f4xx_it.o
    0x0800d0fc   0x0800d0fc   0x00000014   Code   RO          926    i.USART6_IRQHandler  stm32f4xx_it.o
    0x0800d110   0x0800d110   0x000000be   Code   RO         7226    i.USBD_CDC_DataIn   usbd_cdc.o
    0x0800d1ce   0x0800d1ce   0x00000048   Code   RO         7227    i.USBD_CDC_DataOut  usbd_cdc.o
    0x0800d216   0x0800d216   0x00000002   PAD
    0x0800d218   0x0800d218   0x000000d4   Code   RO         7228    i.USBD_CDC_DeInit   usbd_cdc.o
    0x0800d2ec   0x0800d2ec   0x00000050   Code   RO         7229    i.USBD_CDC_EP0_RxReady  usbd_cdc.o
    0x0800d33c   0x0800d33c   0x00000010   Code   RO         7230    i.USBD_CDC_GetDeviceQualifierDescriptor  usbd_cdc.o
    0x0800d34c   0x0800d34c   0x00000044   Code   RO         7231    i.USBD_CDC_GetFSCfgDesc  usbd_cdc.o
    0x0800d390   0x0800d390   0x00000048   Code   RO         7232    i.USBD_CDC_GetHSCfgDesc  usbd_cdc.o
    0x0800d3d8   0x0800d3d8   0x00000044   Code   RO         7233    i.USBD_CDC_GetOtherSpeedCfgDesc  usbd_cdc.o
    0x0800d41c   0x0800d41c   0x000001a0   Code   RO         7234    i.USBD_CDC_Init     usbd_cdc.o
    0x0800d5bc   0x0800d5bc   0x00000050   Code   RO         7235    i.USBD_CDC_ReceivePacket  usbd_cdc.o
    0x0800d60c   0x0800d60c   0x00000018   Code   RO         7236    i.USBD_CDC_RegisterInterface  usbd_cdc.o
    0x0800d624   0x0800d624   0x0000001e   Code   RO         7237    i.USBD_CDC_SetRxBuffer  usbd_cdc.o
    0x0800d642   0x0800d642   0x00000024   Code   RO         7238    i.USBD_CDC_SetTxBuffer  usbd_cdc.o
    0x0800d666   0x0800d666   0x00000140   Code   RO         7239    i.USBD_CDC_Setup    usbd_cdc.o
    0x0800d7a6   0x0800d7a6   0x00000002   PAD
    0x0800d7a8   0x0800d7a8   0x00000058   Code   RO         7240    i.USBD_CDC_TransmitPacket  usbd_cdc.o
    0x0800d800   0x0800d800   0x0000001c   Code   RO         6901    i.USBD_ClrClassConfig  usbd_core.o
    0x0800d81c   0x0800d81c   0x0000003e   Code   RO         7064    i.USBD_ClrFeature   usbd_ctlreq.o
    0x0800d85a   0x0800d85a   0x00000006   Code   RO         6902    i.USBD_CoreFindEP   usbd_core.o
    0x0800d860   0x0800d860   0x00000006   Code   RO         6903    i.USBD_CoreFindIF   usbd_core.o
    0x0800d866   0x0800d866   0x00000018   Code   RO         7166    i.USBD_CtlContinueRx  usbd_ioreq.o
    0x0800d87e   0x0800d87e   0x00000018   Code   RO         7167    i.USBD_CtlContinueSendData  usbd_ioreq.o
    0x0800d896   0x0800d896   0x00000018   Code   RO         7065    i.USBD_CtlError     usbd_ctlreq.o
    0x0800d8ae   0x0800d8ae   0x0000002e   Code   RO         7168    i.USBD_CtlPrepareRx  usbd_ioreq.o
    0x0800d8dc   0x0800d8dc   0x0000001a   Code   RO         7169    i.USBD_CtlReceiveStatus  usbd_ioreq.o
    0x0800d8f6   0x0800d8f6   0x00000024   Code   RO         7170    i.USBD_CtlSendData  usbd_ioreq.o
    0x0800d91a   0x0800d91a   0x0000001a   Code   RO         7171    i.USBD_CtlSendStatus  usbd_ioreq.o
    0x0800d934   0x0800d934   0x00000034   Code   RO         1204    i.USBD_FS_ConfigStrDescriptor  usbd_desc.o
    0x0800d968   0x0800d968   0x00000010   Code   RO         1205    i.USBD_FS_DeviceDescriptor  usbd_desc.o
    0x0800d978   0x0800d978   0x00000038   Code   RO         1206    i.USBD_FS_InterfaceStrDescriptor  usbd_desc.o
    0x0800d9b0   0x0800d9b0   0x00000010   Code   RO         1207    i.USBD_FS_LangIDStrDescriptor  usbd_desc.o
    0x0800d9c0   0x0800d9c0   0x0000002c   Code   RO         1208    i.USBD_FS_ManufacturerStrDescriptor  usbd_desc.o
    0x0800d9ec   0x0800d9ec   0x00000040   Code   RO         1209    i.USBD_FS_ProductStrDescriptor  usbd_desc.o
    0x0800da2c   0x0800da2c   0x00000018   Code   RO         1210    i.USBD_FS_SerialStrDescriptor  usbd_desc.o
    0x0800da44   0x0800da44   0x00000056   Code   RO         7066    i.USBD_GetConfig    usbd_ctlreq.o
    0x0800da9a   0x0800da9a   0x000001fc   Code   RO         7067    i.USBD_GetDescriptor  usbd_ctlreq.o
    0x0800dc96   0x0800dc96   0x00000050   Code   RO         6905    i.USBD_GetEpDesc    usbd_core.o
    0x0800dce6   0x0800dce6   0x00000016   Code   RO         7068    i.USBD_GetLen       usbd_ctlreq.o
    0x0800dcfc   0x0800dcfc   0x00000014   Code   RO         6906    i.USBD_GetNextDesc  usbd_core.o
    0x0800dd10   0x0800dd10   0x0000005a   Code   RO         7069    i.USBD_GetStatus    usbd_ctlreq.o
    0x0800dd6a   0x0800dd6a   0x00000068   Code   RO         7070    i.USBD_GetString    usbd_ctlreq.o
    0x0800ddd2   0x0800ddd2   0x0000002c   Code   RO         1384    i.USBD_Get_USB_Status  usbd_conf.o
    0x0800ddfe   0x0800ddfe   0x0000003a   Code   RO         6907    i.USBD_Init         usbd_core.o
    0x0800de38   0x0800de38   0x00000026   Code   RO         1385    i.USBD_LL_ClearStallEP  usbd_conf.o
    0x0800de5e   0x0800de5e   0x00000026   Code   RO         1386    i.USBD_LL_CloseEP   usbd_conf.o
    0x0800de84   0x0800de84   0x00000110   Code   RO         6908    i.USBD_LL_DataInStage  usbd_core.o
    0x0800df94   0x0800df94   0x0000010a   Code   RO         6909    i.USBD_LL_DataOutStage  usbd_core.o
    0x0800e09e   0x0800e09e   0x00000006   Code   RO         6910    i.USBD_LL_DevConnected  usbd_core.o
    0x0800e0a4   0x0800e0a4   0x00000026   Code   RO         6911    i.USBD_LL_DevDisconnected  usbd_core.o
    0x0800e0ca   0x0800e0ca   0x00000012   Code   RO         1390    i.USBD_LL_GetRxDataSize  usbd_conf.o
    0x0800e0dc   0x0800e0dc   0x00000068   Code   RO         1391    i.USBD_LL_Init      usbd_conf.o
    0x0800e144   0x0800e144   0x00000038   Code   RO         1392    i.USBD_LL_IsStallEP  usbd_conf.o
    0x0800e17c   0x0800e17c   0x00000048   Code   RO         6912    i.USBD_LL_IsoINIncomplete  usbd_core.o
    0x0800e1c4   0x0800e1c4   0x00000048   Code   RO         6913    i.USBD_LL_IsoOUTIncomplete  usbd_core.o
    0x0800e20c   0x0800e20c   0x00000030   Code   RO         1393    i.USBD_LL_OpenEP    usbd_conf.o
    0x0800e23c   0x0800e23c   0x00000030   Code   RO         1394    i.USBD_LL_PrepareReceive  usbd_conf.o
    0x0800e26c   0x0800e26c   0x0000006e   Code   RO         6914    i.USBD_LL_Reset     usbd_core.o
    0x0800e2da   0x0800e2da   0x00000016   Code   RO         6915    i.USBD_LL_Resume    usbd_core.o
    0x0800e2f0   0x0800e2f0   0x00000028   Code   RO         6916    i.USBD_LL_SOF       usbd_core.o
    0x0800e318   0x0800e318   0x00000008   Code   RO         6917    i.USBD_LL_SetSpeed  usbd_core.o
    0x0800e320   0x0800e320   0x00000026   Code   RO         1395    i.USBD_LL_SetUSBAddress  usbd_conf.o
    0x0800e346   0x0800e346   0x00000076   Code   RO         6918    i.USBD_LL_SetupStage  usbd_core.o
    0x0800e3bc   0x0800e3bc   0x00000026   Code   RO         1396    i.USBD_LL_StallEP   usbd_conf.o
    0x0800e3e2   0x0800e3e2   0x0000001e   Code   RO         1397    i.USBD_LL_Start     usbd_conf.o
    0x0800e400   0x0800e400   0x0000001c   Code   RO         6919    i.USBD_LL_Suspend   usbd_core.o
    0x0800e41c   0x0800e41c   0x00000030   Code   RO         1399    i.USBD_LL_Transmit  usbd_conf.o
    0x0800e44c   0x0800e44c   0x00000036   Code   RO         7071    i.USBD_ParseSetupRequest  usbd_ctlreq.o
    0x0800e482   0x0800e482   0x00000048   Code   RO         6920    i.USBD_RegisterClass  usbd_core.o
    0x0800e4ca   0x0800e4ca   0x00000006   Code   RO         6921    i.USBD_RunTestMode  usbd_core.o
    0x0800e4d0   0x0800e4d0   0x0000005a   Code   RO         7072    i.USBD_SetAddress   usbd_ctlreq.o
    0x0800e52a   0x0800e52a   0x00000020   Code   RO         6922    i.USBD_SetClassConfig  usbd_core.o
    0x0800e54a   0x0800e54a   0x00000002   PAD
    0x0800e54c   0x0800e54c   0x00000104   Code   RO         7073    i.USBD_SetConfig    usbd_ctlreq.o
    0x0800e650   0x0800e650   0x00000038   Code   RO         7074    i.USBD_SetFeature   usbd_ctlreq.o
    0x0800e688   0x0800e688   0x0000000c   Code   RO         6923    i.USBD_Start        usbd_core.o
    0x0800e694   0x0800e694   0x000000ae   Code   RO         7075    i.USBD_StdDevReq    usbd_ctlreq.o
    0x0800e742   0x0800e742   0x00000284   Code   RO         7076    i.USBD_StdEPReq     usbd_ctlreq.o
    0x0800e9c6   0x0800e9c6   0x000000ae   Code   RO         7077    i.USBD_StdItfReq    usbd_ctlreq.o
    0x0800ea74   0x0800ea74   0x00000002   Code   RO         1400    i.USBD_static_free  usbd_conf.o
    0x0800ea76   0x0800ea76   0x00000002   PAD
    0x0800ea78   0x0800ea78   0x0000000c   Code   RO         1401    i.USBD_static_malloc  usbd_conf.o
    0x0800ea84   0x0800ea84   0x000000d0   Code   RO         2848    i.USB_ActivateEndpoint  stm32f4xx_ll_usb.o
    0x0800eb54   0x0800eb54   0x00000028   Code   RO         2850    i.USB_ActivateSetup  stm32f4xx_ll_usb.o
    0x0800eb7c   0x0800eb7c   0x0000008c   Code   RO         2852    i.USB_CoreInit      stm32f4xx_ll_usb.o
    0x0800ec08   0x0800ec08   0x00000062   Code   RO         2853    i.USB_CoreReset     stm32f4xx_ll_usb.o
    0x0800ec6a   0x0800ec6a   0x00000002   PAD
    0x0800ec6c   0x0800ec6c   0x0000014c   Code   RO         2856    i.USB_DeactivateEndpoint  stm32f4xx_ll_usb.o
    0x0800edb8   0x0800edb8   0x00000024   Code   RO         2857    i.USB_DevConnect    stm32f4xx_ll_usb.o
    0x0800eddc   0x0800eddc   0x00000024   Code   RO         2858    i.USB_DevDisconnect  stm32f4xx_ll_usb.o
    0x0800ee00   0x0800ee00   0x000001e8   Code   RO         2859    i.USB_DevInit       stm32f4xx_ll_usb.o
    0x0800efe8   0x0800efe8   0x0000000e   Code   RO         2860    i.USB_DisableGlobalInt  stm32f4xx_ll_usb.o
    0x0800eff6   0x0800eff6   0x00000002   PAD
    0x0800eff8   0x0800eff8   0x00000070   Code   RO         2863    i.USB_EP0_OutStart  stm32f4xx_ll_usb.o
    0x0800f068   0x0800f068   0x0000008e   Code   RO         2864    i.USB_EPClearStall  stm32f4xx_ll_usb.o
    0x0800f0f6   0x0800f0f6   0x0000009a   Code   RO         2865    i.USB_EPSetStall    stm32f4xx_ll_usb.o
    0x0800f190   0x0800f190   0x000003c0   Code   RO         2866    i.USB_EPStartXfer   stm32f4xx_ll_usb.o
    0x0800f550   0x0800f550   0x000000ec   Code   RO         2867    i.USB_EPStopXfer    stm32f4xx_ll_usb.o
    0x0800f63c   0x0800f63c   0x0000000e   Code   RO         2868    i.USB_EnableGlobalInt  stm32f4xx_ll_usb.o
    0x0800f64a   0x0800f64a   0x00000050   Code   RO         2869    i.USB_FlushRxFifo   stm32f4xx_ll_usb.o
    0x0800f69a   0x0800f69a   0x00000054   Code   RO         2870    i.USB_FlushTxFifo   stm32f4xx_ll_usb.o
    0x0800f6ee   0x0800f6ee   0x00000026   Code   RO         2872    i.USB_GetDevSpeed   stm32f4xx_ll_usb.o
    0x0800f714   0x0800f714   0x0000000a   Code   RO         2874    i.USB_GetMode       stm32f4xx_ll_usb.o
    0x0800f71e   0x0800f71e   0x00000014   Code   RO         2882    i.USB_ReadDevAllInEpInterrupt  stm32f4xx_ll_usb.o
    0x0800f732   0x0800f732   0x00000014   Code   RO         2883    i.USB_ReadDevAllOutEpInterrupt  stm32f4xx_ll_usb.o
    0x0800f746   0x0800f746   0x00000032   Code   RO         2884    i.USB_ReadDevInEPInterrupt  stm32f4xx_ll_usb.o
    0x0800f778   0x0800f778   0x0000001a   Code   RO         2885    i.USB_ReadDevOutEPInterrupt  stm32f4xx_ll_usb.o
    0x0800f792   0x0800f792   0x0000000a   Code   RO         2886    i.USB_ReadInterrupts  stm32f4xx_ll_usb.o
    0x0800f79c   0x0800f79c   0x00000060   Code   RO         2887    i.USB_ReadPacket    stm32f4xx_ll_usb.o
    0x0800f7fc   0x0800f7fc   0x00000068   Code   RO         2889    i.USB_SetCurrentMode  stm32f4xx_ll_usb.o
    0x0800f864   0x0800f864   0x0000002a   Code   RO         2890    i.USB_SetDevAddress  stm32f4xx_ll_usb.o
    0x0800f88e   0x0800f88e   0x00000012   Code   RO         2891    i.USB_SetDevSpeed   stm32f4xx_ll_usb.o
    0x0800f8a0   0x0800f8a0   0x000000e8   Code   RO         2892    i.USB_SetTurnaroundTime  stm32f4xx_ll_usb.o
    0x0800f988   0x0800f988   0x00000044   Code   RO         2895    i.USB_WritePacket   stm32f4xx_ll_usb.o
    0x0800f9cc   0x0800f9cc   0x00000004   Code   RO          927    i.UsageFault_Handler  stm32f4xx_it.o
    0x0800f9d0   0x0800f9d0   0x00000052   Code   RO         8383    i.VTM_Bit_Extract   bsp_vtm.o
    0x0800fa22   0x0800fa22   0x0000004c   Code   RO         8384    i.VTM_CRC16_CCITT_False  bsp_vtm.o
    0x0800fa6e   0x0800fa6e   0x00000002   PAD
    0x0800fa70   0x0800fa70   0x0000014c   Code   RO         9042    i.VTM_Chassis_Ctrl  vtm_controller.o
    0x0800fbbc   0x0800fbbc   0x00000078   Code   RO         9043    i.VTM_Fire          vtm_controller.o
    0x0800fc34   0x0800fc34   0x00000198   Code   RO         8385    i.VTM_Frame_Parse   bsp_vtm.o
    0x0800fdcc   0x0800fdcc   0x00000070   Code   RO         9044    i.VTM_Gimbal_Ctrl   vtm_controller.o
    0x0800fe3c   0x0800fe3c   0x0000001c   Code   RO         9045    i.VTM_Init          vtm_controller.o
    0x0800fe58   0x0800fe58   0x00000048   Code   RO         9046    i.VTM_Lift          vtm_controller.o
    0x0800fea0   0x0800fea0   0x000000a8   Code   RO         8386    i.VTM_RC_Receive    bsp_vtm.o
    0x0800ff48   0x0800ff48   0x0000002e   Code   RO         8387    i.VTM_Signed_Bit_Extract  bsp_vtm.o
    0x0800ff76   0x0800ff76   0x00000002   PAD
    0x0800ff78   0x0800ff78   0x00000010   Code   RO         9047    i.VTM_State_Clear   vtm_controller.o
    0x0800ff88   0x0800ff88   0x000000bc   Code   RO         9048    i.VTM_Update        vtm_controller.o
    0x08010044   0x08010044   0x00000040   Code   RO         7408    i.Verify_CRC16_Check_Sum  algorithmofcrc.o
    0x08010084   0x08010084   0x000000d4   Code   RO         8388    i.Virtual_SW        bsp_vtm.o
    0x08010158   0x08010158   0x000000b4   Code   RO         7389    i.ZeroCheck         zerocheck.o
    0x0801020c   0x0801020c   0x00000030   Code   RO        10835    i.__ARM_fpclassify  m_wm.l(fpclassify.o)
    0x0801023c   0x0801023c   0x00000026   Code   RO        10837    i.__ARM_fpclassifyf  m_wm.l(fpclassifyf.o)
    0x08010262   0x08010262   0x00000002   PAD
    0x08010264   0x08010264   0x00000010   Code   RO         3963    i.__NVIC_GetPriorityGrouping  stm32f4xx_hal_cortex.o
    0x08010274   0x08010274   0x00000028   Code   RO         3964    i.__NVIC_SetPriority  stm32f4xx_hal_cortex.o
    0x0801029c   0x0801029c   0x00000118   Code   RO        10590    i.__hardfp_acosf    m_wm.l(acosf.o)
    0x080103b4   0x080103b4   0x0000012c   Code   RO        10602    i.__hardfp_asinf    m_wm.l(asinf.o)
    0x080104e0   0x080104e0   0x000002d8   Code   RO        10614    i.__hardfp_atan     m_wm.l(atan.o)
    0x080107b8   0x080107b8   0x00000250   Code   RO        10628    i.__hardfp_atan2f   m_wm.l(atan2f.o)
    0x08010a08   0x08010a08   0x000000c8   Code   RO        10640    i.__hardfp_cos      m_wm.l(cos.o)
    0x08010ad0   0x08010ad0   0x00000014   Code   RO        10664    i.__hardfp_fabs     m_wm.l(fabs.o)
    0x08010ae4   0x08010ae4   0x000000b0   Code   RO        10670    i.__hardfp_fmodf    m_wm.l(fmodf.o)
    0x08010b94   0x08010b94   0x00000004   PAD
    0x08010b98   0x08010b98   0x000000c8   Code   RO        10682    i.__hardfp_sin      m_wm.l(sin.o)
    0x08010c60   0x08010c60   0x0000003a   Code   RO        10706    i.__hardfp_sqrtf    m_wm.l(sqrtf.o)
    0x08010c9a   0x08010c9a   0x00000006   PAD
    0x08010ca0   0x08010ca0   0x00000438   Code   RO        10855    i.__ieee754_rem_pio2  m_wm.l(rred.o)
    0x080110d8   0x080110d8   0x00000170   Code   RO        10818    i.__kernel_cos      m_wm.l(cos_i.o)
    0x08011248   0x08011248   0x000000f8   Code   RO        10853    i.__kernel_poly     m_wm.l(poly.o)
    0x08011340   0x08011340   0x00000130   Code   RO        10863    i.__kernel_sin      m_wm.l(sin_i.o)
    0x08011470   0x08011470   0x00000014   Code   RO        10822    i.__mathlib_dbl_infnan  m_wm.l(dunder.o)
    0x08011484   0x08011484   0x00000004   PAD
    0x08011488   0x08011488   0x00000020   Code   RO        10824    i.__mathlib_dbl_invalid  m_wm.l(dunder.o)
    0x080114a8   0x080114a8   0x00000020   Code   RO        10827    i.__mathlib_dbl_underflow  m_wm.l(dunder.o)
    0x080114c8   0x080114c8   0x00000006   Code   RO        10840    i.__mathlib_flt_infnan  m_wm.l(funder.o)
    0x080114ce   0x080114ce   0x00000006   Code   RO        10841    i.__mathlib_flt_infnan2  m_wm.l(funder.o)
    0x080114d4   0x080114d4   0x00000010   Code   RO        10842    i.__mathlib_flt_invalid  m_wm.l(funder.o)
    0x080114e4   0x080114e4   0x00000010   Code   RO        10845    i.__mathlib_flt_underflow  m_wm.l(funder.o)
    0x080114f4   0x080114f4   0x00000008   Code   RO         9912    i.begin_active_protection  lifting_control.o
    0x080114fc   0x080114fc   0x0000016c   Code   RO         9748    i.bmi088_accel_init  bmi088driver.o
    0x08011668   0x08011668   0x00000130   Code   RO         9749    i.bmi088_gyro_init  bmi088driver.o
    0x08011798   0x08011798   0x0000011c   Code   RO         8118    i.can_filter_init   bsp_can.o
    0x080118b4   0x080118b4   0x0000003c   Code   RO         9853    i.crc16_calculate_modbus  tof.o
    0x080118f0   0x080118f0   0x00000030   Code   RO         9913    i.enter_phase       lifting_control.o
    0x08011920   0x08011920   0x00000114   Code   RO        10037    i.evaluate_spin_on_trusted_frame  lifting_tof_protection.o
    0x08011a34   0x08011a34   0x0000017c   Code   RO        10221    i.execute_func      gimbaltask.o
    0x08011bb0   0x08011bb0   0x00000174   Code   RO         7645    i.f_Changing_Integration_Rate  pid.o
    0x08011d24   0x08011d24   0x00000042   Code   RO         7646    i.f_Derivative_Filter  pid.o
    0x08011d66   0x08011d66   0x000000ca   Code   RO         7647    i.f_Derivative_On_Measurement  pid.o
    0x08011e30   0x08011e30   0x000000f4   Code   RO         7648    i.f_Integral_Limit  pid.o
    0x08011f24   0x08011f24   0x00000042   Code   RO         7649    i.f_Output_Filter   pid.o
    0x08011f66   0x08011f66   0x0000003e   Code   RO         7650    i.f_Output_Limit    pid.o
    0x08011fa4   0x08011fa4   0x000000a4   Code   RO         7651    i.f_PID_ErrorHandle  pid.o
    0x08012048   0x08012048   0x0000003e   Code   RO         7652    i.f_Proportion_Limit  pid.o
    0x08012086   0x08012086   0x00000066   Code   RO         7653    i.f_Trapezoid_Intergral  pid.o
    0x080120ec   0x080120ec   0x00000018   Code   RO        10666    i.fabs              m_wm.l(fabs.o)
    0x08012104   0x08012104   0x00000020   Code   RO         9914    i.feedback_online   lifting_control.o
    0x08012124   0x08012124   0x00000028   Code   RO         8706    i.find_min_angle    gimbal.o
    0x0801214c   0x0801214c   0x00000048   Code   RO         7366    i.float_rounding    tools.o
    0x08012194   0x08012194   0x0000002c   Code   RO         9270    i.get_control_info  keymouse.o
    0x080121c0   0x080121c0   0x0000004c   Code   RO         9915    i.handle_demand_change  lifting_control.o
    0x0801220c   0x0801220c   0x0000001a   Code   RO         7585    i.iir               my_filter.o
    0x08012226   0x08012226   0x00000012   Code   RO         8933    i.initRemoteControl  remote_control.o
    0x08012238   0x08012238   0x00000008   Code   RO         9916    i.init_active_protection  lifting_control.o
    0x08012240   0x08012240   0x0000003c   Code   RO         7780    i.invSqrt           quaternionekf.o
    0x0801227c   0x0801227c   0x000000c4   Code   RO         8707    i.limitPitchAngle   gimbal.o
    0x08012340   0x08012340   0x00000064   Code   RO         8708    i.limit_angle       gimbal.o
    0x080123a4   0x080123a4   0x00000074   Code   RO           16    i.main              main.o
    0x08012418   0x08012418   0x0000000e   Code   RO         6384    i.makeFreeRtosPriority  cmsis_os.o
    0x08012426   0x08012426   0x00000010   Code   RO        10038    i.motor_direction_for_phase  lifting_tof_protection.o
    0x08012436   0x08012436   0x0000000a   Code   RO         6389    i.osKernelStart     cmsis_os.o
    0x08012440   0x08012440   0x0000005e   Code   RO         6423    i.osThreadCreate    cmsis_os.o
    0x0801249e   0x0801249e   0x00000002   PAD
    0x080124a0   0x080124a0   0x0000005c   Code   RO         9917    i.position_stably_reached  lifting_control.o
    0x080124fc   0x080124fc   0x000000a4   Code   RO         5849    i.prvAddCurrentTaskToDelayedList  tasks.o
    0x080125a0   0x080125a0   0x000000b4   Code   RO         5850    i.prvAddNewTaskToReadyList  tasks.o
    0x08012654   0x08012654   0x00000074   Code   RO         6213    i.prvCheckForValidListAndQueue  timers.o
    0x080126c8   0x080126c8   0x00000048   Code   RO         5851    i.prvCheckTasksWaitingTermination  tasks.o
    0x08012710   0x08012710   0x0000002a   Code   RO         5496    i.prvCopyDataFromQueue  queue.o
    0x0801273a   0x0801273a   0x0000007e   Code   RO         5497    i.prvCopyDataToQueue  queue.o
    0x080127b8   0x080127b8   0x00000050   Code   RO         5852    i.prvDeleteTCB      tasks.o
    0x08012808   0x08012808   0x00000028   Code   RO         6214    i.prvGetNextExpireTime  timers.o
    0x08012830   0x08012830   0x0000007c   Code   RO         6766    i.prvHeapInit       heap_4.o
    0x080128ac   0x080128ac   0x00000028   Code   RO         5853    i.prvIdleTask       tasks.o
    0x080128d4   0x080128d4   0x00000026   Code   RO         5500    i.prvInitialiseNewQueue  queue.o
    0x080128fa   0x080128fa   0x000000c2   Code   RO         5854    i.prvInitialiseNewTask  tasks.o
    0x080129bc   0x080129bc   0x00000068   Code   RO         5855    i.prvInitialiseTaskLists  tasks.o
    0x08012a24   0x08012a24   0x00000068   Code   RO         6767    i.prvInsertBlockIntoFreeList  heap_4.o
    0x08012a8c   0x08012a8c   0x00000058   Code   RO         6216    i.prvInsertTimerInActiveList  timers.o
    0x08012ae4   0x08012ae4   0x0000001a   Code   RO         5501    i.prvIsQueueEmpty   queue.o
    0x08012afe   0x08012afe   0x0000001e   Code   RO         5502    i.prvIsQueueFull    queue.o
    0x08012b1c   0x08012b1c   0x00000074   Code   RO         6217    i.prvProcessExpiredTimer  timers.o
    0x08012b90   0x08012b90   0x00000164   Code   RO         6218    i.prvProcessReceivedCommands  timers.o
    0x08012cf4   0x08012cf4   0x00000074   Code   RO         6219    i.prvProcessTimerOrBlockTask  timers.o
    0x08012d68   0x08012d68   0x00000034   Code   RO         5856    i.prvResetNextTaskUnblockTime  tasks.o
    0x08012d9c   0x08012d9c   0x0000002c   Code   RO         6220    i.prvSampleTimeNow  timers.o
    0x08012dc8   0x08012dc8   0x000000a4   Code   RO         6221    i.prvSwitchTimerLists  timers.o
    0x08012e6c   0x08012e6c   0x00000040   Code   RO         6823    i.prvTaskExitError  port.o
    0x08012eac   0x08012eac   0x0000001a   Code   RO         6222    i.prvTimerTask      timers.o
    0x08012ec6   0x08012ec6   0x0000007e   Code   RO         5503    i.prvUnlockQueue    queue.o
    0x08012f44   0x08012f44   0x0000014c   Code   RO         6768    i.pvPortMalloc      heap_4.o
    0x08013090   0x08013090   0x0000002c   Code   RO         6824    i.pxPortInitialiseStack  port.o
    0x080130bc   0x080130bc   0x00000038   Code   RO        10039    i.read_new_tof      lifting_tof_protection.o
    0x080130f4   0x080130f4   0x0000000c   Code   RO         9918    i.read_position_sensor  lifting_control.o
    0x08013100   0x08013100   0x000000a4   Code   RO         8453    i.remote_DT7_init   bsp_dt7.o
    0x080131a4   0x080131a4   0x00000094   Code   RO         8389    i.remote_VTM_init   bsp_vtm.o
    0x08013238   0x08013238   0x00000024   Code   RO        10040    i.reset_fast_stall_window  lifting_tof_protection.o
    0x0801325c   0x0801325c   0x00000028   Code   RO        10041    i.reset_spin_frame_window  lifting_tof_protection.o
    0x08013284   0x08013284   0x00000054   Code   RO         9919    i.run_ascending     lifting_control.o
    0x080132d8   0x080132d8   0x00000038   Code   RO         9920    i.run_blocked       lifting_control.o
    0x08013310   0x08013310   0x00000058   Code   RO         9921    i.run_cascade_pid   lifting_control.o
    0x08013368   0x08013368   0x00000040   Code   RO         9922    i.run_descending    lifting_control.o
    0x080133a8   0x080133a8   0x00000052   Code   RO         9923    i.run_motion_control  lifting_control.o
    0x080133fa   0x080133fa   0x00000022   Code   RO         8934    i.setAllModeOff     remote_control.o
    0x0801341c   0x0801341c   0x00000018   Code   RO         8935    i.setChassisModeAction  remote_control.o
    0x08013434   0x08013434   0x0000000c   Code   RO         8936    i.setControlMode    remote_control.o
    0x08013440   0x08013440   0x00000088   Code   RO         9143    i.setFrictionSpeed  frictionwheel.o
    0x080134c8   0x080134c8   0x0000004c   Code   RO         8937    i.setGameModeAction  remote_control.o
    0x08013514   0x08013514   0x0000000c   Code   RO         8938    i.setGimbalAction   remote_control.o
    0x08013520   0x08013520   0x0000000c   Code   RO         8939    i.setGimbalPosition  remote_control.o
    0x0801352c   0x0801352c   0x00000020   Code   RO         8940    i.setRobotState     remote_control.o
    0x0801354c   0x0801354c   0x0000000c   Code   RO         8941    i.setShootAction    remote_control.o
    0x08013558   0x08013558   0x0000000c   Code   RO         8942    i.setSuperPower     remote_control.o
    0x08013564   0x08013564   0x0000001a   Code   RO         8046    i.sign              user_lib.o
    0x0801357e   0x0801357e   0x00000002   PAD
    0x08013580   0x08013580   0x0000001c   Code   RO         9271    i.speed_smoother_init  keymouse.o
    0x0801359c   0x0801359c   0x00000198   Code   RO         9272    i.speed_smoother_update  keymouse.o
    0x08013734   0x08013734   0x0000003e   Code   RO        10708    i.sqrtf             m_wm.l(sqrtf.o)
    0x08013772   0x08013772   0x00000002   PAD
    0x08013774   0x08013774   0x00000028   Code   RO         9924    i.stop_output       lifting_control.o
    0x0801379c   0x0801379c   0x0000001c   Code   RO         9925    i.stop_with_fault   lifting_control.o
    0x080137b8   0x080137b8   0x000000c0   Code   RO         8709    i.updateGyro        gimbal.o
    0x08013878   0x08013878   0x00000084   Code   RO        10042    i.update_odometry_ratio  lifting_tof_protection.o
    0x080138fc   0x080138fc   0x00000028   Code   RO         5456    i.uxListRemove      list.o
    0x08013924   0x08013924   0x00000018   Code   RO          536    i.vApplicationGetIdleTaskMemory  freertos.o
    0x0801393c   0x0801393c   0x00000018   Code   RO          537    i.vApplicationGetTimerTaskMemory  freertos.o
    0x08013954   0x08013954   0x0000001a   Code   RO         5457    i.vListInitialise   list.o
    0x0801396e   0x0801396e   0x00000006   Code   RO         5458    i.vListInitialiseItem  list.o
    0x08013974   0x08013974   0x00000034   Code   RO         5459    i.vListInsert       list.o
    0x080139a8   0x080139a8   0x00000018   Code   RO         5460    i.vListInsertEnd    list.o
    0x080139c0   0x080139c0   0x00000054   Code   RO         6826    i.vPortEnterCritical  port.o
    0x08013a14   0x08013a14   0x0000003c   Code   RO         6827    i.vPortExitCritical  port.o
    0x08013a50   0x08013a50   0x000000a4   Code   RO         6769    i.vPortFree         heap_4.o
    0x08013af4   0x08013af4   0x00000028   Code   RO         6828    i.vPortSetupTimerInterrupt  port.o
    0x08013b1c   0x08013b1c   0x00000078   Code   RO         6829    i.vPortValidateInterruptPriority  port.o
    0x08013b94   0x08013b94   0x0000002c   Code   RO         5507    i.vQueueAddToRegistry  queue.o
    0x08013bc0   0x08013bc0   0x0000004a   Code   RO         5510    i.vQueueWaitForMessageRestricted  queue.o
    0x08013c0a   0x08013c0a   0x00000002   PAD
    0x08013c0c   0x08013c0c   0x0000005c   Code   RO         5868    i.vTaskDelay        tasks.o
    0x08013c68   0x08013c68   0x000000d4   Code   RO         5869    i.vTaskDelayUntil   tasks.o
    0x08013d3c   0x08013d3c   0x00000018   Code   RO         5872    i.vTaskInternalSetTimeOutState  tasks.o
    0x08013d54   0x08013d54   0x0000000c   Code   RO         5873    i.vTaskMissedYield  tasks.o
    0x08013d60   0x08013d60   0x00000038   Code   RO         5875    i.vTaskPlaceOnEventList  tasks.o
    0x08013d98   0x08013d98   0x00000040   Code   RO         5876    i.vTaskPlaceOnEventListRestricted  tasks.o
    0x08013dd8   0x08013dd8   0x000000b8   Code   RO         5883    i.vTaskStartScheduler  tasks.o
    0x08013e90   0x08013e90   0x00000010   Code   RO         5885    i.vTaskSuspendAll   tasks.o
    0x08013ea0   0x08013ea0   0x0000008c   Code   RO         5886    i.vTaskSwitchContext  tasks.o
    0x08013f2c   0x08013f2c   0x00000168   Code   RO         6830    i.xPortStartScheduler  port.o
    0x08014094   0x08014094   0x000000e0   Code   RO         5514    i.xQueueGenericCreateStatic  queue.o
    0x08014174   0x08014174   0x00000098   Code   RO         5515    i.xQueueGenericReset  queue.o
    0x0801420c   0x0801420c   0x000001a8   Code   RO         5516    i.xQueueGenericSend  queue.o
    0x080143b4   0x080143b4   0x000000fc   Code   RO         5517    i.xQueueGenericSendFromISR  queue.o
    0x080144b0   0x080144b0   0x00000168   Code   RO         5525    i.xQueueReceive     queue.o
    0x08014618   0x08014618   0x000000a8   Code   RO         5889    i.xTaskCheckForTimeOut  tasks.o
    0x080146c0   0x080146c0   0x00000064   Code   RO         5890    i.xTaskCreate       tasks.o
    0x08014724   0x08014724   0x000000ba   Code   RO         5891    i.xTaskCreateStatic  tasks.o
    0x080147de   0x080147de   0x00000002   PAD
    0x080147e0   0x080147e0   0x00000020   Code   RO         5896    i.xTaskGetSchedulerState  tasks.o
    0x08014800   0x08014800   0x0000000c   Code   RO         5897    i.xTaskGetTickCount  tasks.o
    0x0801480c   0x0801480c   0x00000148   Code   RO         5899    i.xTaskIncrementTick  tasks.o
    0x08014954   0x08014954   0x000000c8   Code   RO         5902    i.xTaskPriorityDisinherit  tasks.o
    0x08014a1c   0x08014a1c   0x00000098   Code   RO         5904    i.xTaskRemoveFromEventList  tasks.o
    0x08014ab4   0x08014ab4   0x00000104   Code   RO         5905    i.xTaskResumeAll    tasks.o
    0x08014bb8   0x08014bb8   0x00000078   Code   RO         6229    i.xTimerCreateTimerTask  timers.o
    0x08014c30   0x08014c30   0x00000084   Code   RO         6230    i.xTimerGenericCommand  timers.o
    0x08014cb4   0x08014cb4   0x00000018   Code   RO        10560    x$fpl$basic         fz_wm.l(basic.o)
    0x08014ccc   0x08014ccc   0x00000062   Code   RO        10562    x$fpl$d2f           fz_wm.l(d2f.o)
    0x08014d2e   0x08014d2e   0x00000002   PAD
    0x08014d30   0x08014d30   0x00000150   Code   RO        10564    x$fpl$dadd          fz_wm.l(daddsub_clz.o)
    0x08014e80   0x08014e80   0x00000018   Code   RO        10805    x$fpl$dcmpinf       fz_wm.l(dcmpi.o)
    0x08014e98   0x08014e98   0x000002b0   Code   RO        10571    x$fpl$ddiv          fz_wm.l(ddiv.o)
    0x08015148   0x08015148   0x0000005e   Code   RO        10913    x$fpl$dfix          fz_wm.l(dfix.o)
    0x080151a6   0x080151a6   0x0000002e   Code   RO        10575    x$fpl$dflt          fz_wm.l(dflt_clz.o)
    0x080151d4   0x080151d4   0x00000026   Code   RO        10574    x$fpl$dfltu         fz_wm.l(dflt_clz.o)
    0x080151fa   0x080151fa   0x00000002   PAD
    0x080151fc   0x080151fc   0x00000078   Code   RO        10580    x$fpl$dleqf         fz_wm.l(dleqf.o)
    0x08015274   0x08015274   0x00000154   Code   RO        10582    x$fpl$dmul          fz_wm.l(dmul.o)
    0x080153c8   0x080153c8   0x0000009c   Code   RO        10807    x$fpl$dnaninf       fz_wm.l(dnaninf.o)
    0x08015464   0x08015464   0x0000000c   Code   RO        10809    x$fpl$dretinf       fz_wm.l(dretinf.o)
    0x08015470   0x08015470   0x0000006c   Code   RO        10584    x$fpl$drleqf        fz_wm.l(drleqf.o)
    0x080154dc   0x080154dc   0x00000016   Code   RO        10565    x$fpl$drsb          fz_wm.l(daddsub_clz.o)
    0x080154f2   0x080154f2   0x00000002   PAD
    0x080154f4   0x080154f4   0x000001d4   Code   RO        10566    x$fpl$dsub          fz_wm.l(daddsub_clz.o)
    0x080156c8   0x080156c8   0x00000056   Code   RO        10586    x$fpl$f2d           fz_wm.l(f2d.o)
    0x0801571e   0x0801571e   0x00000060   Code   RO        10588    x$fpl$ffltll        fz_wm.l(ffltll_clz.o)
    0x0801577e   0x0801577e   0x0000008c   Code   RO        10811    x$fpl$fnaninf       fz_wm.l(fnaninf.o)
    0x0801580a   0x0801580a   0x0000000a   Code   RO        10917    x$fpl$fpinit        fz_wm.l(fpinit.o)
    0x08015814   0x08015814   0x000000f4   Code   RO        10813    x$fpl$frem          fz_wm.l(frem_clz.o)
    0x08015908   0x08015908   0x0000000a   Code   RO        10815    x$fpl$fretinf       fz_wm.l(fretinf.o)
    0x08015912   0x08015912   0x00000000   Code   RO        10817    x$fpl$usenofp       fz_wm.l(usenofp.o)
    0x08015912   0x08015912   0x00000002   PAD
    0x08015914   0x08015914   0x0000008c   Data   RO          539    .constdata          freertos.o
    0x080159a0   0x080159a0   0x00000008   Data   RO         3677    .constdata          stm32f4xx_hal_dma.o
    0x080159a8   0x080159a8   0x00000018   Data   RO         5289    .constdata          system_stm32f4xx.o
    0x080159c0   0x080159c0   0x00000301   Data   RO         7410    .constdata          algorithmofcrc.o
    0x08015cc1   0x08015cc1   0x00000003   PAD
    0x08015cc4   0x08015cc4   0x00000090   Data   RO         7782    .constdata          quaternionekf.o
    0x08015d54   0x08015d54   0x0000000c   Data   RO         8711    .constdata          gimbal.o
    0x08015d60   0x08015d60   0x00000030   Data   RO         8804    .constdata          ins.o
    0x08015d90   0x08015d90   0x00000018   Data   RO         9145    .constdata          frictionwheel.o
    0x08015da8   0x08015da8   0x00000200   Data   RO         9855    .constdata          tof.o
    0x08015fa8   0x08015fa8   0x00000098   Data   RO        10617    .constdata          m_wm.l(atan.o)
    0x08016040   0x08016040   0x00000030   Data   RO        10819    .constdata          m_wm.l(cos_i.o)
    0x08016070   0x08016070   0x000000c8   Data   RO        10857    .constdata          m_wm.l(rred.o)
    0x08016138   0x08016138   0x00000028   Data   RO        10864    .constdata          m_wm.l(sin_i.o)
    0x08016160   0x08016160   0x00000040   Data   RO          540    .conststring        freertos.o
    0x080161a0   0x080161a0   0x00000804   Data   RO        10475    .rodata.sinTable_f32  arm_cortexM4lf_math.lib(arm_common_tables.o)
    0x080169a4   0x080169a4   0x00000020   Data   RO        11006    Region$$Table       anon$$obj.o


    Execution Region RW_IRAM1 (Exec base: 0x20000000, Load base: 0x080169c4, Size: 0x0000ce38, Max: 0x0001c000, ABSOLUTE, COMPRESSED[0x00000178])

    Exec Addr    Load Addr    Size         Type   Attr      Idx    E Section Name        Object

    0x20000000   COMPRESSED   0x00000014   Data   RW          541    .data               freertos.o
    0x20000014   COMPRESSED   0x00000004   Data   RW          686    .data               can.o
    0x20000018   COMPRESSED   0x0000004e   Data   RW         1212    .data               usbd_desc.o
    0x20000066   COMPRESSED   0x00000002   PAD
    0x20000068   COMPRESSED   0x00000014   Data   RW         1299    .data               usbd_cdc_if.o
    0x2000007c   COMPRESSED   0x00000009   Data   RW         4127    .data               stm32f4xx_hal.o
    0x20000085   COMPRESSED   0x00000003   PAD
    0x20000088   COMPRESSED   0x00000004   Data   RW         5290    .data               system_stm32f4xx.o
    0x2000008c   COMPRESSED   0x0000003c   Data   RW         5908    .data               tasks.o
    0x200000c8   COMPRESSED   0x00000014   Data   RW         6238    .data               timers.o
    0x200000dc   COMPRESSED   0x00000020   Data   RW         6775    .data               heap_4.o
    0x200000fc   COMPRESSED   0x0000000c   Data   RW         6831    .data               port.o
    0x20000108   COMPRESSED   0x00000001   Data   RW         7078    .data               usbd_ctlreq.o
    0x20000109   COMPRESSED   0x00000003   PAD
    0x2000010c   COMPRESSED   0x0000008a   Data   RW         7241    .data               usbd_cdc.o
    0x20000196   COMPRESSED   0x00000002   PAD
    0x20000198   COMPRESSED   0x00000008   Data   RW         7367    .data               tools.o
    0x200001a0   COMPRESSED   0x00000004   Data   RW         7411    .data               algorithmofcrc.o
    0x200001a4   COMPRESSED   0x00000004   Data   RW         7502    .data               kalman_filter.o
    0x200001a8   COMPRESSED   0x00000254   Data   RW         7654    .data               pid.o
    0x200003fc   COMPRESSED   0x000000d4   Data   RW         7783    .data               quaternionekf.o
    0x200004d0   COMPRESSED   0x0000001c   Data   RW         7992    .data               td.o
    0x200004ec   COMPRESSED   0x0000000c   Data   RW         8047    .data               user_lib.o
    0x200004f8   COMPRESSED   0x00000038   Data   RW         8194    .data               bsp_dwt.o
    0x20000530   COMPRESSED   0x00000006   Data   RW         8391    .data               bsp_vtm.o
    0x20000536   COMPRESSED   0x00000002   Data   RW         8455    .data               bsp_dt7.o
    0x20000538   COMPRESSED   0x0000001a   Data   RW         8502    .data               dm_motor.o
    0x20000552   COMPRESSED   0x00000011   Data   RW         8642    .data               chassisget.o
    0x20000563   COMPRESSED   0x00000008   Data   RW         8665    .data               chassissend.o
    0x2000056b   COMPRESSED   0x00000001   PAD
    0x2000056c   COMPRESSED   0x00000048   Data   RW         8805    .data               ins.o
    0x200005b4   COMPRESSED   0x00000002   Data   RW         9049    .data               vtm_controller.o
    0x200005b6   COMPRESSED   0x00000002   PAD
    0x200005b8   COMPRESSED   0x00000034   Data   RW         9391    .data               gimbalsystemid.o
    0x200005ec   COMPRESSED   0x00000004   Data   RW         9688    .data               bmi088middleware.o
    0x200005f0   COMPRESSED   0x00000048   Data   RW         9751    .data               bmi088driver.o
    0x20000638   COMPRESSED   0x00000004   Data   RW         9824    .data               encoder.o
    0x2000063c   COMPRESSED   0x0000001c   Data   RW         9856    .data               tof.o
    0x20000658   COMPRESSED   0x00000001   Data   RW         9927    .data               lifting_control.o
    0x20000659   COMPRESSED   0x00000002   Data   RW        10111    .data               offline_task.o
    0x2000065b   COMPRESSED   0x00000010   Data   RW        10162    .data               chassistask.o
    0x2000066b   COMPRESSED   0x00000010   Data   RW        10223    .data               gimbaltask.o
    0x2000067b   COMPRESSED   0x00000001   PAD
    0x2000067c        -       0x000006a8   Zero   RW          538    .bss                freertos.o
    0x20000d24        -       0x00000050   Zero   RW          685    .bss                can.o
    0x20000d74        -       0x00000118   Zero   RW          760    .bss                spi.o
    0x20000e8c        -       0x00000090   Zero   RW          804    .bss                tim.o
    0x20000f1c        -       0x000001f8   Zero   RW          858    .bss                usart.o
    0x20001114        -       0x00000048   Zero   RW         1109    .bss                stm32f4xx_hal_timebase_tim.o
    0x2000115c        -       0x000002dc   Zero   RW         1146    .bss                usb_device.o
    0x20001438        -       0x00000200   Zero   RW         1211    .bss                usbd_desc.o
    0x20001638        -       0x00001000   Zero   RW         1298    .bss                usbd_cdc_if.o
    0x20002638        -       0x00000704   Zero   RW         1402    .bss                usbd_conf.o
    0x20002d3c        -       0x00000040   Zero   RW         5528    .bss                queue.o
    0x20002d7c        -       0x000000f0   Zero   RW         5907    .bss                tasks.o
    0x20002e6c        -       0x00000110   Zero   RW         6237    .bss                timers.o
    0x20002f7c        -       0x000084d0   Zero   RW         6774    .bss                heap_4.o
    0x2000b44c        -       0x00000170   Zero   RW         7333    .bss                debug.o
    0x2000b5bc   COMPRESSED   0x00000004   PAD
    0x2000b5c0        -       0x00000280   Zero   RW         7781    .bss                quaternionekf.o
    0x2000b840        -       0x00000018   Zero   RW         8193    .bss                bsp_dwt.o
    0x2000b858        -       0x0000004e   Zero   RW         8390    .bss                bsp_vtm.o
    0x2000b8a6        -       0x00000064   Zero   RW         8454    .bss                bsp_dt7.o
    0x2000b90a        -       0x00000009   Zero   RW         8664    .bss                chassissend.o
    0x2000b913   COMPRESSED   0x00000005   PAD
    0x2000b918        -       0x000004b0   Zero   RW         8710    .bss                gimbal.o
    0x2000bdc8        -       0x00000158   Zero   RW         8803    .bss                ins.o
    0x2000bf20        -       0x0000008c   Zero   RW         8877    .bss                pc_serial.o
    0x2000bfac        -       0x0000002c   Zero   RW         8943    .bss                remote_control.o
    0x2000bfd8        -       0x00000330   Zero   RW         9144    .bss                frictionwheel.o
    0x2000c308        -       0x000001c0   Zero   RW         9193    .bss                togglebullet.o
    0x2000c4c8        -       0x0000009c   Zero   RW         9273    .bss                keymouse.o
    0x2000c564        -       0x00000040   Zero   RW         9750    .bss                bmi088driver.o
    0x2000c5a4        -       0x0000000c   Zero   RW         9823    .bss                encoder.o
    0x2000c5b0        -       0x0000001c   Zero   RW         9854    .bss                tof.o
    0x2000c5cc   COMPRESSED   0x00000004   PAD
    0x2000c5d0        -       0x00000208   Zero   RW         9926    .bss                lifting_control.o
    0x2000c7d8        -       0x00000060   Zero   RW        10872    .bss                c_w.l(libspace.o)
    0x2000c838        -       0x00000200   Zero   RW            2    HEAP                startup_stm32f407xx.o
    0x2000ca38        -       0x00000400   Zero   RW            1    STACK               startup_stm32f407xx.o


    Execution Region RW_IRAM2 (Exec base: 0x2001c000, Load base: 0x08016b3c, Size: 0x00000000, Max: 0x00004000, ABSOLUTE)

    **** No section assigned to this execution region ****


==============================================================================

Image component sizes


      Code (inc. data)   RO Data    RW Data    ZI Data      Debug   Object Name

        68          4          0          0          0        974   actiontask.o
       164         14        769          4          0       2873   algorithmofcrc.o
      2890        182          0         72         64      10597   bmi088driver.o
       116         30          0          4          0       3112   bmi088middleware.o
       564         22          0          0          0       2327   bsp_buzzer.o
      1046         74          0          0          0       8622   bsp_can.o
       674         56          0          2        100       3995   bsp_dt7.o
       604        112          0         56         24       4606   bsp_dwt.o
        40          8          0          0          0       1055   bsp_led.o
        58          0          0          0          0        910   bsp_pwm.o
      1140         62          0          6         78       7073   bsp_vtm.o
       524         40          0          4         80       2402   can.o
        52          8          0         17          0       1458   chassisget.o
       340         48          0          8          9       2424   chassissend.o
       128         20          0         16          0       1375   chassistask.o
       118          0          0          0          0      24489   cmsis_os.o
         0          0          0          0          0      16404   crc32.o
         0          0          0          0          0       7360   croutine.o
        86          0          0          0        368       2778   debug.o
       968         54          0         26          0       3890   dm_motor.o
       152          6          0          0          0        806   dma.o
      1068         60          0          0          0       2290   dt7_controller.o
         0          0          0          4         12        948   encoder.o
         0          0          0          0          0      22068   event_groups.o
       200         44        204         20       1704       8534   freertos.o
       480         72         24          0        816       3578   frictionwheel.o
      1888        232         12          0       1200       8786   gimbal.o
       192          4          0          0          0       1290   gimbalestimatetask.o
        12          6          0         52          0      10517   gimbalsystemid.o
      2148        214          0         16          0       6755   gimbaltask.o
       344         16          0          0          0     713011   gpio.o
       724         74          0         32      34000       4779   heap_4.o
      1652        124         48         72        344       6532   ins.o
      3160         26          0          4          0       8643   kalman_filter.o
      2174        136          0          0        156       7651   keymouse.o
       998        118          0          1        520      10361   lifting_control.o
      1568         98          0          0          0       8987   lifting_tof_protection.o
       148          0          0          0          0       3478   list.o
       396         24          0          0          0       3356   m2006.o
       588         24          0          0          0       3820   m3508.o
       320         16          0          0          0     747520   main.o
        26          0          0          0          0        566   my_filter.o
       236         12          0          2          0       1105   offline_task.o
       292         42          0          0        140       4543   pc_serial.o
      2700         46          0        596          0      12322   pid.o
      1014         92          0         12          0      11861   port.o
      4368        228        144        212        640      10354   quaternionekf.o
      1918         20          0          0         64      17112   queue.o
       602         70          0          0         44      11250   remote_control.o
       416         38          0          0        280       1875   spi.o
        64         26        392          0       1536        828   startup_stm32f407xx.o
       136         24          0          9          0       8618   stm32f4xx_hal.o
      2142          4          0          0          0      13511   stm32f4xx_hal_can.o
       260         22          0          0          0      33466   stm32f4xx_hal_cortex.o
      1246         16          8          0          0       5267   stm32f4xx_hal_dma.o
       512         46          0          0          0       2068   stm32f4xx_hal_gpio.o
        84          6          0          0          0        830   stm32f4xx_hal_msp.o
      3562         16          0          0          0      13552   stm32f4xx_hal_pcd.o
        90          0          0          0          0       2373   stm32f4xx_hal_pcd_ex.o
      1888         94          0          0          0       6165   stm32f4xx_hal_rcc.o
      1136         12          0          0          0       4577   stm32f4xx_hal_spi.o
      2526        150          0          0          0      16947   stm32f4xx_hal_tim.o
       184         30          0          0          0       2469   stm32f4xx_hal_tim_ex.o
       180         18          0          0         72       1431   stm32f4xx_hal_timebase_tim.o
      1964         14          0          0          0       9404   stm32f4xx_hal_uart.o
       274         90          0          0          0      10056   stm32f4xx_it.o
      3908         84          0          0          0      22404   stm32f4xx_ll_usb.o
         0          0          0          0          0        384   stream_buffer.o
        20          6         24          4          0       1087   system_stm32f4xx.o
      3124        366          0         60        240      28304   tasks.o
       944         54          0         28          0       3228   td.o
       576         54          0          0        144       3087   tim.o
      1318        124          0         20        272      32783   timers.o
       576         74        512         28         28       5783   tof.o
       804         88          0          0        448       6694   togglebullet.o
        72         10          0          8          0        589   tools.o
       876         86          0          0        504       3329   usart.o
        76         16          0          0        732       6540   usb_device.o
      1772         52          0        138          0      14013   usbd_cdc.o
       224         26          0         20       4096       6475   usbd_cdc_if.o
      1004         24          0          0       1796      17212   usbd_conf.o
      1372          0          0          0          0      16221   usbd_core.o
      2366         30          0          1          0      17628   usbd_ctlreq.o
       386        122          0         78        512       6729   usbd_desc.o
       182          0          0          0          0       4616   usbd_ioreq.o
       666         20          0         12          0       4656   user_lib.o
       868         76          0          2          0       4482   vtm_controller.o
       180         10          0          0          0       1368   zerocheck.o

    ----------------------------------------------------------------------
     76996       4466       2172       1660      51036    2102596   Object Totals
         0          0         32          0          0          0   (incl. Generated)
        70          0          3         14         13          0   (incl. Padding)

    ----------------------------------------------------------------------

      Code (inc. data)   RO Data    RW Data    ZI Data      Debug   Library Member Name

         0          0       2052          0          0       6294   arm_common_tables.o
       152         12          0          0          0       1104   arm_cos_f32.o
       186          0          0          0          0       1797   arm_mat_add_f32.o
         8          0          0          0          0        841   arm_mat_init_f32.o
       756          4          0          0          0       3732   arm_mat_inverse_f32.o
       296          4          0          0          0       2300   arm_mat_mult_f32.o
       186          0          0          0          0       1795   arm_mat_sub_f32.o
       162          0          0          0          0       1865   arm_mat_trans_f32.o
       144         12          0          0          0       1092   arm_sin_f32.o
        90          0          0          0          0          0   __dczerorl2.o
         8          0          0          0          0         68   __main.o
         0          0          0          0          0          0   __rtentry.o
        12          0          0          0          0          0   __rtentry2.o
         6          0          0          0          0          0   __rtentry4.o
        52          8          0          0          0          0   __scatter.o
        28          0          0          0          0          0   __scatter_zi.o
        22          0          0          0          0        100   _rserrno.o
        16          0          0          0          0         68   aeabi_memset.o
        18          0          0          0          0         80   exit.o
         6          0          0          0          0        152   heapauxi.o
         0          0          0          0          0          0   indicate_semi.o
         2          0          0          0          0          0   libinit.o
         6          0          0          0          0          0   libinit2.o
         2          0          0          0          0          0   libshutdown.o
         2          0          0          0          0          0   libshutdown2.o
         8          4          0          0         96         68   libspace.o
       238          0          0          0          0        100   lludivv7m.o
         8          4          0          0          0         68   rt_errno_addr_intlibspace.o
        68          0          0          0          0         68   rt_memclr.o
        78          0          0          0          0         80   rt_memclr_w.o
       138          0          0          0          0         68   rt_memcpy_v6.o
       100          0          0          0          0         80   rt_memcpy_w.o
         2          0          0          0          0          0   rtexit.o
        10          0          0          0          0          0   rtexit2.o
        12          4          0          0          0         68   sys_exit.o
        74          0          0          0          0         80   sys_stackheap_outer.o
         2          0          0          0          0         68   use_no_semi.o
        24          0          0          0          0        164   basic.o
        98          4          0          0          0        140   d2f.o
       826         16          0          0          0        492   daddsub_clz.o
        24          0          0          0          0        116   dcmpi.o
       688        140          0          0          0        256   ddiv.o
        94          4          0          0          0        140   dfix.o
        84          0          0          0          0        232   dflt_clz.o
       120          4          0          0          0        140   dleqf.o
       340         12          0          0          0        152   dmul.o
       156          4          0          0          0        140   dnaninf.o
        12          0          0          0          0        116   dretinf.o
       108          0          0          0          0        128   drleqf.o
        86          4          0          0          0        132   f2d.o
        96          0          0          0          0        132   ffltll_clz.o
       140          4          0          0          0        132   fnaninf.o
        10          0          0          0          0        116   fpinit.o
       244          8          0          0          0        132   frem_clz.o
        10          0          0          0          0        116   fretinf.o
         0          0          0          0          0          0   usenofp.o
       280         46          0          0          0        176   acosf.o
       300         42          0          0          0        176   asinf.o
       728        106        152          0          0        228   atan.o
       592         90          0          0          0        184   atan2f.o
       200         20          0          0          0        164   cos.o
       368         46         48          0          0        200   cos_i.o
        84         16          0          0          0        372   dunder.o
        44          0          0          0          0        248   fabs.o
       176          0          0          0          0        168   fmodf.o
        48          0          0          0          0        124   fpclassify.o
        38          0          0          0          0        116   fpclassifyf.o
        44         12          0          0          0        464   funder.o
       248          0          0          0          0        152   poly.o
      1080        142        200          0          0        188   rred.o
       200         20          0          0          0        164   sin.o
       304         24         40          0          0        208   sin_i.o
       120          0          0          0          0        272   sqrtf.o

    ----------------------------------------------------------------------
     10952        816       2492          0         96      28616   Library Totals
        40          0          0          0          0          0   (incl. Padding)

    ----------------------------------------------------------------------

      Code (inc. data)   RO Data    RW Data    ZI Data      Debug   Library Name

      1890         32       2052          0          0      20820   arm_cortexM4lf_math.lib
      1008         20          0          0         96       1216   c_w.l
      3160        200          0          0          0       2976   fz_wm.l
      4854        564        440          0          0       3604   m_wm.l

    ----------------------------------------------------------------------
     10952        816       2492          0         96      28616   Library Totals

    ----------------------------------------------------------------------

==============================================================================


      Code (inc. data)   RO Data    RW Data    ZI Data      Debug   

     87948       5282       4664       1660      51132    2072328   Grand Totals
     87948       5282       4664        376      51132    2072328   ELF Image Totals (compressed)
     87948       5282       4664        376          0          0   ROM Totals

==============================================================================

    Total RO  Size (Code + RO Data)                92612 (  90.44kB)
    Total RW  Size (RW Data + ZI Data)             52792 (  51.55kB)
    Total ROM Size (Code + RO Data + RW Data)      92988 (  90.81kB)

==============================================================================

