Component: ARM Compiler 5.06 update 5 (build 528) Tool: armlink [4d35e2]

==============================================================================

Section Cross References

    startup_stm32f407xx.o(STACK) refers (Special) to heapauxi.o(.text) for __use_two_region_memory
    startup_stm32f407xx.o(HEAP) refers (Special) to heapauxi.o(.text) for __use_two_region_memory
    startup_stm32f407xx.o(RESET) refers (Special) to heapauxi.o(.text) for __use_two_region_memory
    startup_stm32f407xx.o(RESET) refers to startup_stm32f407xx.o(STACK) for __initial_sp
    startup_stm32f407xx.o(RESET) refers to startup_stm32f407xx.o(.text) for Reset_Handler
    startup_stm32f407xx.o(RESET) refers to stm32f4xx_it.o(i.NMI_Handler) for NMI_Handler
    startup_stm32f407xx.o(RESET) refers to stm32f4xx_it.o(i.HardFault_Handler) for HardFault_Handler
    startup_stm32f407xx.o(RESET) refers to stm32f4xx_it.o(i.MemManage_Handler) for MemManage_Handler
    startup_stm32f407xx.o(RESET) refers to stm32f4xx_it.o(i.BusFault_Handler) for BusFault_Handler
    startup_stm32f407xx.o(RESET) refers to stm32f4xx_it.o(i.UsageFault_Handler) for UsageFault_Handler
    startup_stm32f407xx.o(RESET) refers to port.o(.emb_text) for SVC_Handler
    startup_stm32f407xx.o(RESET) refers to stm32f4xx_it.o(i.DebugMon_Handler) for DebugMon_Handler
    startup_stm32f407xx.o(RESET) refers to port.o(i.SysTick_Handler) for SysTick_Handler
    startup_stm32f407xx.o(RESET) refers to stm32f4xx_it.o(i.DMA1_Stream1_IRQHandler) for DMA1_Stream1_IRQHandler
    startup_stm32f407xx.o(RESET) refers to stm32f4xx_it.o(i.CAN1_RX0_IRQHandler) for CAN1_RX0_IRQHandler
    startup_stm32f407xx.o(RESET) refers to stm32f4xx_it.o(i.CAN1_RX1_IRQHandler) for CAN1_RX1_IRQHandler
    startup_stm32f407xx.o(RESET) refers to stm32f4xx_it.o(i.TIM1_UP_TIM10_IRQHandler) for TIM1_UP_TIM10_IRQHandler
    startup_stm32f407xx.o(RESET) refers to stm32f4xx_it.o(i.TIM2_IRQHandler) for TIM2_IRQHandler
    startup_stm32f407xx.o(RESET) refers to stm32f4xx_it.o(i.USART1_IRQHandler) for USART1_IRQHandler
    startup_stm32f407xx.o(RESET) refers to stm32f4xx_it.o(i.USART3_IRQHandler) for USART3_IRQHandler
    startup_stm32f407xx.o(RESET) refers to stm32f4xx_it.o(i.DMA2_Stream0_IRQHandler) for DMA2_Stream0_IRQHandler
    startup_stm32f407xx.o(RESET) refers to stm32f4xx_it.o(i.DMA2_Stream1_IRQHandler) for DMA2_Stream1_IRQHandler
    startup_stm32f407xx.o(RESET) refers to stm32f4xx_it.o(i.DMA2_Stream2_IRQHandler) for DMA2_Stream2_IRQHandler
    startup_stm32f407xx.o(RESET) refers to stm32f4xx_it.o(i.DMA2_Stream3_IRQHandler) for DMA2_Stream3_IRQHandler
    startup_stm32f407xx.o(RESET) refers to stm32f4xx_it.o(i.CAN2_RX0_IRQHandler) for CAN2_RX0_IRQHandler
    startup_stm32f407xx.o(RESET) refers to stm32f4xx_it.o(i.CAN2_RX1_IRQHandler) for CAN2_RX1_IRQHandler
    startup_stm32f407xx.o(RESET) refers to stm32f4xx_it.o(i.OTG_FS_IRQHandler) for OTG_FS_IRQHandler
    startup_stm32f407xx.o(RESET) refers to stm32f4xx_it.o(i.USART6_IRQHandler) for USART6_IRQHandler
    startup_stm32f407xx.o(.text) refers (Special) to heapauxi.o(.text) for __use_two_region_memory
    startup_stm32f407xx.o(.text) refers to system_stm32f4xx.o(i.SystemInit) for SystemInit
    startup_stm32f407xx.o(.text) refers to __main.o(!!!main) for __main
    startup_stm32f407xx.o(.text) refers to startup_stm32f407xx.o(HEAP) for Heap_Mem
    startup_stm32f407xx.o(.text) refers to startup_stm32f407xx.o(STACK) for Stack_Mem
    main.o(i.HAL_TIM_PeriodElapsedCallback) refers to stm32f4xx_hal.o(i.HAL_IncTick) for HAL_IncTick
    main.o(i.SystemClock_Config) refers to rt_memclr_w.o(.text) for __aeabi_memclr4
    main.o(i.SystemClock_Config) refers to stm32f4xx_hal_rcc.o(i.HAL_RCC_OscConfig) for HAL_RCC_OscConfig
    main.o(i.SystemClock_Config) refers to main.o(i.Error_Handler) for Error_Handler
    main.o(i.SystemClock_Config) refers to stm32f4xx_hal_rcc.o(i.HAL_RCC_ClockConfig) for HAL_RCC_ClockConfig
    main.o(i.main) refers to stm32f4xx_hal.o(i.HAL_Init) for HAL_Init
    main.o(i.main) refers to main.o(i.SystemClock_Config) for SystemClock_Config
    main.o(i.main) refers to gpio.o(i.MX_GPIO_Init) for MX_GPIO_Init
    main.o(i.main) refers to dma.o(i.MX_DMA_Init) for MX_DMA_Init
    main.o(i.main) refers to can.o(i.MX_CAN1_Init) for MX_CAN1_Init
    main.o(i.main) refers to can.o(i.MX_CAN2_Init) for MX_CAN2_Init
    main.o(i.main) refers to spi.o(i.MX_SPI1_Init) for MX_SPI1_Init
    main.o(i.main) refers to usart.o(i.MX_USART3_UART_Init) for MX_USART3_UART_Init
    main.o(i.main) refers to usart.o(i.MX_USART6_UART_Init) for MX_USART6_UART_Init
    main.o(i.main) refers to tim.o(i.MX_TIM10_Init) for MX_TIM10_Init
    main.o(i.main) refers to tim.o(i.MX_TIM4_Init) for MX_TIM4_Init
    main.o(i.main) refers to usart.o(i.MX_USART1_UART_Init) for MX_USART1_UART_Init
    main.o(i.main) refers to bsp_led.o(i.LED_On) for LED_On
    main.o(i.main) refers to bsp_dwt.o(i.DWT_Init) for DWT_Init
[...]
    gyroDiff                                 0x2000c608   Data          12  bmi088driver.o(.bss)
    BMI088                                   0x2000c614   Data          52  bmi088driver.o(.bss)
    lifting_controller                       0x2000c648   Data         440  lifting_control.o(.bss)
    tof_rx_buf                               0x2000c800   Data          28  tof.o(.bss)
    robotInfo                                0x2000c81c   Data          28  keymouse.o(.bss)
    chassis_solver                           0x2000c838   Data          28  keymouse.o(.bss)
    __libspace_start                         0x2000c854   Data          96  libspace.o(.bss)
    __temporary_stack_top$libspace           0x2000c8b4   Data           0  libspace.o(.bss)



==============================================================================

Memory Map of the image

  Image Entry point : 0x08000189

  Load Region LR_IROM1 (Base: 0x08000000, Size: 0x00015660, Max: 0x00100000, ABSOLUTE, COMPRESSED[0x000151ac])

    Execution Region ER_IROM1 (Exec base: 0x08000000, Load base: 0x08000000, Size: 0x00015034, Max: 0x00100000, ABSOLUTE)

    Exec Addr    Load Addr    Size         Type   Attr      Idx    E Section Name        Object

    0x08000000   0x08000000   0x00000188   Data   RO            3    RESET               startup_stm32f407xx.o
    0x08000188   0x08000188   0x00000008   Code   RO         9715  * !!!main             c_w.l(__main.o)
    0x08000190   0x08000190   0x00000034   Code   RO        10084    !!!scatter          c_w.l(__scatter.o)
    0x080001c4   0x080001c4   0x0000005a   Code   RO        10082    !!dczerorl2         c_w.l(__dczerorl2.o)
    0x0800021e   0x0800021e   0x00000002   PAD
    0x08000220   0x08000220   0x0000001c   Code   RO        10086    !!handler_zi        c_w.l(__scatter_zi.o)
    0x0800023c   0x0800023c   0x00000002   Code   RO        10021    .ARM.Collect$$libinit$$00000000  c_w.l(libinit.o)
    0x0800023e   0x0800023e   0x00000004   Code   RO         9857    .ARM.Collect$$libinit$$00000001  c_w.l(libinit2.o)
    0x08000242   0x08000242   0x00000000   Code   RO         9860    .ARM.Collect$$libinit$$00000004  c_w.l(libinit2.o)
    0x08000242   0x08000242   0x00000000   Code   RO         9863    .ARM.Collect$$libinit$$0000000A  c_w.l(libinit2.o)
    0x08000242   0x08000242   0x00000000   Code   RO         9865    .ARM.Collect$$libinit$$0000000C  c_w.l(libinit2.o)
    0x08000242   0x08000242   0x00000000   Code   RO         9867    .ARM.Collect$$libinit$$0000000E  c_w.l(libinit2.o)
    0x08000242   0x08000242   0x00000000   Code   RO         9870    .ARM.Collect$$libinit$$00000011  c_w.l(libinit2.o)
    0x08000242   0x08000242   0x00000000   Code   RO         9872    .ARM.Collect$$libinit$$00000013  c_w.l(libinit2.o)
    0x08000242   0x08000242   0x00000000   Code   RO         9874    .ARM.Collect$$libinit$$00000015  c_w.l(libinit2.o)
    0x08000242   0x08000242   0x00000000   Code   RO         9876    .ARM.Collect$$libinit$$00000017  c_w.l(libinit2.o)
    0x08000242   0x08000242   0x00000000   Code   RO         9878    .ARM.Collect$$libinit$$00000019  c_w.l(libinit2.o)
    0x08000242   0x08000242   0x00000000   Code   RO         9880    .ARM.Collect$$libinit$$0000001B  c_w.l(libinit2.o)
    0x08000242   0x08000242   0x00000000   Code   RO         9882    .ARM.Collect$$libinit$$0000001D  c_w.l(libinit2.o)
    0x08000242   0x08000242   0x00000000   Code   RO         9884    .ARM.Collect$$libinit$$0000001F  c_w.l(libinit2.o)
    0x08000242   0x08000242   0x00000000   Code   RO         9886    .ARM.Collect$$libinit$$00000021  c_w.l(libinit2.o)
    0x08000242   0x08000242   0x00000000   Code   RO         9888    .ARM.Collect$$libinit$$00000023  c_w.l(libinit2.o)
    0x08000242   0x08000242   0x00000000   Code   RO         9890    .ARM.Collect$$libinit$$00000025  c_w.l(libinit2.o)
    0x08000242   0x08000242   0x00000000   Code   RO         9894    .ARM.Collect$$libinit$$0000002C  c_w.l(libinit2.o)
    0x08000242   0x08000242   0x00000000   Code   RO         9896    .ARM.Collect$$libinit$$0000002E  c_w.l(libinit2.o)
    0x08000242   0x08000242   0x00000000   Code   RO         9898    .ARM.Collect$$libinit$$00000030  c_w.l(libinit2.o)
    0x08000242   0x08000242   0x00000000   Code   RO         9900    .ARM.Collect$$libinit$$00000032  c_w.l(libinit2.o)
    0x08000242   0x08000242   0x00000002   Code   RO         9901    .ARM.Collect$$libinit$$00000033  c_w.l(libinit2.o)
    0x08000244   0x08000244   0x00000002   Code   RO        10079    .ARM.Collect$$libshutdown$$00000000  c_w.l(libshutdown.o)
    0x08000246   0x08000246   0x00000000   Code   RO        10037    .ARM.Collect$$libshutdown$$00000002  c_w.l(libshutdown2.o)
    0x08000246   0x08000246   0x00000000   Code   RO        10039    .ARM.Collect$$libshutdown$$00000004  c_w.l(libshutdown2.o)
    0x08000246   0x08000246   0x00000000   Code   RO        10042    .ARM.Collect$$libshutdown$$00000007  c_w.l(libshutdown2.o)
    0x08000246   0x08000246   0x00000000   Code   RO        10045    .ARM.Collect$$libshutdown$$0000000A  c_w.l(libshutdown2.o)
    0x08000246   0x08000246   0x00000000   Code   RO        10047    .ARM.Collect$$libshutdown$$0000000C  c_w.l(libshutdown2.o)
    0x08000246   0x08000246   0x00000000   Code   RO        10050    .ARM.Collect$$libshutdown$$0000000F  c_w.l(libshutdown2.o)
    0x08000246   0x08000246   0x00000002   Code   RO        10051    .ARM.Collect$$libshutdown$$00000010  c_w.l(libshutdown2.o)
    0x08000248   0x08000248   0x00000000   Code   RO         9817    .ARM.Collect$$rtentry$$00000000  c_w.l(__rtentry.o)
    0x08000248   0x08000248   0x00000000   Code   RO         9953    .ARM.Collect$$rtentry$$00000002  c_w.l(__rtentry2.o)
    0x08000248   0x08000248   0x00000006   Code   RO         9965    .ARM.Collect$$rtentry$$00000004  c_w.l(__rtentry4.o)
    0x0800024e   0x0800024e   0x00000000   Code   RO         9955    .ARM.Collect$$rtentry$$00000009  c_w.l(__rtentry2.o)
    0x0800024e   0x0800024e   0x00000004   Code   RO         9956    .ARM.Collect$$rtentry$$0000000A  c_w.l(__rtentry2.o)
    0x08000252   0x08000252   0x00000000   Code   RO         9958    .ARM.Collect$$rtentry$$0000000C  c_w.l(__rtentry2.o)
    0x08000252   0x08000252   0x00000008   Code   RO         9959    .ARM.Collect$$rtentry$$0000000D  c_w.l(__rtentry2.o)
    0x0800025a   0x0800025a   0x00000002   Code   RO        10024    .ARM.Collect$$rtexit$$00000000  c_w.l(rtexit.o)
    0x0800025c   0x0800025c   0x00000000   Code   RO        10055    .ARM.Collect$$rtexit$$00000002  c_w.l(rtexit2.o)
    0x0800025c   0x0800025c   0x00000004   Code   RO        10056    .ARM.Collect$$rtexit$$00000003  c_w.l(rtexit2.o)
    0x08000260   0x08000260   0x00000006   Code   RO        10057    .ARM.Collect$$rtexit$$00000004  c_w.l(rtexit2.o)
    0x08000266   0x08000266   0x00000002   PAD
    0x08000268   0x08000268   0x000000be   Code   RO         6610    .emb_text           port.o
    0x08000326   0x08000326   0x00000002   PAD
    0x08000328   0x08000328   0x00000040   Code   RO            4    .text               startup_stm32f407xx.o
    0x08000368   0x08000368   0x000000ee   Code   RO         9697    .text               c_w.l(lludivv7m.o)
    0x08000456   0x08000456   0x0000008a   Code   RO         9701    .text               c_w.l(rt_memcpy_v6.o)
    0x080004e0   0x080004e0   0x00000064   Code   RO         9703    .text               c_w.l(rt_memcpy_w.o)
    0x08000544   0x08000544   0x00000010   Code   RO         9707    .text               c_w.l(aeabi_memset.o)
    0x08000554   0x08000554   0x00000044   Code   RO         9709    .text               c_w.l(rt_memclr.o)
    0x08000598   0x08000598   0x0000004e   Code   RO         9711    .text               c_w.l(rt_memclr_w.o)
    0x080005e6   0x080005e6   0x00000006   Code   RO         9713    .text               c_w.l(heapauxi.o)
    0x080005ec   0x080005ec   0x00000016   Code   RO         9853    .text               c_w.l(_rserrno.o)
    0x08000602   0x08000602   0x00000002   PAD
    0x08000604   0x08000604   0x00000008   Code   RO         9949    .text               c_w.l(libspace.o)
    0x0800060c   0x0800060c   0x00000008   Code   RO         9972    .text               c_w.l(rt_errno_addr_intlibspace.o)
    0x08000614   0x08000614   0x00000002   Code   RO         9993    .text               c_w.l(use_no_semi.o)
    0x08000616   0x08000616   0x00000000   Code   RO         9995    .text               c_w.l(indicate_semi.o)
    0x08000616   0x08000616   0x0000004a   Code   RO         9996    .text               c_w.l(sys_stackheap_outer.o)
    0x08000660   0x08000660   0x00000012   Code   RO        10002    .text               c_w.l(exit.o)
    0x08000672   0x08000672   0x00000002   PAD
    0x08000674   0x08000674   0x0000000c   Code   RO        10022    .text               c_w.l(sys_exit.o)
    0x08000680   0x08000680   0x00000098   Code   RO         9449    .text.arm_cos_f32   arm_cortexM4lf_math.lib(arm_cos_f32.o)
    0x08000718   0x08000718   0x000000ba   Code   RO         9467    .text.arm_mat_add_f32  arm_cortexM4lf_math.lib(arm_mat_add_f32.o)
    0x080007d2   0x080007d2   0x00000008   Code   RO         9476    .text.arm_mat_init_f32  arm_cortexM4lf_math.lib(arm_mat_init_f32.o)
    0x080007da   0x080007da   0x00000002   PAD
    0x080007dc   0x080007dc   0x000002f4   Code   RO         9484    .text.arm_mat_inverse_f32  arm_cortexM4lf_math.lib(arm_mat_inverse_f32.o)
    0x08000ad0   0x08000ad0   0x00000128   Code   RO         9493    .text.arm_mat_mult_f32  arm_cortexM4lf_math.lib(arm_mat_mult_f32.o)
    0x08000bf8   0x08000bf8   0x000000ba   Code   RO         9502    .text.arm_mat_sub_f32  arm_cortexM4lf_math.lib(arm_mat_sub_f32.o)
    0x08000cb2   0x08000cb2   0x00000002   PAD
    0x08000cb4   0x08000cb4   0x000000a2   Code   RO         9511    .text.arm_mat_trans_f32  arm_cortexM4lf_math.lib(arm_mat_trans_f32.o)
    0x08000d56   0x08000d56   0x00000002   PAD
    0x08000d58   0x08000d58   0x00000090   Code   RO         9458    .text.arm_sin_f32   arm_cortexM4lf_math.lib(arm_sin_f32.o)
    0x08000de8   0x08000de8   0x00000050   Code   RO         9288    i.Action_Task       actiontask.o
    0x08000e38   0x08000e38   0x00000030   Code   RO         7190    i.Append_CRC16_Check_Sum  algorithmofcrc.o
    0x08000e68   0x08000e68   0x00000104   Code   RO         8400    i.Auto_GimbalPidChange  gimbal.o
    0x08000f6c   0x08000f6c   0x00000014   Code   RO         8949    i.BMI088_ACCEL_NS_H  bmi088middleware.o
    0x08000f80   0x08000f80   0x00000014   Code   RO         8950    i.BMI088_ACCEL_NS_L  bmi088middleware.o
    0x08000f94   0x08000f94   0x00000014   Code   RO         8951    i.BMI088_GYRO_NS_H  bmi088middleware.o
    0x08000fa8   0x08000fa8   0x00000014   Code   RO         8952    i.BMI088_GYRO_NS_L  bmi088middleware.o
    0x08000fbc   0x08000fbc   0x0000027c   Code   RO         9004    i.BMI088_Read       bmi088driver.o
    0x08001238   0x08001238   0x0000009c   Code   RO         9005    i.BMI088_init       bmi088driver.o
    0x080012d4   0x080012d4   0x00000026   Code   RO         9006    i.BMI088_read_muli_reg  bmi088driver.o
    0x080012fa   0x080012fa   0x00000018   Code   RO         9007    i.BMI088_read_single_reg  bmi088driver.o
    0x08001312   0x08001312   0x00000002   PAD
    0x08001314   0x08001314   0x00000024   Code   RO         8953    i.BMI088_read_write_byte  bmi088middleware.o
    0x08001338   0x08001338   0x00000014   Code   RO         9008    i.BMI088_write_single_reg  bmi088driver.o
    0x0800134c   0x0800134c   0x0000015a   Code   RO         8510    i.BodyFrameToEarthFrame  ins.o
    0x080014a6   0x080014a6   0x00000004   Code   RO          782    i.BusFault_Handler  stm32f4xx_it.o
    0x080014aa   0x080014aa   0x00000002   PAD
    0x080014ac   0x080014ac   0x00000010   Code   RO          783    i.CAN1_RX0_IRQHandler  stm32f4xx_it.o
    0x080014bc   0x080014bc   0x00000010   Code   RO          784    i.CAN1_RX1_IRQHandler  stm32f4xx_it.o
    0x080014cc   0x080014cc   0x00000010   Code   RO          785    i.CAN2_RX0_IRQHandler  stm32f4xx_it.o
    0x080014dc   0x080014dc   0x00000010   Code   RO          786    i.CAN2_RX1_IRQHandler  stm32f4xx_it.o
    0x080014ec   0x080014ec   0x00000044   Code   RO         1131    i.CDC_Control_FS    usbd_cdc_if.o
    0x08001530   0x08001530   0x00000004   Code   RO         1132    i.CDC_DeInit_FS     usbd_cdc_if.o
    0x08001534   0x08001534   0x00000024   Code   RO         1133    i.CDC_Init_FS       usbd_cdc_if.o
    0x08001558   0x08001558   0x00000030   Code   RO         1134    i.CDC_Receive_FS    usbd_cdc_if.o
    0x08001588   0x08001588   0x0000000c   Code   RO         1135    i.CDC_TransmitCplt_FS  usbd_cdc_if.o
    0x08001594   0x08001594   0x00000038   Code   RO         1136    i.CDC_Transmit_FS   usbd_cdc_if.o
    0x080015cc   0x080015cc   0x00000544   Code   RO         9009    i.Calibrate_MPU_Offset  bmi088driver.o
    0x08001b10   0x08001b10   0x0000002e   Code   RO         7854    i.CanSend           bsp_can.o
    0x08001b3e   0x08001b3e   0x00000002   PAD
    0x08001b40   0x08001b40   0x00000080   Code   RO         9312    i.Chassis_Task      chassistask.o
    0x08001bc0   0x08001bc0   0x00000040   Code   RO         9207    i.DJIRemoteUpdate   keymouse.o
    0x08001c00   0x08001c00   0x00000010   Code   RO          787    i.DMA1_Stream1_IRQHandler  stm32f4xx_it.o
    0x08001c10   0x08001c10   0x00000010   Code   RO          788    i.DMA2_Stream0_IRQHandler  stm32f4xx_it.o
    0x08001c20   0x08001c20   0x00000010   Code   RO          789    i.DMA2_Stream1_IRQHandler  stm32f4xx_it.o
    0x08001c30   0x08001c30   0x00000010   Code   RO          790    i.DMA2_Stream2_IRQHandler  stm32f4xx_it.o
    0x08001c40   0x08001c40   0x00000010   Code   RO          791    i.DMA2_Stream3_IRQHandler  stm32f4xx_it.o
    0x08001c50   0x08001c50   0x00000034   Code   RO         3488    i.DMA_CalcBaseAndBitshift  stm32f4xx_hal_dma.o
    0x08001c84   0x08001c84   0x000000aa   Code   RO         3489    i.DMA_CheckFifoParam  stm32f4xx_hal_dma.o
    0x08001d2e   0x08001d2e   0x00000002   PAD
    0x08001d30   0x08001d30   0x0000029c   Code   RO         8217    i.DM_Motor_Control  dm_motor.o
    0x08001fcc   0x08001fcc   0x0000001c   Code   RO         8218    i.DM_Motor_Init     dm_motor.o
    0x08001fe8   0x08001fe8   0x00000110   Code   RO         8219    i.DM_Motor_Receive  dm_motor.o
    0x080020f8   0x080020f8   0x00000104   Code   RO         8796    i.DT7_ChassisControl  dt7_controller.o
    0x080021fc   0x080021fc   0x000000bc   Code   RO         8168    i.DT7_Decode        bsp_dt7.o
    0x080022b8   0x080022b8   0x00000090   Code   RO         8797    i.DT7_GimbalControl  dt7_controller.o
    0x08002348   0x08002348   0x00000124   Code   RO         8169    i.DT7_RC_Receive    bsp_dt7.o
    0x0800246c   0x0800246c   0x000002b8   Code   RO         8798    i.DT7_Update        dt7_controller.o
    0x08002724   0x08002724   0x00000030   Code   RO         7921    i.DWT_CNT_Update    bsp_dwt.o
    0x08002754   0x08002754   0x0000003c   Code   RO         7922    i.DWT_Delay         bsp_dwt.o
    0x08002790   0x08002790   0x0000004c   Code   RO         7923    i.DWT_GetDeltaT     bsp_dwt.o
    0x080027dc   0x080027dc   0x0000005c   Code   RO         7926    i.DWT_GetTimeline_s  bsp_dwt.o
    0x08002838   0x08002838   0x00000068   Code   RO         7928    i.DWT_Init          bsp_dwt.o
    0x080028a0   0x080028a0   0x000000e0   Code   RO         7929    i.DWT_SysTimeUpdate  bsp_dwt.o
    0x08002980   0x08002980   0x00000218   Code   RO         7855    i.DataReceive       bsp_can.o
    0x08002b98   0x08002b98   0x00000002   Code   RO          792    i.DebugMon_Handler  stm32f4xx_it.o
    0x08002b9a   0x08002b9a   0x0000015a   Code   RO         8511    i.EarthFrameToBodyFrame  ins.o
    0x08002cf4   0x08002cf4   0x00000006   Code   RO           13    i.Error_Handler     main.o
    0x08002cfa   0x08002cfa   0x0000012a   Code   RO         7404    i.Feedforward_Calculate  pid.o
    0x08002e24   0x08002e24   0x00000034   Code   RO         7405    i.Feedforward_Clear  pid.o
    0x08002e58   0x08002e58   0x0000009c   Code   RO         7406    i.Feedforward_Init  pid.o
    0x08002ef4   0x08002ef4   0x00000094   Code   RO         8832    i.FrictionWheel_Init  frictionwheel.o
    0x08002f88   0x08002f88   0x00000044   Code   RO         8833    i.FrictionWheel_Set  frictionwheel.o
    0x08002fcc   0x08002fcc   0x00000022   Code   RO         8640    i.Game_Init         remote_control.o
    0x08002fee   0x08002fee   0x00000002   PAD
    0x08002ff0   0x08002ff0   0x00000034   Code   RO         7192    i.Get_CRC16_Check_Sum  algorithmofcrc.o
    0x08003024   0x08003024   0x00000034   Code   RO         1041    i.Get_SerialNum     usbd_desc.o
    0x08003058   0x08003058   0x000000c0   Code   RO         8401    i.GimbalClear       gimbal.o
    0x08003118   0x08003118   0x000000c0   Code   RO         9339    i.GimbalEstimate_task  gimbalestimatetask.o
    0x080031d8   0x080031d8   0x00000034   Code   RO         8403    i.GimbalMotorInit   gimbal.o
    0x0800320c   0x0800320c   0x00000104   Code   RO         8404    i.GimbalPidChange   gimbal.o
    0x08003310   0x08003310   0x00000158   Code   RO         8405    i.GimbalPidInit     gimbal.o
    0x08003468   0x08003468   0x0000003c   Code   RO         9363    i.Gimbal_Act_Cal    gimbaltask.o
    0x080034a4   0x080034a4   0x000000d4   Code   RO         9364    i.Gimbal_Auto_aim_Cal  gimbaltask.o
    0x08003578   0x08003578   0x000000f8   Code   RO         9365    i.Gimbal_Buff_Cal   gimbaltask.o
    0x08003670   0x08003670   0x00000078   Code   RO         8407    i.Gimbal_ErrorAngle  gimbal.o
    0x080036e8   0x080036e8   0x00000058   Code   RO         9366    i.Gimbal_Msg_Update  gimbaltask.o
    0x08003740   0x08003740   0x00000058   Code   RO         8408    i.Gimbal_Pitch_Calculate  gimbal.o
    0x08003798   0x08003798   0x0000005c   Code   RO         9367    i.Gimbal_Return     gimbaltask.o
    0x080037f4   0x080037f4   0x000000dc   Code   RO         9369    i.Gimbal_Task       gimbaltask.o
    0x080038d0   0x080038d0   0x00000074   Code   RO         8409    i.Gimbal_Yaw_Calculate  gimbal.o
    0x08003944   0x08003944   0x0000002a   Code   RO         4185    i.HAL_CAN_ActivateNotification  stm32f4xx_hal_can.o
    0x0800396e   0x0800396e   0x0000014a   Code   RO         4186    i.HAL_CAN_AddTxMessage  stm32f4xx_hal_can.o
    0x08003ab8   0x08003ab8   0x00000120   Code   RO         4187    i.HAL_CAN_ConfigFilter  stm32f4xx_hal_can.o
    0x08003bd8   0x08003bd8   0x00000002   Code   RO         4190    i.HAL_CAN_ErrorCallback  stm32f4xx_hal_can.o
    0x08003bda   0x08003bda   0x00000194   Code   RO         4193    i.HAL_CAN_GetRxMessage  stm32f4xx_hal_can.o
    0x08003d6e   0x08003d6e   0x0000024e   Code   RO         4197    i.HAL_CAN_IRQHandler  stm32f4xx_hal_can.o
    0x08003fbc   0x08003fbc   0x00000174   Code   RO         4198    i.HAL_CAN_Init      stm32f4xx_hal_can.o
    0x08004130   0x08004130   0x00000180   Code   RO          560    i.HAL_CAN_MspInit   can.o
    0x080042b0   0x080042b0   0x00000002   Code   RO         4205    i.HAL_CAN_RxFifo0FullCallback  stm32f4xx_hal_can.o
    0x080042b2   0x080042b2   0x00000020   Code   RO         7856    i.HAL_CAN_RxFifo0MsgPendingCallback  bsp_can.o
    0x080042d2   0x080042d2   0x00000002   Code   RO         4207    i.HAL_CAN_RxFifo1FullCallback  stm32f4xx_hal_can.o
    0x080042d4   0x080042d4   0x00000020   Code   RO         7857    i.HAL_CAN_RxFifo1MsgPendingCallback  bsp_can.o
    0x080042f4   0x080042f4   0x00000002   Code   RO         4209    i.HAL_CAN_SleepCallback  stm32f4xx_hal_can.o
    0x080042f6   0x080042f6   0x0000005e   Code   RO         4210    i.HAL_CAN_Start     stm32f4xx_hal_can.o
    0x08004354   0x08004354   0x00000002   Code   RO         4212    i.HAL_CAN_TxMailbox0AbortCallback  stm32f4xx_hal_can.o
    0x08004356   0x08004356   0x00000002   Code   RO         4213    i.HAL_CAN_TxMailbox0CompleteCallback  stm32f4xx_hal_can.o
    0x08004358   0x08004358   0x00000002   Code   RO         4214    i.HAL_CAN_TxMailbox1AbortCallback  stm32f4xx_hal_can.o
    0x0800435a   0x0800435a   0x00000002   Code   RO         4215    i.HAL_CAN_TxMailbox1CompleteCallback  stm32f4xx_hal_can.o
    0x0800435c   0x0800435c   0x00000002   Code   RO         4216    i.HAL_CAN_TxMailbox2AbortCallback  stm32f4xx_hal_can.o
    0x0800435e   0x0800435e   0x00000002   Code   RO         4217    i.HAL_CAN_TxMailbox2CompleteCallback  stm32f4xx_hal_can.o
    0x08004360   0x08004360   0x00000002   Code   RO         4219    i.HAL_CAN_WakeUpFromRxMsgCallback  stm32f4xx_hal_can.o
    0x08004362   0x08004362   0x000000ac   Code   RO         3491    i.HAL_DMA_Abort     stm32f4xx_hal_dma.o
    0x0800440e   0x0800440e   0x00000028   Code   RO         3492    i.HAL_DMA_Abort_IT  stm32f4xx_hal_dma.o
    0x08004436   0x08004436   0x00000002   PAD
    0x08004438   0x08004438   0x00000240   Code   RO         3496    i.HAL_DMA_IRQHandler  stm32f4xx_hal_dma.o
    0x08004678   0x08004678   0x000000ec   Code   RO         3497    i.HAL_DMA_Init      stm32f4xx_hal_dma.o
    0x08004764   0x08004764   0x00000028   Code   RO         3933    i.HAL_Delay         stm32f4xx_hal.o
    0x0800478c   0x0800478c   0x000001f4   Code   RO         3384    i.HAL_GPIO_Init     stm32f4xx_hal_gpio.o
    0x08004980   0x08004980   0x0000000c   Code   RO         3388    i.HAL_GPIO_WritePin  stm32f4xx_hal_gpio.o
    0x0800498c   0x0800498c   0x0000000c   Code   RO         3939    i.HAL_GetTick       stm32f4xx_hal.o
    0x08004998   0x08004998   0x00000018   Code   RO         3945    i.HAL_IncTick       stm32f4xx_hal.o
    0x080049b0   0x080049b0   0x0000003c   Code   RO         3946    i.HAL_Init          stm32f4xx_hal.o
    0x080049ec   0x080049ec   0x000000b4   Code   RO          954    i.HAL_InitTick      stm32f4xx_hal_timebase_tim.o
    0x08004aa0   0x08004aa0   0x00000054   Code   RO          930    i.HAL_MspInit       stm32f4xx_hal_msp.o
    0x08004af4   0x08004af4   0x00000028   Code   RO         3776    i.HAL_NVIC_EnableIRQ  stm32f4xx_hal_cortex.o
    0x08004b1c   0x08004b1c   0x0000007c   Code   RO         3782    i.HAL_NVIC_SetPriority  stm32f4xx_hal_cortex.o
    0x08004b98   0x08004b98   0x00000028   Code   RO         3783    i.HAL_NVIC_SetPriorityGrouping  stm32f4xx_hal_cortex.o
    0x08004bc0   0x08004bc0   0x00000002   Code   RO         2632    i.HAL_PCDEx_LPM_Callback  stm32f4xx_hal_pcd_ex.o
    0x08004bc2   0x08004bc2   0x0000000a   Code   RO         2633    i.HAL_PCDEx_SetRxFiFo  stm32f4xx_hal_pcd_ex.o
    0x08004bcc   0x08004bcc   0x0000004e   Code   RO         2634    i.HAL_PCDEx_SetTxFiFo  stm32f4xx_hal_pcd_ex.o
    0x08004c1a   0x08004c1a   0x0000000e   Code   RO         1197    i.HAL_PCD_ConnectCallback  usbd_conf.o
    0x08004c28   0x08004c28   0x00000020   Code   RO         1198    i.HAL_PCD_DataInStageCallback  usbd_conf.o
    0x08004c48   0x08004c48   0x00000020   Code   RO         1199    i.HAL_PCD_DataOutStageCallback  usbd_conf.o
    0x08004c68   0x08004c68   0x0000000e   Code   RO         1200    i.HAL_PCD_DisconnectCallback  usbd_conf.o
    0x08004c76   0x08004c76   0x00000042   Code   RO         2397    i.HAL_PCD_EP_Abort  stm32f4xx_hal_pcd.o
    0x08004cb8   0x08004cb8   0x0000006a   Code   RO         2398    i.HAL_PCD_EP_Close  stm32f4xx_hal_pcd.o
    0x08004d22   0x08004d22   0x0000007c   Code   RO         2399    i.HAL_PCD_EP_ClrStall  stm32f4xx_hal_pcd.o
    0x08004d9e   0x08004d9e   0x00000016   Code   RO         2401    i.HAL_PCD_EP_GetRxCount  stm32f4xx_hal_pcd.o
    0x08004db4   0x08004db4   0x0000008e   Code   RO         2402    i.HAL_PCD_EP_Open   stm32f4xx_hal_pcd.o
    0x08004e42   0x08004e42   0x00000046   Code   RO         2403    i.HAL_PCD_EP_Receive  stm32f4xx_hal_pcd.o
    0x08004e88   0x08004e88   0x0000008a   Code   RO         2404    i.HAL_PCD_EP_SetStall  stm32f4xx_hal_pcd.o
    0x08004f12   0x08004f12   0x00000048   Code   RO         2405    i.HAL_PCD_EP_Transmit  stm32f4xx_hal_pcd.o
    0x08004f5a   0x08004f5a   0x000006ca   Code   RO         2407    i.HAL_PCD_IRQHandler  stm32f4xx_hal_pcd.o
    0x08005624   0x08005624   0x00000012   Code   RO         1201    i.HAL_PCD_ISOINIncompleteCallback  usbd_conf.o
    0x08005636   0x08005636   0x00000012   Code   RO         1202    i.HAL_PCD_ISOOUTIncompleteCallback  usbd_conf.o
    0x08005648   0x08005648   0x0000015e   Code   RO         2410    i.HAL_PCD_Init      stm32f4xx_hal_pcd.o
    0x080057a6   0x080057a6   0x00000002   PAD
    0x080057a8   0x080057a8   0x000000a8   Code   RO         1204    i.HAL_PCD_MspInit   usbd_conf.o
    0x08005850   0x08005850   0x00000030   Code   RO         1205    i.HAL_PCD_ResetCallback  usbd_conf.o
    0x08005880   0x08005880   0x0000000e   Code   RO         1206    i.HAL_PCD_ResumeCallback  usbd_conf.o
    0x0800588e   0x0800588e   0x0000000e   Code   RO         1207    i.HAL_PCD_SOFCallback  usbd_conf.o
    0x0800589c   0x0800589c   0x00000034   Code   RO         2416    i.HAL_PCD_SetAddress  stm32f4xx_hal_pcd.o
    0x080058d0   0x080058d0   0x00000012   Code   RO         1208    i.HAL_PCD_SetupStageCallback  usbd_conf.o
    0x080058e2   0x080058e2   0x0000004c   Code   RO         2419    i.HAL_PCD_Start     stm32f4xx_hal_pcd.o
    0x0800592e   0x0800592e   0x00000002   PAD
    0x08005930   0x08005930   0x00000034   Code   RO         1209    i.HAL_PCD_SuspendCallback  usbd_conf.o
    0x08005964   0x08005964   0x00000184   Code   RO         2985    i.HAL_RCC_ClockConfig  stm32f4xx_hal_rcc.o
    0x08005ae8   0x08005ae8   0x00000044   Code   RO         2989    i.HAL_RCC_GetClockConfig  stm32f4xx_hal_rcc.o
    0x08005b2c   0x08005b2c   0x0000000c   Code   RO         2990    i.HAL_RCC_GetHCLKFreq  stm32f4xx_hal_rcc.o
    0x08005b38   0x08005b38   0x00000020   Code   RO         2992    i.HAL_RCC_GetPCLK1Freq  stm32f4xx_hal_rcc.o
    0x08005b58   0x08005b58   0x00000020   Code   RO         2993    i.HAL_RCC_GetPCLK2Freq  stm32f4xx_hal_rcc.o
    0x08005b78   0x08005b78   0x000000b0   Code   RO         2994    i.HAL_RCC_GetSysClockFreq  stm32f4xx_hal_rcc.o
    0x08005c28   0x08005c28   0x0000049c   Code   RO         2997    i.HAL_RCC_OscConfig  stm32f4xx_hal_rcc.o
    0x080060c4   0x080060c4   0x000000c8   Code   RO         4429    i.HAL_SPI_Init      stm32f4xx_hal_spi.o
    0x0800618c   0x0800618c   0x00000158   Code   RO          633    i.HAL_SPI_MspInit   spi.o
    0x080062e4   0x080062e4   0x00000248   Code   RO         4438    i.HAL_SPI_TransmitReceive  stm32f4xx_hal_spi.o
    0x0800652c   0x0800652c   0x00000002   Code   RO         2121    i.HAL_TIMEx_BreakCallback  stm32f4xx_hal_tim_ex.o
    0x0800652e   0x0800652e   0x00000002   Code   RO         2122    i.HAL_TIMEx_CommutCallback  stm32f4xx_hal_tim_ex.o
    0x08006530   0x08006530   0x000000b4   Code   RO         2140    i.HAL_TIMEx_MasterConfigSynchronization  stm32f4xx_hal_tim_ex.o
    0x080065e4   0x080065e4   0x00000066   Code   RO         1406    i.HAL_TIM_Base_Init  stm32f4xx_hal_tim.o
    0x0800664a   0x0800664a   0x00000002   PAD
    0x0800664c   0x0800664c   0x00000078   Code   RO          675    i.HAL_TIM_Base_MspInit  tim.o
    0x080066c4   0x080066c4   0x000000a8   Code   RO         1411    i.HAL_TIM_Base_Start_IT  stm32f4xx_hal_tim.o
    0x0800676c   0x0800676c   0x0000010c   Code   RO         1415    i.HAL_TIM_ConfigClockSource  stm32f4xx_hal_tim.o
    0x08006878   0x08006878   0x00000002   Code   RO         1440    i.HAL_TIM_IC_CaptureCallback  stm32f4xx_hal_tim.o
    0x0800687a   0x0800687a   0x0000016c   Code   RO         1454    i.HAL_TIM_IRQHandler  stm32f4xx_hal_tim.o
    0x080069e6   0x080069e6   0x00000002   PAD
    0x080069e8   0x080069e8   0x000000b4   Code   RO          676    i.HAL_TIM_MspPostInit  tim.o
    0x08006a9c   0x08006a9c   0x00000002   Code   RO         1457    i.HAL_TIM_OC_DelayElapsedCallback  stm32f4xx_hal_tim.o
    0x08006a9e   0x08006a9e   0x00000104   Code   RO         1478    i.HAL_TIM_PWM_ConfigChannel  stm32f4xx_hal_tim.o
    0x08006ba2   0x08006ba2   0x00000066   Code   RO         1481    i.HAL_TIM_PWM_Init  stm32f4xx_hal_tim.o
    0x08006c08   0x08006c08   0x00000002   Code   RO         1483    i.HAL_TIM_PWM_MspInit  stm32f4xx_hal_tim.o
    0x08006c0a   0x08006c0a   0x00000002   Code   RO         1484    i.HAL_TIM_PWM_PulseFinishedCallback  stm32f4xx_hal_tim.o
    0x08006c0c   0x08006c0c   0x0000010c   Code   RO         1486    i.HAL_TIM_PWM_Start  stm32f4xx_hal_tim.o
    0x08006d18   0x08006d18   0x000000a8   Code   RO         1489    i.HAL_TIM_PWM_Stop  stm32f4xx_hal_tim.o
    0x08006dc0   0x08006dc0   0x00000012   Code   RO           14    i.HAL_TIM_PeriodElapsedCallback  main.o
    0x08006dd2   0x08006dd2   0x00000002   Code   RO         1497    i.HAL_TIM_TriggerCallback  stm32f4xx_hal_tim.o
    0x08006dd4   0x08006dd4   0x00000002   Code   RO         4752    i.HAL_UARTEx_RxEventCallback  stm32f4xx_hal_uart.o
    0x08006dd6   0x08006dd6   0x00000002   Code   RO         4766    i.HAL_UART_ErrorCallback  stm32f4xx_hal_uart.o
    0x08006dd8   0x08006dd8   0x00000308   Code   RO         4769    i.HAL_UART_IRQHandler  stm32f4xx_hal_uart.o
    0x080070e0   0x080070e0   0x00000076   Code   RO         4770    i.HAL_UART_Init     stm32f4xx_hal_uart.o
    0x08007156   0x08007156   0x00000002   PAD
    0x08007158   0x08007158   0x000002c4   Code   RO          729    i.HAL_UART_MspInit  usart.o
    0x0800741c   0x0800741c   0x00000002   Code   RO         4776    i.HAL_UART_RxCpltCallback  stm32f4xx_hal_uart.o
    0x0800741e   0x0800741e   0x00000002   Code   RO         4781    i.HAL_UART_TxCpltCallback  stm32f4xx_hal_uart.o
    0x08007420   0x08007420   0x00000130   Code   RO         7273    i.H_K_R_Adjustment  kalman_filter.o
    0x08007550   0x08007550   0x00000004   Code   RO          793    i.HardFault_Handler  stm32f4xx_it.o
    0x08007554   0x08007554   0x00000238   Code   RO         7536    i.IMU_QuaternionEKF_F_Linearization_P_Fading  quaternionekf.o
    0x0800778c   0x0800778c   0x0000022c   Code   RO         7537    i.IMU_QuaternionEKF_Init  quaternionekf.o
    0x080079b8   0x080079b8   0x00000034   Code   RO         7538    i.IMU_QuaternionEKF_Observe  quaternionekf.o
    0x080079ec   0x080079ec   0x00000128   Code   RO         7539    i.IMU_QuaternionEKF_SetH  quaternionekf.o
    0x08007b14   0x08007b14   0x0000060c   Code   RO         7540    i.IMU_QuaternionEKF_Update  quaternionekf.o
    0x08008120   0x08008120   0x00000508   Code   RO         7541    i.IMU_QuaternionEKF_xhatUpdate  quaternionekf.o
    0x08008628   0x08008628   0x00000074   Code   RO         8514    i.IMU_Temperature_Ctrl  ins.o
    0x0800869c   0x0800869c   0x000000dc   Code   RO         8515    i.INS_Init          ins.o
    0x08008778   0x08008778   0x00000270   Code   RO         8516    i.INS_Task          ins.o
    0x080089e8   0x080089e8   0x0000007c   Code   RO         9208    i.InfoUnpack        keymouse.o
    0x08008a64   0x08008a64   0x00000188   Code   RO         8024    i.Initialization_Completed  bsp_buzzer.o
    0x08008bec   0x08008bec   0x0000003e   Code   RO         1042    i.IntToUnicode      usbd_desc.o
    0x08008c2a   0x08008c2a   0x00000002   PAD
    0x08008c2c   0x08008c2c   0x0000070c   Code   RO         7274    i.Kalman_Filter_Init  kalman_filter.o
    0x08009338   0x08009338   0x00000050   Code   RO         7275    i.Kalman_Filter_Measure  kalman_filter.o
    0x08009388   0x08009388   0x00000068   Code   RO         7276    i.Kalman_Filter_P_Update  kalman_filter.o
    0x080093f0   0x080093f0   0x00000068   Code   RO         7277    i.Kalman_Filter_PminusUpdate  kalman_filter.o
    0x08009458   0x08009458   0x000000d2   Code   RO         7278    i.Kalman_Filter_SetK  kalman_filter.o
    0x0800952a   0x0800952a   0x00000002   PAD
    0x0800952c   0x0800952c   0x00000128   Code   RO         7279    i.Kalman_Filter_Update  kalman_filter.o
    0x08009654   0x08009654   0x0000007c   Code   RO         7280    i.Kalman_Filter_xhatMinusUpdate  kalman_filter.o
    0x080096d0   0x080096d0   0x00000086   Code   RO         7281    i.Kalman_Filter_xhatUpdate  kalman_filter.o
    0x08009756   0x08009756   0x00000002   PAD
    0x08009758   0x08009758   0x00000594   Code   RO         9209    i.KeyMouseUpdate    keymouse.o
    0x08009cec   0x08009cec   0x00000014   Code   RO         8065    i.LED_Off           bsp_led.o
    0x08009d00   0x08009d00   0x00000014   Code   RO         8066    i.LED_On            bsp_led.o
    0x08009d14   0x08009d14   0x000000a4   Code   RO         9085    i.LiftPidInit       lifting_control.o
    0x08009db8   0x08009db8   0x00000038   Code   RO         9086    i.Lifting_Clear     lifting_control.o
    0x08009df0   0x08009df0   0x000000bc   Code   RO         9087    i.Lifting_Control   lifting_control.o
    0x08009eac   0x08009eac   0x00000140   Code   RO         9088    i.Lifting_Error_Check  lifting_control.o
    0x08009fec   0x08009fec   0x000000e0   Code   RO         9089    i.Lifting_Finish_Check  lifting_control.o
    0x0800a0cc   0x0800a0cc   0x00000038   Code   RO         9090    i.Lifting_State_Check  lifting_control.o
    0x0800a104   0x0800a104   0x00000014   Code   RO         7120    i.LossDetect        debug.o
    0x0800a118   0x0800a118   0x00000042   Code   RO         7121    i.LossUpdate        debug.o
    0x0800a15a   0x0800a15a   0x00000002   PAD
    0x0800a15c   0x0800a15c   0x000000fc   Code   RO         8286    i.M2006_Decode      m2006.o
    0x0800a258   0x0800a258   0x00000090   Code   RO         8287    i.M2006_SendPack    m2006.o
    0x0800a2e8   0x0800a2e8   0x00000174   Code   RO         8316    i.M3508_Decode      m3508.o
    0x0800a45c   0x0800a45c   0x000000d8   Code   RO         8317    i.M3508_SendPack    m3508.o
    0x0800a534   0x0800a534   0x00000048   Code   RO          561    i.MX_CAN1_Init      can.o
    0x0800a57c   0x0800a57c   0x00000044   Code   RO          562    i.MX_CAN2_Init      can.o
    0x0800a5c0   0x0800a5c0   0x00000098   Code   RO          608    i.MX_DMA_Init       dma.o
    0x0800a658   0x0800a658   0x00000098   Code   RO          408    i.MX_FREERTOS_Init  freertos.o
    0x0800a6f0   0x0800a6f0   0x00000158   Code   RO          380    i.MX_GPIO_Init      gpio.o
    0x0800a848   0x0800a848   0x00000048   Code   RO          634    i.MX_SPI1_Init      spi.o
    0x0800a890   0x0800a890   0x0000006c   Code   RO          677    i.MX_TIM10_Init     tim.o
    0x0800a8fc   0x0800a8fc   0x000000a8   Code   RO          678    i.MX_TIM4_Init      tim.o
    0x0800a9a4   0x0800a9a4   0x00000038   Code   RO          730    i.MX_USART1_UART_Init  usart.o
    0x0800a9dc   0x0800a9dc   0x00000038   Code   RO          731    i.MX_USART3_UART_Init  usart.o
    0x0800aa14   0x0800aa14   0x00000038   Code   RO          732    i.MX_USART6_UART_Init  usart.o
    0x0800aa4c   0x0800aa4c   0x0000004c   Code   RO          993    i.MX_USB_DEVICE_Init  usb_device.o
    0x0800aa98   0x0800aa98   0x00000004   Code   RO          794    i.MemManage_Handler  stm32f4xx_it.o
    0x0800aa9c   0x0800aa9c   0x00000004   Code   RO          795    i.NMI_Handler       stm32f4xx_it.o
    0x0800aaa0   0x0800aaa0   0x000001cc   Code   RO         7781    i.OLS_Derivative    user_lib.o
    0x0800ac6c   0x0800ac6c   0x0000004c   Code   RO         7782    i.OLS_Init          user_lib.o
    0x0800acb8   0x0800acb8   0x00000010   Code   RO          796    i.OTG_FS_IRQHandler  stm32f4xx_it.o
    0x0800acc8   0x0800acc8   0x000000e0   Code   RO         9261    i.Offline_task      offline_task.o
    0x0800ada8   0x0800ada8   0x00000064   Code   RO         2423    i.PCD_EP_OutSetupPacket_int  stm32f4xx_hal_pcd.o
    0x0800ae0c   0x0800ae0c   0x00000144   Code   RO         2424    i.PCD_EP_OutXfrComplete_int  stm32f4xx_hal_pcd.o
    0x0800af50   0x0800af50   0x000000b6   Code   RO         2425    i.PCD_WriteEmptyTxFifo  stm32f4xx_hal_pcd.o
    0x0800b006   0x0800b006   0x00000002   PAD
    0x0800b008   0x0800b008   0x00000028   Code   RO         8589    i.PCReceive         pc_serial.o
    0x0800b030   0x0800b030   0x00000024   Code   RO         8590    i.PCSolve           pc_serial.o
    0x0800b054   0x0800b054   0x00000034   Code   RO         8025    i.PC_On             bsp_buzzer.o
    0x0800b088   0x0800b088   0x00000292   Code   RO         7409    i.PID_Calculate     pid.o
    0x0800b31a   0x0800b31a   0x00000082   Code   RO         7410    i.PID_Change        pid.o
    0x0800b39c   0x0800b39c   0x00000054   Code   RO         7411    i.PID_Clear         pid.o
    0x0800b3f0   0x0800b3f0   0x000000a4   Code   RO         7412    i.PID_Init          pid.o
    0x0800b494   0x0800b494   0x00000002   Code   RO         8364    i.Pack_Chassis2     chassissend.o
    0x0800b496   0x0800b496   0x00000002   PAD
    0x0800b498   0x0800b498   0x000000f8   Code   RO         8365    i.Pack_InfantryMode  chassissend.o
    0x0800b590   0x0800b590   0x00000038   Code   RO         8641    i.RC_Rst            remote_control.o
    0x0800b5c8   0x0800b5c8   0x00000034   Code   RO         8343    i.Referee_Check     chassisget.o
    0x0800b5fc   0x0800b5fc   0x000000fc   Code   RO         8642    i.RemoteGet         remote_control.o
    0x0800b6f8   0x0800b6f8   0x0000001e   Code   RO         8170    i.RemoteLimit       bsp_dt7.o
    0x0800b716   0x0800b716   0x00000002   PAD
    0x0800b718   0x0800b718   0x00000088   Code   RO         4467    i.SPI_EndRxTxTransaction  stm32f4xx_hal_spi.o
    0x0800b7a0   0x0800b7a0   0x000000d8   Code   RO         4472    i.SPI_WaitFlagStateUntilTimeout  stm32f4xx_hal_spi.o
    0x0800b878   0x0800b878   0x00000012   Code   RO         6852    i.SWAPBYTE          usbd_ctlreq.o
    0x0800b88a   0x0800b88a   0x00000002   PAD
    0x0800b88c   0x0800b88c   0x00000018   Code   RO         8591    i.SendtoPC          pc_serial.o
    0x0800b8a4   0x0800b8a4   0x00000084   Code   RO         8592    i.SendtoPCPack      pc_serial.o
    0x0800b928   0x0800b928   0x0000002c   Code   RO         8026    i.Set_Buzzer_Frequency  bsp_buzzer.o
    0x0800b954   0x0800b954   0x000000ac   Code   RO         9370    i.Shoot_Fire_Cal    gimbaltask.o
    0x0800ba00   0x0800ba00   0x000000c4   Code   RO         9371    i.Shoot_Power_down_Cal  gimbaltask.o
    0x0800bac4   0x0800bac4   0x00000104   Code   RO         8410    i.Small_Buff_Change  gimbal.o
    0x0800bbc8   0x0800bbc8   0x0000000a   Code   RO         9210    i.State_Clear       keymouse.o
    0x0800bbd2   0x0800bbd2   0x00000002   PAD
    0x0800bbd4   0x0800bbd4   0x00000034   Code   RO         6611    i.SysTick_Handler   port.o
    0x0800bc08   0x0800bc08   0x000000b4   Code   RO           15    i.SystemClock_Config  main.o
    0x0800bcbc   0x0800bcbc   0x00000014   Code   RO         5114    i.SystemInit        system_stm32f4xx.o
    0x0800bcd0   0x0800bcd0   0x0000002c   Code   RO         7742    i.TD_Clear          td.o
    0x0800bcfc   0x0800bcfc   0x00000038   Code   RO         7743    i.TD_Init           td.o
    0x0800bd34   0x0800bd34   0x00000010   Code   RO          797    i.TIM1_UP_TIM10_IRQHandler  stm32f4xx_it.o
    0x0800bd44   0x0800bd44   0x00000010   Code   RO          798    i.TIM2_IRQHandler   stm32f4xx_it.o
    0x0800bd54   0x0800bd54   0x000000e0   Code   RO         1499    i.TIM_Base_SetConfig  stm32f4xx_hal_tim.o
    0x0800be34   0x0800be34   0x00000022   Code   RO         1500    i.TIM_CCxChannelCmd  stm32f4xx_hal_tim.o
    0x0800be56   0x0800be56   0x00000016   Code   RO         1510    i.TIM_ETR_SetConfig  stm32f4xx_hal_tim.o
    0x0800be6c   0x0800be6c   0x00000012   Code   RO         1511    i.TIM_ITRx_SetConfig  stm32f4xx_hal_tim.o
    0x0800be7e   0x0800be7e   0x00000002   PAD
    0x0800be80   0x0800be80   0x00000070   Code   RO         1512    i.TIM_OC1_SetConfig  stm32f4xx_hal_tim.o
    0x0800bef0   0x0800bef0   0x0000007c   Code   RO         1513    i.TIM_OC2_SetConfig  stm32f4xx_hal_tim.o
    0x0800bf6c   0x0800bf6c   0x00000078   Code   RO         1514    i.TIM_OC3_SetConfig  stm32f4xx_hal_tim.o
    0x0800bfe4   0x0800bfe4   0x00000054   Code   RO         1515    i.TIM_OC4_SetConfig  stm32f4xx_hal_tim.o
    0x0800c038   0x0800c038   0x0000003a   Code   RO         7999    i.TIM_Set_PWM       bsp_pwm.o
    0x0800c072   0x0800c072   0x00000026   Code   RO         1517    i.TIM_TI1_ConfigInputStage  stm32f4xx_hal_tim.o
    0x0800c098   0x0800c098   0x00000028   Code   RO         1519    i.TIM_TI2_ConfigInputStage  stm32f4xx_hal_tim.o
    0x0800c0c0   0x0800c0c0   0x0000003c   Code   RO         9145    i.TOF_BaudRate_Init  tof.o
    0x0800c0fc   0x0800c0fc   0x00000040   Code   RO         9146    i.TOF_Decode        tof.o
    0x0800c13c   0x0800c13c   0x0000009c   Code   RO         9147    i.TOF_Init          tof.o
    0x0800c1d8   0x0800c1d8   0x000000a4   Code   RO         9148    i.TOF_Receive       tof.o
    0x0800c27c   0x0800c27c   0x0000003c   Code   RO         9149    i.TOF_Reset         tof.o
    0x0800c2b8   0x0800c2b8   0x00000022   Code   RO         8643    i.Test_Init         remote_control.o
    0x0800c2da   0x0800c2da   0x00000002   PAD
    0x0800c2dc   0x0800c2dc   0x00000054   Code   RO         8874    i.Toggle_AddGrid    togglebullet.o
    0x0800c330   0x0800c330   0x0000007c   Code   RO         8875    i.Toggle_BulletPrediction  togglebullet.o
    0x0800c3ac   0x0800c3ac   0x000000ac   Code   RO         8876    i.Toggle_Calculate  togglebullet.o
    0x0800c458   0x0800c458   0x0000002c   Code   RO         8877    i.Toggle_Control    togglebullet.o
    0x0800c484   0x0800c484   0x00000030   Code   RO         8878    i.Toggle_FilterBulletData  togglebullet.o
    0x0800c4b4   0x0800c4b4   0x0000002c   Code   RO         8879    i.Toggle_Fire       togglebullet.o
    0x0800c4e0   0x0800c4e0   0x00000084   Code   RO         8880    i.Toggle_Init       togglebullet.o
    0x0800c564   0x0800c564   0x00000064   Code   RO         8881    i.Toggle_Scheduler  togglebullet.o
    0x0800c5c8   0x0800c5c8   0x00000038   Code   RO         8882    i.Toggle_SelectShootFreq  togglebullet.o
    0x0800c600   0x0800c600   0x00000012   Code   RO         4783    i.UART_DMAAbortOnError  stm32f4xx_hal_uart.o
    0x0800c612   0x0800c612   0x0000006c   Code   RO         4793    i.UART_EndRxTransfer  stm32f4xx_hal_uart.o
    0x0800c67e   0x0800c67e   0x00000020   Code   RO         4794    i.UART_EndTransmit_IT  stm32f4xx_hal_uart.o
    0x0800c69e   0x0800c69e   0x000000fc   Code   RO         4796    i.UART_Receive_IT   stm32f4xx_hal_uart.o
    0x0800c79a   0x0800c79a   0x00000002   PAD
    0x0800c79c   0x0800c79c   0x0000022c   Code   RO         4797    i.UART_SetConfig    stm32f4xx_hal_uart.o
    0x0800c9c8   0x0800c9c8   0x00000060   Code   RO         4800    i.UART_Transmit_IT  stm32f4xx_hal_uart.o
    0x0800ca28   0x0800ca28   0x00000014   Code   RO          799    i.USART1_IRQHandler  stm32f4xx_it.o
    0x0800ca3c   0x0800ca3c   0x00000014   Code   RO          800    i.USART3_IRQHandler  stm32f4xx_it.o
    0x0800ca50   0x0800ca50   0x00000014   Code   RO          801    i.USART6_IRQHandler  stm32f4xx_it.o
    0x0800ca64   0x0800ca64   0x000000be   Code   RO         7015    i.USBD_CDC_DataIn   usbd_cdc.o
    0x0800cb22   0x0800cb22   0x00000048   Code   RO         7016    i.USBD_CDC_DataOut  usbd_cdc.o
    0x0800cb6a   0x0800cb6a   0x00000002   PAD
    0x0800cb6c   0x0800cb6c   0x000000d4   Code   RO         7017    i.USBD_CDC_DeInit   usbd_cdc.o
    0x0800cc40   0x0800cc40   0x00000050   Code   RO         7018    i.USBD_CDC_EP0_RxReady  usbd_cdc.o
    0x0800cc90   0x0800cc90   0x00000010   Code   RO         7019    i.USBD_CDC_GetDeviceQualifierDescriptor  usbd_cdc.o
    0x0800cca0   0x0800cca0   0x00000044   Code   RO         7020    i.USBD_CDC_GetFSCfgDesc  usbd_cdc.o
    0x0800cce4   0x0800cce4   0x00000048   Code   RO         7021    i.USBD_CDC_GetHSCfgDesc  usbd_cdc.o
    0x0800cd2c   0x0800cd2c   0x00000044   Code   RO         7022    i.USBD_CDC_GetOtherSpeedCfgDesc  usbd_cdc.o
    0x0800cd70   0x0800cd70   0x000001a0   Code   RO         7023    i.USBD_CDC_Init     usbd_cdc.o
    0x0800cf10   0x0800cf10   0x00000050   Code   RO         7024    i.USBD_CDC_ReceivePacket  usbd_cdc.o
    0x0800cf60   0x0800cf60   0x00000018   Code   RO         7025    i.USBD_CDC_RegisterInterface  usbd_cdc.o
    0x0800cf78   0x0800cf78   0x0000001e   Code   RO         7026    i.USBD_CDC_SetRxBuffer  usbd_cdc.o
    0x0800cf96   0x0800cf96   0x00000024   Code   RO         7027    i.USBD_CDC_SetTxBuffer  usbd_cdc.o
    0x0800cfba   0x0800cfba   0x00000140   Code   RO         7028    i.USBD_CDC_Setup    usbd_cdc.o
    0x0800d0fa   0x0800d0fa   0x00000002   PAD
    0x0800d0fc   0x0800d0fc   0x00000058   Code   RO         7029    i.USBD_CDC_TransmitPacket  usbd_cdc.o
    0x0800d154   0x0800d154   0x0000001c   Code   RO         6690    i.USBD_ClrClassConfig  usbd_core.o
    0x0800d170   0x0800d170   0x0000003e   Code   RO         6853    i.USBD_ClrFeature   usbd_ctlreq.o
    0x0800d1ae   0x0800d1ae   0x00000006   Code   RO         6691    i.USBD_CoreFindEP   usbd_core.o
    0x0800d1b4   0x0800d1b4   0x00000006   Code   RO         6692    i.USBD_CoreFindIF   usbd_core.o
    0x0800d1ba   0x0800d1ba   0x00000018   Code   RO         6955    i.USBD_CtlContinueRx  usbd_ioreq.o
    0x0800d1d2   0x0800d1d2   0x00000018   Code   RO         6956    i.USBD_CtlContinueSendData  usbd_ioreq.o
    0x0800d1ea   0x0800d1ea   0x00000018   Code   RO         6854    i.USBD_CtlError     usbd_ctlreq.o
    0x0800d202   0x0800d202   0x0000002e   Code   RO         6957    i.USBD_CtlPrepareRx  usbd_ioreq.o
    0x0800d230   0x0800d230   0x0000001a   Code   RO         6958    i.USBD_CtlReceiveStatus  usbd_ioreq.o
    0x0800d24a   0x0800d24a   0x00000024   Code   RO         6959    i.USBD_CtlSendData  usbd_ioreq.o
    0x0800d26e   0x0800d26e   0x0000001a   Code   RO         6960    i.USBD_CtlSendStatus  usbd_ioreq.o
    0x0800d288   0x0800d288   0x00000034   Code   RO         1043    i.USBD_FS_ConfigStrDescriptor  usbd_desc.o
    0x0800d2bc   0x0800d2bc   0x00000010   Code   RO         1044    i.USBD_FS_DeviceDescriptor  usbd_desc.o
    0x0800d2cc   0x0800d2cc   0x00000038   Code   RO         1045    i.USBD_FS_InterfaceStrDescriptor  usbd_desc.o
    0x0800d304   0x0800d304   0x00000010   Code   RO         1046    i.USBD_FS_LangIDStrDescriptor  usbd_desc.o
    0x0800d314   0x0800d314   0x0000002c   Code   RO         1047    i.USBD_FS_ManufacturerStrDescriptor  usbd_desc.o
    0x0800d340   0x0800d340   0x00000040   Code   RO         1048    i.USBD_FS_ProductStrDescriptor  usbd_desc.o
    0x0800d380   0x0800d380   0x00000018   Code   RO         1049    i.USBD_FS_SerialStrDescriptor  usbd_desc.o
    0x0800d398   0x0800d398   0x00000056   Code   RO         6855    i.USBD_GetConfig    usbd_ctlreq.o
    0x0800d3ee   0x0800d3ee   0x000001fc   Code   RO         6856    i.USBD_GetDescriptor  usbd_ctlreq.o
    0x0800d5ea   0x0800d5ea   0x00000050   Code   RO         6694    i.USBD_GetEpDesc    usbd_core.o
    0x0800d63a   0x0800d63a   0x00000016   Code   RO         6857    i.USBD_GetLen       usbd_ctlreq.o
    0x0800d650   0x0800d650   0x00000014   Code   RO         6695    i.USBD_GetNextDesc  usbd_core.o
    0x0800d664   0x0800d664   0x0000005a   Code   RO         6858    i.USBD_GetStatus    usbd_ctlreq.o
    0x0800d6be   0x0800d6be   0x00000068   Code   RO         6859    i.USBD_GetString    usbd_ctlreq.o
    0x0800d726   0x0800d726   0x0000002c   Code   RO         1210    i.USBD_Get_USB_Status  usbd_conf.o
    0x0800d752   0x0800d752   0x0000003a   Code   RO         6696    i.USBD_Init         usbd_core.o
    0x0800d78c   0x0800d78c   0x00000026   Code   RO         1211    i.USBD_LL_ClearStallEP  usbd_conf.o
    0x0800d7b2   0x0800d7b2   0x00000026   Code   RO         1212    i.USBD_LL_CloseEP   usbd_conf.o
    0x0800d7d8   0x0800d7d8   0x00000110   Code   RO         6697    i.USBD_LL_DataInStage  usbd_core.o
    0x0800d8e8   0x0800d8e8   0x0000010a   Code   RO         6698    i.USBD_LL_DataOutStage  usbd_core.o
    0x0800d9f2   0x0800d9f2   0x00000006   Code   RO         6699    i.USBD_LL_DevConnected  usbd_core.o
    0x0800d9f8   0x0800d9f8   0x00000026   Code   RO         6700    i.USBD_LL_DevDisconnected  usbd_core.o
    0x0800da1e   0x0800da1e   0x00000012   Code   RO         1216    i.USBD_LL_GetRxDataSize  usbd_conf.o
    0x0800da30   0x0800da30   0x00000068   Code   RO         1217    i.USBD_LL_Init      usbd_conf.o
    0x0800da98   0x0800da98   0x00000038   Code   RO         1218    i.USBD_LL_IsStallEP  usbd_conf.o
    0x0800dad0   0x0800dad0   0x00000048   Code   RO         6701    i.USBD_LL_IsoINIncomplete  usbd_core.o
    0x0800db18   0x0800db18   0x00000048   Code   RO         6702    i.USBD_LL_IsoOUTIncomplete  usbd_core.o
    0x0800db60   0x0800db60   0x00000030   Code   RO         1219    i.USBD_LL_OpenEP    usbd_conf.o
    0x0800db90   0x0800db90   0x00000030   Code   RO         1220    i.USBD_LL_PrepareReceive  usbd_conf.o
    0x0800dbc0   0x0800dbc0   0x0000006e   Code   RO         6703    i.USBD_LL_Reset     usbd_core.o
    0x0800dc2e   0x0800dc2e   0x00000016   Code   RO         6704    i.USBD_LL_Resume    usbd_core.o
    0x0800dc44   0x0800dc44   0x00000028   Code   RO         6705    i.USBD_LL_SOF       usbd_core.o
    0x0800dc6c   0x0800dc6c   0x00000008   Code   RO         6706    i.USBD_LL_SetSpeed  usbd_core.o
    0x0800dc74   0x0800dc74   0x00000026   Code   RO         1221    i.USBD_LL_SetUSBAddress  usbd_conf.o
    0x0800dc9a   0x0800dc9a   0x00000076   Code   RO         6707    i.USBD_LL_SetupStage  usbd_core.o
    0x0800dd10   0x0800dd10   0x00000026   Code   RO         1222    i.USBD_LL_StallEP   usbd_conf.o
    0x0800dd36   0x0800dd36   0x0000001e   Code   RO         1223    i.USBD_LL_Start     usbd_conf.o
    0x0800dd54   0x0800dd54   0x0000001c   Code   RO         6708    i.USBD_LL_Suspend   usbd_core.o
    0x0800dd70   0x0800dd70   0x00000030   Code   RO         1225    i.USBD_LL_Transmit  usbd_conf.o
    0x0800dda0   0x0800dda0   0x00000036   Code   RO         6860    i.USBD_ParseSetupRequest  usbd_ctlreq.o
    0x0800ddd6   0x0800ddd6   0x00000048   Code   RO         6709    i.USBD_RegisterClass  usbd_core.o
    0x0800de1e   0x0800de1e   0x00000006   Code   RO         6710    i.USBD_RunTestMode  usbd_core.o
    0x0800de24   0x0800de24   0x0000005a   Code   RO         6861    i.USBD_SetAddress   usbd_ctlreq.o
    0x0800de7e   0x0800de7e   0x00000020   Code   RO         6711    i.USBD_SetClassConfig  usbd_core.o
    0x0800de9e   0x0800de9e   0x00000002   PAD
    0x0800dea0   0x0800dea0   0x00000104   Code   RO         6862    i.USBD_SetConfig    usbd_ctlreq.o
    0x0800dfa4   0x0800dfa4   0x00000038   Code   RO         6863    i.USBD_SetFeature   usbd_ctlreq.o
    0x0800dfdc   0x0800dfdc   0x0000000c   Code   RO         6712    i.USBD_Start        usbd_core.o
    0x0800dfe8   0x0800dfe8   0x000000ae   Code   RO         6864    i.USBD_StdDevReq    usbd_ctlreq.o
    0x0800e096   0x0800e096   0x00000284   Code   RO         6865    i.USBD_StdEPReq     usbd_ctlreq.o
    0x0800e31a   0x0800e31a   0x000000ae   Code   RO         6866    i.USBD_StdItfReq    usbd_ctlreq.o
    0x0800e3c8   0x0800e3c8   0x00000002   Code   RO         1226    i.USBD_static_free  usbd_conf.o
    0x0800e3ca   0x0800e3ca   0x00000002   PAD
    0x0800e3cc   0x0800e3cc   0x0000000c   Code   RO         1227    i.USBD_static_malloc  usbd_conf.o
    0x0800e3d8   0x0800e3d8   0x000000d0   Code   RO         2674    i.USB_ActivateEndpoint  stm32f4xx_ll_usb.o
    0x0800e4a8   0x0800e4a8   0x00000028   Code   RO         2676    i.USB_ActivateSetup  stm32f4xx_ll_usb.o
    0x0800e4d0   0x0800e4d0   0x0000008c   Code   RO         2678    i.USB_CoreInit      stm32f4xx_ll_usb.o
    0x0800e55c   0x0800e55c   0x00000062   Code   RO         2679    i.USB_CoreReset     stm32f4xx_ll_usb.o
    0x0800e5be   0x0800e5be   0x00000002   PAD
    0x0800e5c0   0x0800e5c0   0x0000014c   Code   RO         2682    i.USB_DeactivateEndpoint  stm32f4xx_ll_usb.o
    0x0800e70c   0x0800e70c   0x00000024   Code   RO         2683    i.USB_DevConnect    stm32f4xx_ll_usb.o
    0x0800e730   0x0800e730   0x00000024   Code   RO         2684    i.USB_DevDisconnect  stm32f4xx_ll_usb.o
    0x0800e754   0x0800e754   0x000001e8   Code   RO         2685    i.USB_DevInit       stm32f4xx_ll_usb.o
    0x0800e93c   0x0800e93c   0x0000000e   Code   RO         2686    i.USB_DisableGlobalInt  stm32f4xx_ll_usb.o
    0x0800e94a   0x0800e94a   0x00000002   PAD
    0x0800e94c   0x0800e94c   0x00000070   Code   RO         2689    i.USB_EP0_OutStart  stm32f4xx_ll_usb.o
    0x0800e9bc   0x0800e9bc   0x0000008e   Code   RO         2690    i.USB_EPClearStall  stm32f4xx_ll_usb.o
    0x0800ea4a   0x0800ea4a   0x0000009a   Code   RO         2691    i.USB_EPSetStall    stm32f4xx_ll_usb.o
    0x0800eae4   0x0800eae4   0x000003c0   Code   RO         2692    i.USB_EPStartXfer   stm32f4xx_ll_usb.o
    0x0800eea4   0x0800eea4   0x000000ec   Code   RO         2693    i.USB_EPStopXfer    stm32f4xx_ll_usb.o
    0x0800ef90   0x0800ef90   0x0000000e   Code   RO         2694    i.USB_EnableGlobalInt  stm32f4xx_ll_usb.o
    0x0800ef9e   0x0800ef9e   0x00000050   Code   RO         2695    i.USB_FlushRxFifo   stm32f4xx_ll_usb.o
    0x0800efee   0x0800efee   0x00000054   Code   RO         2696    i.USB_FlushTxFifo   stm32f4xx_ll_usb.o
    0x0800f042   0x0800f042   0x00000026   Code   RO         2698    i.USB_GetDevSpeed   stm32f4xx_ll_usb.o
    0x0800f068   0x0800f068   0x0000000a   Code   RO         2700    i.USB_GetMode       stm32f4xx_ll_usb.o
    0x0800f072   0x0800f072   0x00000014   Code   RO         2708    i.USB_ReadDevAllInEpInterrupt  stm32f4xx_ll_usb.o
    0x0800f086   0x0800f086   0x00000014   Code   RO         2709    i.USB_ReadDevAllOutEpInterrupt  stm32f4xx_ll_usb.o
    0x0800f09a   0x0800f09a   0x00000032   Code   RO         2710    i.USB_ReadDevInEPInterrupt  stm32f4xx_ll_usb.o
    0x0800f0cc   0x0800f0cc   0x0000001a   Code   RO         2711    i.USB_ReadDevOutEPInterrupt  stm32f4xx_ll_usb.o
    0x0800f0e6   0x0800f0e6   0x0000000a   Code   RO         2712    i.USB_ReadInterrupts  stm32f4xx_ll_usb.o
    0x0800f0f0   0x0800f0f0   0x00000060   Code   RO         2713    i.USB_ReadPacket    stm32f4xx_ll_usb.o
    0x0800f150   0x0800f150   0x00000068   Code   RO         2715    i.USB_SetCurrentMode  stm32f4xx_ll_usb.o
    0x0800f1b8   0x0800f1b8   0x0000002a   Code   RO         2716    i.USB_SetDevAddress  stm32f4xx_ll_usb.o
    0x0800f1e2   0x0800f1e2   0x00000012   Code   RO         2717    i.USB_SetDevSpeed   stm32f4xx_ll_usb.o
    0x0800f1f4   0x0800f1f4   0x000000e8   Code   RO         2718    i.USB_SetTurnaroundTime  stm32f4xx_ll_usb.o
    0x0800f2dc   0x0800f2dc   0x00000044   Code   RO         2721    i.USB_WritePacket   stm32f4xx_ll_usb.o
    0x0800f320   0x0800f320   0x00000004   Code   RO          802    i.UsageFault_Handler  stm32f4xx_it.o
    0x0800f324   0x0800f324   0x00000052   Code   RO         8101    i.VTM_Bit_Extract   bsp_vtm.o
    0x0800f376   0x0800f376   0x0000004c   Code   RO         8102    i.VTM_CRC16_CCITT_False  bsp_vtm.o
    0x0800f3c2   0x0800f3c2   0x00000002   PAD
    0x0800f3c4   0x0800f3c4   0x000000c0   Code   RO         8748    i.VTM_Chassis_Ctrl  vtm_controller.o
    0x0800f484   0x0800f484   0x00000070   Code   RO         8749    i.VTM_Fire          vtm_controller.o
    0x0800f4f4   0x0800f4f4   0x00000198   Code   RO         8103    i.VTM_Frame_Parse   bsp_vtm.o
    0x0800f68c   0x0800f68c   0x00000074   Code   RO         8750    i.VTM_Gimbal_Ctrl   vtm_controller.o
    0x0800f700   0x0800f700   0x00000018   Code   RO         8751    i.VTM_Init          vtm_controller.o
    0x0800f718   0x0800f718   0x000000a8   Code   RO         8104    i.VTM_RC_Receive    bsp_vtm.o
    0x0800f7c0   0x0800f7c0   0x0000002e   Code   RO         8105    i.VTM_Signed_Bit_Extract  bsp_vtm.o
    0x0800f7ee   0x0800f7ee   0x00000002   PAD
    0x0800f7f0   0x0800f7f0   0x000000b8   Code   RO         8752    i.VTM_Update        vtm_controller.o
    0x0800f8a8   0x0800f8a8   0x00000040   Code   RO         7194    i.Verify_CRC16_Check_Sum  algorithmofcrc.o
    0x0800f8e8   0x0800f8e8   0x000000d4   Code   RO         8106    i.Virtual_SW        bsp_vtm.o
    0x0800f9bc   0x0800f9bc   0x000000b4   Code   RO         7178    i.ZeroCheck         zerocheck.o
    0x0800fa70   0x0800fa70   0x00000030   Code   RO         9927    i.__ARM_fpclassify  m_wm.l(fpclassify.o)
    0x0800faa0   0x0800faa0   0x00000026   Code   RO         9929    i.__ARM_fpclassifyf  m_wm.l(fpclassifyf.o)
    0x0800fac6   0x0800fac6   0x00000002   PAD
    0x0800fac8   0x0800fac8   0x00000010   Code   RO         3789    i.__NVIC_GetPriorityGrouping  stm32f4xx_hal_cortex.o
    0x0800fad8   0x0800fad8   0x00000028   Code   RO         3790    i.__NVIC_SetPriority  stm32f4xx_hal_cortex.o
    0x0800fb00   0x0800fb00   0x00000118   Code   RO         9747    i.__hardfp_acosf    m_wm.l(acosf.o)
    0x0800fc18   0x0800fc18   0x0000012c   Code   RO         9759    i.__hardfp_asinf    m_wm.l(asinf.o)
    0x0800fd44   0x0800fd44   0x00000004   PAD
    0x0800fd48   0x0800fd48   0x000002d8   Code   RO         9771    i.__hardfp_atan     m_wm.l(atan.o)
    0x08010020   0x08010020   0x00000250   Code   RO         9785    i.__hardfp_atan2f   m_wm.l(atan2f.o)
    0x08010270   0x08010270   0x00000014   Code   RO         9797    i.__hardfp_fabs     m_wm.l(fabs.o)
    0x08010284   0x08010284   0x0000003a   Code   RO         9803    i.__hardfp_sqrtf    m_wm.l(sqrtf.o)
    0x080102be   0x080102be   0x000000f8   Code   RO         9945    i.__kernel_poly     m_wm.l(poly.o)
    0x080103b6   0x080103b6   0x00000014   Code   RO         9914    i.__mathlib_dbl_infnan  m_wm.l(dunder.o)
    0x080103ca   0x080103ca   0x00000006   PAD
    0x080103d0   0x080103d0   0x00000020   Code   RO         9919    i.__mathlib_dbl_underflow  m_wm.l(dunder.o)
    0x080103f0   0x080103f0   0x00000006   Code   RO         9932    i.__mathlib_flt_infnan  m_wm.l(funder.o)
    0x080103f6   0x080103f6   0x00000006   Code   RO         9933    i.__mathlib_flt_infnan2  m_wm.l(funder.o)
    0x080103fc   0x080103fc   0x00000010   Code   RO         9934    i.__mathlib_flt_invalid  m_wm.l(funder.o)
    0x0801040c   0x0801040c   0x00000010   Code   RO         9937    i.__mathlib_flt_underflow  m_wm.l(funder.o)
    0x0801041c   0x0801041c   0x0000016c   Code   RO         9010    i.bmi088_accel_init  bmi088driver.o
    0x08010588   0x08010588   0x00000130   Code   RO         9011    i.bmi088_gyro_init  bmi088driver.o
    0x080106b8   0x080106b8   0x0000011c   Code   RO         7858    i.can_filter_init   bsp_can.o
    0x080107d4   0x080107d4   0x0000003c   Code   RO         9150    i.crc16_calculate_modbus  tof.o
    0x08010810   0x08010810   0x00000188   Code   RO         9373    i.execute_func      gimbaltask.o
    0x08010998   0x08010998   0x00000174   Code   RO         7413    i.f_Changing_Integration_Rate  pid.o
    0x08010b0c   0x08010b0c   0x00000042   Code   RO         7414    i.f_Derivative_Filter  pid.o
    0x08010b4e   0x08010b4e   0x000000ca   Code   RO         7415    i.f_Derivative_On_Measurement  pid.o
    0x08010c18   0x08010c18   0x000000f4   Code   RO         7416    i.f_Integral_Limit  pid.o
    0x08010d0c   0x08010d0c   0x00000042   Code   RO         7417    i.f_Output_Filter   pid.o
    0x08010d4e   0x08010d4e   0x0000003e   Code   RO         7418    i.f_Output_Limit    pid.o
    0x08010d8c   0x08010d8c   0x000000a4   Code   RO         7419    i.f_PID_ErrorHandle  pid.o
    0x08010e30   0x08010e30   0x0000003e   Code   RO         7420    i.f_Proportion_Limit  pid.o
    0x08010e6e   0x08010e6e   0x00000066   Code   RO         7421    i.f_Trapezoid_Intergral  pid.o
    0x08010ed4   0x08010ed4   0x00000018   Code   RO         9799    i.fabs              m_wm.l(fabs.o)
    0x08010eec   0x08010eec   0x00000048   Code   RO         7155    i.float_rounding    tools.o
    0x08010f34   0x08010f34   0x0000002c   Code   RO         9211    i.get_control_info  keymouse.o
    0x08010f60   0x08010f60   0x0000001a   Code   RO         7356    i.iir               my_filter.o
    0x08010f7a   0x08010f7a   0x00000012   Code   RO         8644    i.initRemoteControl  remote_control.o
    0x08010f8c   0x08010f8c   0x0000003c   Code   RO         7542    i.invSqrt           quaternionekf.o
    0x08010fc8   0x08010fc8   0x000000d4   Code   RO         8411    i.limitPitchAngle   gimbal.o
    0x0801109c   0x0801109c   0x00000060   Code   RO         8412    i.limit_angle       gimbal.o
    0x080110fc   0x080110fc   0x00000078   Code   RO           16    i.main              main.o
    0x08011174   0x08011174   0x0000000e   Code   RO         6176    i.makeFreeRtosPriority  cmsis_os.o
    0x08011182   0x08011182   0x0000000a   Code   RO         6181    i.osKernelStart     cmsis_os.o
    0x0801118c   0x0801118c   0x0000005e   Code   RO         6215    i.osThreadCreate    cmsis_os.o
    0x080111ea   0x080111ea   0x00000002   PAD
    0x080111ec   0x080111ec   0x000000a4   Code   RO         5644    i.prvAddCurrentTaskToDelayedList  tasks.o
    0x08011290   0x08011290   0x000000b4   Code   RO         5645    i.prvAddNewTaskToReadyList  tasks.o
    0x08011344   0x08011344   0x00000074   Code   RO         6008    i.prvCheckForValidListAndQueue  timers.o
    0x080113b8   0x080113b8   0x00000048   Code   RO         5646    i.prvCheckTasksWaitingTermination  tasks.o
    0x08011400   0x08011400   0x0000002a   Code   RO         5291    i.prvCopyDataFromQueue  queue.o
    0x0801142a   0x0801142a   0x0000007e   Code   RO         5292    i.prvCopyDataToQueue  queue.o
    0x080114a8   0x080114a8   0x00000050   Code   RO         5647    i.prvDeleteTCB      tasks.o
    0x080114f8   0x080114f8   0x00000028   Code   RO         6009    i.prvGetNextExpireTime  timers.o
    0x08011520   0x08011520   0x0000007c   Code   RO         6555    i.prvHeapInit       heap_4.o
    0x0801159c   0x0801159c   0x00000028   Code   RO         5648    i.prvIdleTask       tasks.o
    0x080115c4   0x080115c4   0x00000026   Code   RO         5295    i.prvInitialiseNewQueue  queue.o
    0x080115ea   0x080115ea   0x000000c2   Code   RO         5649    i.prvInitialiseNewTask  tasks.o
    0x080116ac   0x080116ac   0x00000068   Code   RO         5650    i.prvInitialiseTaskLists  tasks.o
    0x08011714   0x08011714   0x00000068   Code   RO         6556    i.prvInsertBlockIntoFreeList  heap_4.o
    0x0801177c   0x0801177c   0x00000058   Code   RO         6011    i.prvInsertTimerInActiveList  timers.o
    0x080117d4   0x080117d4   0x0000001a   Code   RO         5296    i.prvIsQueueEmpty   queue.o
    0x080117ee   0x080117ee   0x0000001e   Code   RO         5297    i.prvIsQueueFull    queue.o
    0x0801180c   0x0801180c   0x00000074   Code   RO         6012    i.prvProcessExpiredTimer  timers.o
    0x08011880   0x08011880   0x00000164   Code   RO         6013    i.prvProcessReceivedCommands  timers.o
    0x080119e4   0x080119e4   0x00000074   Code   RO         6014    i.prvProcessTimerOrBlockTask  timers.o
    0x08011a58   0x08011a58   0x00000034   Code   RO         5651    i.prvResetNextTaskUnblockTime  tasks.o
    0x08011a8c   0x08011a8c   0x0000002c   Code   RO         6015    i.prvSampleTimeNow  timers.o
    0x08011ab8   0x08011ab8   0x000000a4   Code   RO         6016    i.prvSwitchTimerLists  timers.o
    0x08011b5c   0x08011b5c   0x00000040   Code   RO         6612    i.prvTaskExitError  port.o
    0x08011b9c   0x08011b9c   0x0000001a   Code   RO         6017    i.prvTimerTask      timers.o
    0x08011bb6   0x08011bb6   0x0000007e   Code   RO         5298    i.prvUnlockQueue    queue.o
    0x08011c34   0x08011c34   0x0000014c   Code   RO         6557    i.pvPortMalloc      heap_4.o
    0x08011d80   0x08011d80   0x0000002c   Code   RO         6613    i.pxPortInitialiseStack  port.o
    0x08011dac   0x08011dac   0x000000a4   Code   RO         8171    i.remote_DT7_init   bsp_dt7.o
    0x08011e50   0x08011e50   0x00000094   Code   RO         8107    i.remote_VTM_init   bsp_vtm.o
    0x08011ee4   0x08011ee4   0x00000022   Code   RO         8645    i.setAllModeOff     remote_control.o
    0x08011f06   0x08011f06   0x00000002   PAD
    0x08011f08   0x08011f08   0x00000014   Code   RO         8646    i.setChassisModeAction  remote_control.o
    0x08011f1c   0x08011f1c   0x0000000c   Code   RO         8647    i.setControlMode    remote_control.o
    0x08011f28   0x08011f28   0x00000150   Code   RO         8834    i.setFrictionSpeed  frictionwheel.o
    0x08012078   0x08012078   0x00000050   Code   RO         8648    i.setGameModeAction  remote_control.o
    0x080120c8   0x080120c8   0x0000000c   Code   RO         8649    i.setGimbalAction   remote_control.o
    0x080120d4   0x080120d4   0x0000000c   Code   RO         8650    i.setGimbalPosition  remote_control.o
    0x080120e0   0x080120e0   0x00000020   Code   RO         8651    i.setRobotState     remote_control.o
    0x08012100   0x08012100   0x0000000c   Code   RO         8652    i.setShootAction    remote_control.o
    0x0801210c   0x0801210c   0x0000000c   Code   RO         8653    i.setSuperPower     remote_control.o
    0x08012118   0x08012118   0x0000003e   Code   RO         9805    i.sqrtf             m_wm.l(sqrtf.o)
    0x08012156   0x08012156   0x00000002   PAD
    0x08012158   0x08012158   0x000000c0   Code   RO         8413    i.updateGyro        gimbal.o
    0x08012218   0x08012218   0x00000028   Code   RO         5251    i.uxListRemove      list.o
    0x08012240   0x08012240   0x00000018   Code   RO          410    i.vApplicationGetIdleTaskMemory  freertos.o
    0x08012258   0x08012258   0x00000018   Code   RO          411    i.vApplicationGetTimerTaskMemory  freertos.o
    0x08012270   0x08012270   0x0000001a   Code   RO         5252    i.vListInitialise   list.o
    0x0801228a   0x0801228a   0x00000006   Code   RO         5253    i.vListInitialiseItem  list.o
    0x08012290   0x08012290   0x00000034   Code   RO         5254    i.vListInsert       list.o
    0x080122c4   0x080122c4   0x00000018   Code   RO         5255    i.vListInsertEnd    list.o
    0x080122dc   0x080122dc   0x00000054   Code   RO         6615    i.vPortEnterCritical  port.o
    0x08012330   0x08012330   0x0000003c   Code   RO         6616    i.vPortExitCritical  port.o
    0x0801236c   0x0801236c   0x000000a4   Code   RO         6558    i.vPortFree         heap_4.o
    0x08012410   0x08012410   0x00000028   Code   RO         6617    i.vPortSetupTimerInterrupt  port.o
    0x08012438   0x08012438   0x00000078   Code   RO         6618    i.vPortValidateInterruptPriority  port.o
    0x080124b0   0x080124b0   0x0000002c   Code   RO         5302    i.vQueueAddToRegistry  queue.o
    0x080124dc   0x080124dc   0x0000004a   Code   RO         5305    i.vQueueWaitForMessageRestricted  queue.o
    0x08012526   0x08012526   0x00000002   PAD
    0x08012528   0x08012528   0x0000005c   Code   RO         5663    i.vTaskDelay        tasks.o
    0x08012584   0x08012584   0x000000d4   Code   RO         5664    i.vTaskDelayUntil   tasks.o
    0x08012658   0x08012658   0x00000018   Code   RO         5667    i.vTaskInternalSetTimeOutState  tasks.o
    0x08012670   0x08012670   0x0000000c   Code   RO         5668    i.vTaskMissedYield  tasks.o
    0x0801267c   0x0801267c   0x00000038   Code   RO         5670    i.vTaskPlaceOnEventList  tasks.o
    0x080126b4   0x080126b4   0x00000040   Code   RO         5671    i.vTaskPlaceOnEventListRestricted  tasks.o
    0x080126f4   0x080126f4   0x000000b8   Code   RO         5678    i.vTaskStartScheduler  tasks.o
    0x080127ac   0x080127ac   0x00000010   Code   RO         5680    i.vTaskSuspendAll   tasks.o
    0x080127bc   0x080127bc   0x0000008c   Code   RO         5681    i.vTaskSwitchContext  tasks.o
    0x08012848   0x08012848   0x00000168   Code   RO         6619    i.xPortStartScheduler  port.o
    0x080129b0   0x080129b0   0x000000e0   Code   RO         5309    i.xQueueGenericCreateStatic  queue.o
    0x08012a90   0x08012a90   0x00000098   Code   RO         5310    i.xQueueGenericReset  queue.o
    0x08012b28   0x08012b28   0x000001a8   Code   RO         5311    i.xQueueGenericSend  queue.o
    0x08012cd0   0x08012cd0   0x000000fc   Code   RO         5312    i.xQueueGenericSendFromISR  queue.o
    0x08012dcc   0x08012dcc   0x00000168   Code   RO         5320    i.xQueueReceive     queue.o
    0x08012f34   0x08012f34   0x000000a8   Code   RO         5684    i.xTaskCheckForTimeOut  tasks.o
    0x08012fdc   0x08012fdc   0x00000064   Code   RO         5685    i.xTaskCreate       tasks.o
    0x08013040   0x08013040   0x000000ba   Code   RO         5686    i.xTaskCreateStatic  tasks.o
    0x080130fa   0x080130fa   0x00000002   PAD
    0x080130fc   0x080130fc   0x00000020   Code   RO         5691    i.xTaskGetSchedulerState  tasks.o
    0x0801311c   0x0801311c   0x0000000c   Code   RO         5692    i.xTaskGetTickCount  tasks.o
    0x08013128   0x08013128   0x00000148   Code   RO         5694    i.xTaskIncrementTick  tasks.o
    0x08013270   0x08013270   0x000000c8   Code   RO         5697    i.xTaskPriorityDisinherit  tasks.o
    0x08013338   0x08013338   0x00000098   Code   RO         5699    i.xTaskRemoveFromEventList  tasks.o
    0x080133d0   0x080133d0   0x00000104   Code   RO         5700    i.xTaskResumeAll    tasks.o
    0x080134d4   0x080134d4   0x00000078   Code   RO         6024    i.xTimerCreateTimerTask  timers.o
    0x0801354c   0x0801354c   0x00000084   Code   RO         6025    i.xTimerGenericCommand  timers.o
    0x080135d0   0x080135d0   0x00000018   Code   RO         9717    x$fpl$basic         fz_wm.l(basic.o)
    0x080135e8   0x080135e8   0x00000062   Code   RO         9719    x$fpl$d2f           fz_wm.l(d2f.o)
    0x0801364a   0x0801364a   0x00000002   PAD
    0x0801364c   0x0801364c   0x00000150   Code   RO         9721    x$fpl$dadd          fz_wm.l(daddsub_clz.o)
    0x0801379c   0x0801379c   0x00000018   Code   RO         9902    x$fpl$dcmpinf       fz_wm.l(dcmpi.o)
    0x080137b4   0x080137b4   0x000002b0   Code   RO         9728    x$fpl$ddiv          fz_wm.l(ddiv.o)
    0x08013a64   0x08013a64   0x0000002e   Code   RO         9732    x$fpl$dflt          fz_wm.l(dflt_clz.o)
    0x08013a92   0x08013a92   0x00000002   PAD
    0x08013a94   0x08013a94   0x00000078   Code   RO         9737    x$fpl$dleqf         fz_wm.l(dleqf.o)
    0x08013b0c   0x08013b0c   0x00000154   Code   RO         9739    x$fpl$dmul          fz_wm.l(dmul.o)
    0x08013c60   0x08013c60   0x0000009c   Code   RO         9904    x$fpl$dnaninf       fz_wm.l(dnaninf.o)
    0x08013cfc   0x08013cfc   0x0000000c   Code   RO         9906    x$fpl$dretinf       fz_wm.l(dretinf.o)
    0x08013d08   0x08013d08   0x0000006c   Code   RO         9741    x$fpl$drleqf        fz_wm.l(drleqf.o)
    0x08013d74   0x08013d74   0x00000016   Code   RO         9722    x$fpl$drsb          fz_wm.l(daddsub_clz.o)
    0x08013d8a   0x08013d8a   0x00000002   PAD
    0x08013d8c   0x08013d8c   0x000001d4   Code   RO         9723    x$fpl$dsub          fz_wm.l(daddsub_clz.o)
    0x08013f60   0x08013f60   0x00000056   Code   RO         9743    x$fpl$f2d           fz_wm.l(f2d.o)
    0x08013fb6   0x08013fb6   0x00000060   Code   RO         9745    x$fpl$ffltll        fz_wm.l(ffltll_clz.o)
    0x08014016   0x08014016   0x0000008c   Code   RO         9908    x$fpl$fnaninf       fz_wm.l(fnaninf.o)
    0x080140a2   0x080140a2   0x0000000a   Code   RO         9991    x$fpl$fpinit        fz_wm.l(fpinit.o)
    0x080140ac   0x080140ac   0x0000000a   Code   RO         9910    x$fpl$fretinf       fz_wm.l(fretinf.o)
    0x080140b6   0x080140b6   0x00000000   Code   RO         9912    x$fpl$usenofp       fz_wm.l(usenofp.o)
    0x080140b6   0x080140b6   0x00000002   PAD
    0x080140b8   0x080140b8   0x0000008c   Data   RO          413    .constdata          freertos.o
    0x08014144   0x08014144   0x00000008   Data   RO         3503    .constdata          stm32f4xx_hal_dma.o
    0x0801414c   0x0801414c   0x00000018   Data   RO         5115    .constdata          system_stm32f4xx.o
    0x08014164   0x08014164   0x00000301   Data   RO         7196    .constdata          algorithmofcrc.o
    0x08014465   0x08014465   0x00000003   PAD
    0x08014468   0x08014468   0x00000090   Data   RO         7544    .constdata          quaternionekf.o
    0x080144f8   0x080144f8   0x0000000c   Data   RO         8415    .constdata          gimbal.o
    0x08014504   0x08014504   0x00000030   Data   RO         8520    .constdata          ins.o
    0x08014534   0x08014534   0x00000200   Data   RO         9152    .constdata          tof.o
    0x08014734   0x08014734   0x00000004   PAD
    0x08014738   0x08014738   0x00000098   Data   RO         9774    .constdata          m_wm.l(atan.o)
    0x080147d0   0x080147d0   0x00000040   Data   RO          414    .conststring        freertos.o
    0x08014810   0x08014810   0x00000804   Data   RO         9632    .rodata.sinTable_f32  arm_cortexM4lf_math.lib(arm_common_tables.o)
    0x08015014   0x08015014   0x00000020   Data   RO        10080    Region$$Table       anon$$obj.o


    Execution Region RW_IRAM1 (Exec base: 0x20000000, Load base: 0x08015034, Size: 0x0000ceb8, Max: 0x0001c000, ABSOLUTE, COMPRESSED[0x00000178])

    Exec Addr    Load Addr    Size         Type   Attr      Idx    E Section Name        Object

    0x20000000   COMPRESSED   0x00000014   Data   RW          415    .data               freertos.o
    0x20000014   COMPRESSED   0x00000004   Data   RW          564    .data               can.o
    0x20000018   COMPRESSED   0x0000004e   Data   RW         1051    .data               usbd_desc.o
    0x20000066   COMPRESSED   0x00000002   PAD
    0x20000068   COMPRESSED   0x00000014   Data   RW         1138    .data               usbd_cdc_if.o
    0x2000007c   COMPRESSED   0x00000009   Data   RW         3953    .data               stm32f4xx_hal.o
    0x20000085   COMPRESSED   0x00000003   PAD
    0x20000088   COMPRESSED   0x00000004   Data   RW         5116    .data               system_stm32f4xx.o
    0x2000008c   COMPRESSED   0x0000003c   Data   RW         5703    .data               tasks.o
    0x200000c8   COMPRESSED   0x00000014   Data   RW         6033    .data               timers.o
    0x200000dc   COMPRESSED   0x00000020   Data   RW         6564    .data               heap_4.o
    0x200000fc   COMPRESSED   0x0000000c   Data   RW         6620    .data               port.o
    0x20000108   COMPRESSED   0x00000001   Data   RW         6867    .data               usbd_ctlreq.o
    0x20000109   COMPRESSED   0x00000003   PAD
    0x2000010c   COMPRESSED   0x0000008a   Data   RW         7030    .data               usbd_cdc.o
    0x20000196   COMPRESSED   0x00000002   PAD
    0x20000198   COMPRESSED   0x00000008   Data   RW         7156    .data               tools.o
    0x200001a0   COMPRESSED   0x00000004   Data   RW         7197    .data               algorithmofcrc.o
    0x200001a4   COMPRESSED   0x00000004   Data   RW         7282    .data               kalman_filter.o
    0x200001a8   COMPRESSED   0x00000254   Data   RW         7422    .data               pid.o
    0x200003fc   COMPRESSED   0x000000d4   Data   RW         7545    .data               quaternionekf.o
    0x200004d0   COMPRESSED   0x0000000c   Data   RW         7787    .data               user_lib.o
    0x200004dc   COMPRESSED   0x00000004   PAD
    0x200004e0   COMPRESSED   0x00000038   Data   RW         7931    .data               bsp_dwt.o
    0x20000518   COMPRESSED   0x00000006   Data   RW         8109    .data               bsp_vtm.o
    0x2000051e   COMPRESSED   0x00000002   Data   RW         8173    .data               bsp_dt7.o
    0x20000520   COMPRESSED   0x0000001a   Data   RW         8220    .data               dm_motor.o
    0x2000053a   COMPRESSED   0x00000011   Data   RW         8344    .data               chassisget.o
    0x2000054b   COMPRESSED   0x00000010   Data   RW         8366    .data               chassissend.o
    0x2000055b   COMPRESSED   0x00000001   PAD
    0x2000055c   COMPRESSED   0x00000048   Data   RW         8521    .data               ins.o
    0x200005a4   COMPRESSED   0x00000004   Data   RW         8954    .data               bmi088middleware.o
    0x200005a8   COMPRESSED   0x00000048   Data   RW         9013    .data               bmi088driver.o
    0x200005f0   COMPRESSED   0x00000017   Data   RW         9153    .data               tof.o
    0x20000607   COMPRESSED   0x00000002   Data   RW         9262    .data               offline_task.o
    0x20000609   COMPRESSED   0x00000010   Data   RW         9313    .data               chassistask.o
    0x20000619   COMPRESSED   0x00000010   Data   RW         9375    .data               gimbaltask.o
    0x20000629   COMPRESSED   0x00000003   PAD
    0x2000062c        -       0x000006a8   Zero   RW          412    .bss                freertos.o
    0x20000cd4        -       0x00000050   Zero   RW          563    .bss                can.o
    0x20000d24        -       0x00000118   Zero   RW          635    .bss                spi.o
    0x20000e3c        -       0x00000090   Zero   RW          679    .bss                tim.o
    0x20000ecc        -       0x000001f8   Zero   RW          733    .bss                usart.o
    0x200010c4        -       0x00000048   Zero   RW          957    .bss                stm32f4xx_hal_timebase_tim.o
    0x2000110c        -       0x000002dc   Zero   RW          994    .bss                usb_device.o
    0x200013e8        -       0x00000200   Zero   RW         1050    .bss                usbd_desc.o
    0x200015e8        -       0x00001000   Zero   RW         1137    .bss                usbd_cdc_if.o
    0x200025e8        -       0x00000704   Zero   RW         1228    .bss                usbd_conf.o
    0x20002cec        -       0x00000040   Zero   RW         5323    .bss                queue.o
    0x20002d2c        -       0x000000f0   Zero   RW         5702    .bss                tasks.o
    0x20002e1c        -       0x00000110   Zero   RW         6032    .bss                timers.o
    0x20002f2c        -       0x000084d0   Zero   RW         6563    .bss                heap_4.o
    0x2000b3fc        -       0x00000158   Zero   RW         7122    .bss                debug.o
    0x2000b554   COMPRESSED   0x00000004   PAD
    0x2000b558        -       0x00000280   Zero   RW         7543    .bss                quaternionekf.o
    0x2000b7d8        -       0x00000018   Zero   RW         7930    .bss                bsp_dwt.o
    0x2000b7f0        -       0x0000004e   Zero   RW         8108    .bss                bsp_vtm.o
    0x2000b83e        -       0x00000064   Zero   RW         8172    .bss                bsp_dt7.o
    0x2000b8a2   COMPRESSED   0x00000006   PAD
    0x2000b8a8        -       0x000007e8   Zero   RW         8414    .bss                gimbal.o
    0x2000c090        -       0x00000158   Zero   RW         8519    .bss                ins.o
    0x2000c1e8        -       0x0000004a   Zero   RW         8593    .bss                pc_serial.o
    0x2000c232        -       0x0000002b   Zero   RW         8654    .bss                remote_control.o
    0x2000c25d   COMPRESSED   0x00000003   PAD
    0x2000c260        -       0x000001e8   Zero   RW         8835    .bss                frictionwheel.o
    0x2000c448        -       0x000001c0   Zero   RW         8883    .bss                togglebullet.o
    0x2000c608        -       0x00000040   Zero   RW         9012    .bss                bmi088driver.o
    0x2000c648        -       0x000001b8   Zero   RW         9091    .bss                lifting_control.o
    0x2000c800        -       0x0000001c   Zero   RW         9151    .bss                tof.o
    0x2000c81c        -       0x00000038   Zero   RW         9212    .bss                keymouse.o
    0x2000c854        -       0x00000060   Zero   RW         9950    .bss                c_w.l(libspace.o)
    0x2000c8b4   COMPRESSED   0x00000004   PAD
    0x2000c8b8        -       0x00000200   Zero   RW            2    HEAP                startup_stm32f407xx.o
    0x2000cab8        -       0x00000400   Zero   RW            1    STACK               startup_stm32f407xx.o


    Execution Region RW_IRAM2 (Exec base: 0x2001c000, Load base: 0x080151ac, Size: 0x00000000, Max: 0x00004000, ABSOLUTE)

    **** No section assigned to this execution region ****


==============================================================================

Image component sizes


      Code (inc. data)   RO Data    RW Data    ZI Data      Debug   Object Name

        80          8          0          0          0        978   actiontask.o
       164         14        769          4          0       3137   algorithmofcrc.o
      2890        182          0         72         64      10565   bmi088driver.o
       116         30          0          4          0       3484   bmi088middleware.o
       488         18          0          0          0       1970   bsp_buzzer.o
       930         62          0          0          0       4266   bsp_can.o
       674         56          0          2        100       4359   bsp_dt7.o
       604        112          0         56         24       5086   bsp_dwt.o
        40          8          0          0          0       1163   bsp_led.o
        58          0          0          0          0       1014   bsp_pwm.o
      1140         62          0          6         78       7597   bsp_vtm.o
       524         40          0          4         80       2666   can.o
        52          8          0         17          0       1618   chassisget.o
       250         30          0         16          0       2400   chassissend.o
       128         20          0         16          0       1379   chassistask.o
       118          0          0          0          0      22485   cmsis_os.o
        86          0          0          0        344       3014   debug.o
       968         54          0         26          0       3106   dm_motor.o
       152          6          0          0          0        914   dma.o
      1100         62          0          0          0       2302   dt7_controller.o
         0          0          0          0          0      19868   event_groups.o
       200         44        204         20       1704      26531   freertos.o
       552         60          0          0        488       3346   frictionwheel.o
      2192        370         12          0       2024       9598   gimbal.o
       192          4          0          0          0       1290   gimbalestimatetask.o
      1680        210          0         16          0       6361   gimbaltask.o
       344         16          0          0          0       1211   gpio.o
       724         74          0         32      34000       5095   heap_4.o
      1652        124         48         72        344       6532   ins.o
      3160         26          0          4          0       9287   kalman_filter.o
      1670        104          0          0         56       6020   keymouse.o
      1008        102          0          0        440       5296   lifting_control.o
       148          0          0          0          0       3794   list.o
       396         24          0          0          0       2348   m2006.o
       588         24          0          0          0       2644   m3508.o
       324         16          0          0          0     767006   main.o
        26          0          0          0          0        618   my_filter.o
       224         14          0          2          0       1097   offline_task.o
       232         46          0          0         74       4263   pc_serial.o
      2882         52          0        596          0      15219   pid.o
      1014         92          0         12          0      12505   port.o
      4368        228        144        212        640       8825   quaternionekf.o
      1918         20          0          0         64      17960   queue.o
       620         68          0          0         43      10612   remote_control.o
       416         38          0          0        280       2087   spi.o
        64         26        392          0       1536        884   startup_stm32f407xx.o
       136         24          0          9          0       8990   stm32f4xx_hal.o
      2142          4          0          0          0      14515   stm32f4xx_hal_can.o
       260         22          0          0          0      33786   stm32f4xx_hal_cortex.o
      1246         16          8          0          0       5639   stm32f4xx_hal_dma.o
       512         46          0          0          0       2228   stm32f4xx_hal_gpio.o
        84          6          0          0          0        938   stm32f4xx_hal_msp.o
      3562         16          0          0          0      14400   stm32f4xx_hal_pcd.o
        90          0          0          0          0       2585   stm32f4xx_hal_pcd_ex.o
      1888         94          0          0          0       6589   stm32f4xx_hal_rcc.o
      1136         12          0          0          0       4841   stm32f4xx_hal_spi.o
      2526        150          0          0          0      18203   stm32f4xx_hal_tim.o
       184         30          0          0          0       2677   stm32f4xx_hal_tim_ex.o
       180         18          0          0         72       1587   stm32f4xx_hal_timebase_tim.o
      1964         14          0          0          0      10096   stm32f4xx_hal_uart.o
       274         90          0          0          0      11164   stm32f4xx_it.o
      3908         84          0          0          0      24052   stm32f4xx_ll_usb.o
         0          0          0          0          0        384   stream_buffer.o
        20          6         24          4          0       1247   system_stm32f4xx.o
      3124        366          0         60        240      29820   tasks.o
       100         12          0          0          0       1497   td.o
       576         54          0          0        144       3403   tim.o
      1318        124          0         20        272      31259   timers.o
       564         72        512         23         28       6325   tof.o
       804         88          0          0        448       7330   togglebullet.o
        72         10          0          8          0        641   tools.o
       876         86          0          0        504       3641   usart.o
        76         16          0          0        732       2707   usb_device.o
      1772         52          0        138          0      14961   usbd_cdc.o
       224         26          0         20       4096       4624   usbd_cdc_if.o
      1004         24          0          0       1796      18700   usbd_conf.o
      1372          0          0          0          0      17445   usbd_core.o
      2366         30          0          1          0      18524   usbd_ctlreq.o
       386        122          0         78        512       7309   usbd_desc.o
       182          0          0          0          0       4988   usbd_ioreq.o
       536         12          0         12          0       3654   user_lib.o
       628         62          0          0          0       3040   vtm_controller.o
       180         10          0          0          0       1088   zerocheck.o

    ----------------------------------------------------------------------
     73500       4352       2152       1580      51240    1378677   Object Totals
         0          0         32          0          0          0   (incl. Generated)
        72          0          7         18         13          0   (incl. Padding)

    ----------------------------------------------------------------------

      Code (inc. data)   RO Data    RW Data    ZI Data      Debug   Library Member Name

         0          0       2052          0          0       6294   arm_common_tables.o
       152         12          0          0          0       1104   arm_cos_f32.o
       186          0          0          0          0       1797   arm_mat_add_f32.o
         8          0          0          0          0        841   arm_mat_init_f32.o
       756          4          0          0          0       3732   arm_mat_inverse_f32.o
       296          4          0          0          0       2300   arm_mat_mult_f32.o
       186          0          0          0          0       1795   arm_mat_sub_f32.o
       162          0          0          0          0       1865   arm_mat_trans_f32.o
       144         12          0          0          0       1092   arm_sin_f32.o
        90          0          0          0          0          0   __dczerorl2.o
         8          0          0          0          0         68   __main.o
         0          0          0          0          0          0   __rtentry.o
        12          0          0          0          0          0   __rtentry2.o
         6          0          0          0          0          0   __rtentry4.o
        52          8          0          0          0          0   __scatter.o
        28          0          0          0          0          0   __scatter_zi.o
        22          0          0          0          0        100   _rserrno.o
        16          0          0          0          0         68   aeabi_memset.o
        18          0          0          0          0         80   exit.o
         6          0          0          0          0        152   heapauxi.o
         0          0          0          0          0          0   indicate_semi.o
         2          0          0          0          0          0   libinit.o
         6          0          0          0          0          0   libinit2.o
         2          0          0          0          0          0   libshutdown.o
         2          0          0          0          0          0   libshutdown2.o
         8          4          0          0         96         68   libspace.o
       238          0          0          0          0        100   lludivv7m.o
         8          4          0          0          0         68   rt_errno_addr_intlibspace.o
        68          0          0          0          0         68   rt_memclr.o
        78          0          0          0          0         80   rt_memclr_w.o
       138          0          0          0          0         68   rt_memcpy_v6.o
       100          0          0          0          0         80   rt_memcpy_w.o
         2          0          0          0          0          0   rtexit.o
        10          0          0          0          0          0   rtexit2.o
        12          4          0          0          0         68   sys_exit.o
        74          0          0          0          0         80   sys_stackheap_outer.o
         2          0          0          0          0         68   use_no_semi.o
        24          0          0          0          0        164   basic.o
        98          4          0          0          0        140   d2f.o
       826         16          0          0          0        492   daddsub_clz.o
        24          0          0          0          0        116   dcmpi.o
       688        140          0          0          0        256   ddiv.o
        46          0          0          0          0        116   dflt_clz.o
       120          4          0          0          0        140   dleqf.o
       340         12          0          0          0        152   dmul.o
       156          4          0          0          0        140   dnaninf.o
        12          0          0          0          0        116   dretinf.o
       108          0          0          0          0        128   drleqf.o
        86          4          0          0          0        132   f2d.o
        96          0          0          0          0        132   ffltll_clz.o
       140          4          0          0          0        132   fnaninf.o
        10          0          0          0          0        116   fpinit.o
        10          0          0          0          0        116   fretinf.o
         0          0          0          0          0          0   usenofp.o
       280         46          0          0          0        176   acosf.o
       300         42          0          0          0        176   asinf.o
       728        106        152          0          0        228   atan.o
       592         90          0          0          0        184   atan2f.o
        52          8          0          0          0        248   dunder.o
        44          0          0          0          0        248   fabs.o
        48          0          0          0          0        124   fpclassify.o
        38          0          0          0          0        116   fpclassifyf.o
        44         12          0          0          0        464   funder.o
       248          0          0          0          0        152   poly.o
       120          0          0          0          0        272   sqrtf.o

    ----------------------------------------------------------------------
      8212        548       2204          0        100      27012   Library Totals
        36          4          0          0          4          0   (incl. Padding)

    ----------------------------------------------------------------------

      Code (inc. data)   RO Data    RW Data    ZI Data      Debug   Library Name

      1890         32       2052          0          0      20820   arm_cortexM4lf_math.lib
      1008         20          0          0         96       1216   c_w.l
      2784        188          0          0          0       2588   fz_wm.l
      2494        304        152          0          0       2388   m_wm.l

    ----------------------------------------------------------------------
      8212        548       2204          0        100      27012   Library Totals

    ----------------------------------------------------------------------

==============================================================================


      Code (inc. data)   RO Data    RW Data    ZI Data      Debug   

     81712       4900       4356       1580      51340    1350405   Grand Totals
     81712       4900       4356        376      51340    1350405   ELF Image Totals (compressed)
     81712       4900       4356        376          0          0   ROM Totals

==============================================================================

    Total RO  Size (Code + RO Data)                86068 (  84.05kB)
    Total RW  Size (RW Data + ZI Data)             52920 (  51.68kB)
    Total ROM Size (Code + RO Data + RW Data)      86444 (  84.42kB)

==============================================================================

